/miniconda3/lib/python3.12/site-packages/requests/__init__.py:113: RequestsDependencyWarning: urllib3 (2.5.0) or chardet (6.0.0.post1)/charset_normalizer (3.4.4) doesn't match a supported version!
  warnings.warn(
/data/venvs/llada/lib/python3.12/site-packages/transformers/utils/hub.py:110: FutureWarning: Using `TRANSFORMERS_CACHE` is deprecated and will be removed in v5 of Transformers. Use `HF_HOME` instead.
  warnings.warn(
`torch_dtype` is deprecated! Use `dtype` instead!
Loading checkpoint shards:   0%|          | 0/4 [00:00<?, ?it/s]Loading checkpoint shards:  25%|██▌       | 1/4 [00:00<00:01,  2.66it/s]Loading checkpoint shards:  50%|█████     | 2/4 [00:00<00:00,  2.66it/s]Loading checkpoint shards:  75%|███████▌  | 3/4 [00:01<00:00,  2.62it/s]Loading checkpoint shards: 100%|██████████| 4/4 [00:01<00:00,  2.74it/s]Loading checkpoint shards: 100%|██████████| 4/4 [00:01<00:00,  2.70it/s]
The following generation flags are not valid and may be ignored: ['temperature', 'top_p', 'top_k']. Set `TRANSFORMERS_VERBOSITY=info` for more details.
{"task": "arc_challenge", "id": "593", "gold": "A", "pred": "A", "correct": true}
{"task": "arc_challenge", "id": "171", "gold": "D", "pred": "D", "correct": true}
{"task": "arc_challenge", "id": "34", "gold": "A", "pred": "A", "correct": true}
{"task": "arc_challenge", "id": "628", "gold": "C", "pred": "C", "correct": true}
{"task": "arc_challenge", "id": "867", "gold": "C", "pred": "C", "correct": true}
{"task": "arc_challenge", "id": "776", "gold": "A", "pred": "A", "correct": true}
{"task": "arc_challenge", "id": "1085", "gold": "A", "pred": "A", "correct": true}
{"task": "arc_challenge", "id": "733", "gold": "C", "pred": "C", "correct": true}
{"task": "arc_challenge", "id": "266", "gold": "A", "pred": "A", "correct": true}
{"task": "arc_challenge", "id": "393", "gold": "B", "pred": "D", "correct": false}
{"task": "arc_challenge", "id": "547", "gold": "C", "pred": "C", "correct": true}
{"task": "arc_challenge", "id": "910", "gold": "D", "pred": "D", "correct": true}
{"task": "arc_challenge", "id": "28", "gold": "C", "pred": "C", "correct": true}
{"task": "arc_challenge", "id": "452", "gold": "D", "pred": "B", "correct": false}
{"task": "arc_challenge", "id": "931", "gold": "B", "pred": "C", "correct": false}
{"task": "arc_challenge", "id": "50", "gold": "D", "pred": "D", "correct": true}
{"task": "arc_challenge", "id": "216", "gold": "D", "pred": "D", "correct": true}
{"task": "arc_challenge", "id": "175", "gold": "A", "pred": "A", "correct": true}
{"task": "arc_challenge", "id": "1020", "gold": "C", "pred": "C", "correct": true}
{"task": "arc_challenge", "id": "862", "gold": "D", "pred": "D", "correct": true}
{"task": "arc_challenge", "id": "40", "gold": "C", "pred": "C", "correct": true}
{"task": "arc_challenge", "id": "1049", "gold": "A", "pred": "A", "correct": true}
{"task": "arc_challenge", "id": "883", "gold": "C", "pred": "C", "correct": true}
{"task": "arc_challenge", "id": "735", "gold": "D", "pred": "D", "correct": true}
{"task": "arc_challenge", "id": "117", "gold": "C", "pred": "C", "correct": true}
{"task": "arc_challenge", "id": "421", "gold": "C", "pred": "C", "correct": true}
{"task": "arc_challenge", "id": "72", "gold": "B", "pred": "B", "correct": true}
{"task": "arc_challenge", "id": "755", "gold": "D", "pred": "C", "correct": false}
{"task": "arc_challenge", "id": "352", "gold": "D", "pred": "D", "correct": true}
{"task": "arc_challenge", "id": "442", "gold": "A", "pred": "A", "correct": true}
{"task": "arc_challenge", "id": "742", "gold": "B", "pred": "B", "correct": true}
{"task": "arc_challenge", "id": "1158", "gold": "A", "pred": "A", "correct": true}
{"task": "arc_challenge", "id": "1171", "gold": "A", "pred": "A", "correct": true}
{"task": "arc_challenge", "id": "576", "gold": "A", "pred": "A", "correct": true}
{"task": "arc_challenge", "id": "643", "gold": "B", "pred": "B", "correct": true}
{"task": "arc_challenge", "id": "970", "gold": "A", "pred": "A", "correct": true}
{"task": "arc_challenge", "id": "363", "gold": "A", "pred": "A", "correct": true}
{"task": "arc_challenge", "id": "989", "gold": "D", "pred": "D", "correct": true}
{"task": "arc_challenge", "id": "916", "gold": "B", "pred": "B", "correct": true}
{"task": "arc_challenge", "id": "335", "gold": "D", "pred": "D", "correct": true}
{"task": "arc_challenge", "id": "372", "gold": "B", "pred": "B", "correct": true}
{"task": "arc_challenge", "id": "365", "gold": "B", "pred": "B", "correct": true}
{"task": "arc_challenge", "id": "1092", "gold": "B", "pred": "B", "correct": true}
{"task": "arc_challenge", "id": "662", "gold": "C", "pred": "C", "correct": true}
{"task": "arc_challenge", "id": "1065", "gold": "C", "pred": "C", "correct": true}
{"task": "arc_challenge", "id": "400", "gold": "C", "pred": "C", "correct": true}
{"task": "arc_challenge", "id": "234", "gold": "C", "pred": "C", "correct": true}
{"task": "arc_challenge", "id": "168", "gold": "A", "pred": "A", "correct": true}
{"task": "arc_challenge", "id": "201", "gold": "C", "pred": "C", "correct": true}
{"task": "arc_challenge", "id": "872", "gold": "C", "pred": "C", "correct": true}
{"task": "arc_challenge", "id": "79", "gold": "A", "pred": "A", "correct": true}
{"task": "arc_challenge", "id": "1163", "gold": "B", "pred": "A", "correct": false}
{"task": "arc_challenge", "id": "564", "gold": "B", "pred": "B", "correct": true}
{"task": "arc_challenge", "id": "574", "gold": "B", "pred": "B", "correct": true}
{"task": "arc_challenge", "id": "677", "gold": "A", "pred": "D", "correct": false}
{"task": "arc_challenge", "id": "223", "gold": "A", "pred": "A", "correct": true}
{"task": "arc_challenge", "id": "757", "gold": "C", "pred": "C", "correct": true}
{"task": "arc_challenge", "id": "590", "gold": "A", "pred": "A", "correct": true}
{"task": "arc_challenge", "id": "1110", "gold": "D", "pred": "D", "correct": true}
{"task": "arc_challenge", "id": "624", "gold": "B", "pred": "B", "correct": true}
{"task": "arc_challenge", "id": "1124", "gold": "C", "pred": "C", "correct": true}
{"task": "arc_challenge", "id": "447", "gold": "D", "pred": "C", "correct": false}
{"task": "arc_challenge", "id": "529", "gold": "B", "pred": "B", "correct": true}
{"task": "arc_challenge", "id": "306", "gold": "D", "pred": "D", "correct": true}
{"task": "arc_challenge", "id": "219", "gold": "B", "pred": "B", "correct": true}
{"task": "arc_challenge", "id": "244", "gold": "B", "pred": "B", "correct": true}
{"task": "arc_challenge", "id": "1009", "gold": "A", "pred": "A", "correct": true}
{"task": "arc_challenge", "id": "487", "gold": "D", "pred": "D", "correct": true}
{"task": "arc_challenge", "id": "672", "gold": "D", "pred": "D", "correct": true}
{"task": "arc_challenge", "id": "1117", "gold": "C", "pred": "C", "correct": true}
{"task": "arc_challenge", "id": "291", "gold": "B", "pred": "B", "correct": true}
{"task": "arc_challenge", "id": "205", "gold": "C", "pred": "C", "correct": true}
{"task": "arc_challenge", "id": "784", "gold": "D", "pred": "D", "correct": true}
{"task": "arc_challenge", "id": "342", "gold": "B", "pred": "B", "correct": true}
{"task": "arc_challenge", "id": "920", "gold": "A", "pred": "A", "correct": true}
{"task": "arc_challenge", "id": "69", "gold": "A", "pred": "B", "correct": false}
{"task": "arc_challenge", "id": "114", "gold": "B", "pred": "B", "correct": true}
{"task": "arc_challenge", "id": "852", "gold": "B", "pred": "B", "correct": true}
{"task": "arc_challenge", "id": "805", "gold": "B", "pred": "B", "correct": true}
{"task": "arc_challenge", "id": "47", "gold": "C", "pred": "C", "correct": true}
{"task": "arc_challenge", "id": "332", "gold": "A", "pred": "A", "correct": true}
{"task": "arc_challenge", "id": "462", "gold": "B", "pred": "B", "correct": true}
{"task": "arc_challenge", "id": "26", "gold": "B", "pred": "D", "correct": false}
{"task": "arc_challenge", "id": "455", "gold": "B", "pred": "B", "correct": true}
{"task": "arc_challenge", "id": "116", "gold": "B", "pred": "B", "correct": true}
{"task": "arc_challenge", "id": "1103", "gold": "A", "pred": "A", "correct": true}
{"task": "arc_challenge", "id": "911", "gold": "D", "pred": "A", "correct": false}
{"task": "arc_challenge", "id": "190", "gold": "C", "pred": "C", "correct": true}
{"task": "arc_challenge", "id": "708", "gold": "B", "pred": "B", "correct": true}
{"task": "arc_challenge", "id": "32", "gold": "A", "pred": "A", "correct": true}
{"task": "arc_challenge", "id": "772", "gold": "C", "pred": "C", "correct": true}
{"task": "arc_challenge", "id": "1004", "gold": "C", "pred": "B", "correct": false}
{"task": "arc_challenge", "id": "395", "gold": "C", "pred": "C", "correct": true}
{"task": "arc_challenge", "id": "75", "gold": "A", "pred": "A", "correct": true}
{"task": "arc_challenge", "id": "155", "gold": "D", "pred": "D", "correct": true}
{"task": "arc_challenge", "id": "541", "gold": "C", "pred": "C", "correct": true}
{"task": "arc_challenge", "id": "954", "gold": "C", "pred": "C", "correct": true}
{"task": "arc_challenge", "id": "1122", "gold": "A", "pred": "A", "correct": true}
{"task": "arc_challenge", "id": "402", "gold": "C", "pred": "C", "correct": true}
{"task": "arc_challenge", "id": "940", "gold": "B", "pred": "B", "correct": true}
{"task": "arc_challenge", "id": "605", "gold": "A", "pred": "C", "correct": false}
{"task": "arc_challenge", "id": "187", "gold": "A", "pred": "A", "correct": true}
{"task": "arc_challenge", "id": "211", "gold": "D", "pred": "A", "correct": false}
{"task": "arc_challenge", "id": "1139", "gold": "C", "pred": "C", "correct": true}
{"task": "arc_challenge", "id": "1083", "gold": "A", "pred": "A", "correct": true}
{"task": "arc_challenge", "id": "347", "gold": "C", "pred": "C", "correct": true}
{"task": "arc_challenge", "id": "1113", "gold": "B", "pred": "B", "correct": true}
{"task": "arc_challenge", "id": "1142", "gold": "D", "pred": "D", "correct": true}
{"task": "arc_challenge", "id": "488", "gold": "B", "pred": "B", "correct": true}
{"task": "arc_challenge", "id": "518", "gold": "C", "pred": "B", "correct": false}
{"task": "arc_challenge", "id": "204", "gold": "D", "pred": "C", "correct": false}
{"task": "arc_challenge", "id": "863", "gold": "D", "pred": "D", "correct": true}
{"task": "arc_challenge", "id": "337", "gold": "B", "pred": "B", "correct": true}
{"task": "arc_challenge", "id": "24", "gold": "B", "pred": "B", "correct": true}
{"task": "arc_challenge", "id": "702", "gold": "C", "pred": "C", "correct": true}
{"task": "arc_challenge", "id": "848", "gold": "B", "pred": "B", "correct": true}
{"task": "arc_challenge", "id": "338", "gold": "A", "pred": "A", "correct": true}
{"task": "arc_challenge", "id": "845", "gold": "B", "pred": "B", "correct": true}
{"task": "arc_challenge", "id": "142", "gold": "A", "pred": "A", "correct": true}
{"task": "arc_challenge", "id": "604", "gold": "D", "pred": "D", "correct": true}
{"task": "arc_challenge", "id": "870", "gold": "D", "pred": "D", "correct": true}
{"task": "arc_challenge", "id": "838", "gold": "D", "pred": "D", "correct": true}
{"task": "arc_challenge", "id": "612", "gold": "C", "pred": "C", "correct": true}
{"task": "arc_challenge", "id": "1140", "gold": "A", "pred": "A", "correct": true}
{"task": "arc_challenge", "id": "1126", "gold": "A", "pred": "A", "correct": true}
{"task": "arc_challenge", "id": "105", "gold": "B", "pred": "B", "correct": true}
{"task": "arc_challenge", "id": "583", "gold": "B", "pred": "B", "correct": true}
{"task": "arc_challenge", "id": "222", "gold": "A", "pred": "C", "correct": false}
{"task": "arc_challenge", "id": "51", "gold": "C", "pred": "C", "correct": true}
{"task": "arc_challenge", "id": "285", "gold": "C", "pred": "C", "correct": true}
{"task": "arc_challenge", "id": "680", "gold": "D", "pred": "D", "correct": true}
{"task": "arc_challenge", "id": "1145", "gold": "B", "pred": "B", "correct": true}
{"task": "arc_challenge", "id": "881", "gold": "D", "pred": "D", "correct": true}
{"task": "arc_challenge", "id": "508", "gold": "C", "pred": "C", "correct": true}
{"task": "arc_challenge", "id": "160", "gold": "A", "pred": "A", "correct": true}
{"task": "arc_challenge", "id": "691", "gold": "A", "pred": "A", "correct": true}
{"task": "arc_challenge", "id": "1151", "gold": "C", "pred": "C", "correct": true}
{"task": "arc_challenge", "id": "1109", "gold": "D", "pred": "D", "correct": true}
{"task": "arc_challenge", "id": "232", "gold": "A", "pred": "A", "correct": true}
{"task": "arc_challenge", "id": "481", "gold": "C", "pred": "C", "correct": true}
{"task": "arc_challenge", "id": "1148", "gold": "B", "pred": "B", "correct": true}
{"task": "arc_challenge", "id": "964", "gold": "D", "pred": "D", "correct": true}
{"task": "arc_challenge", "id": "557", "gold": "B", "pred": "B", "correct": true}
{"task": "arc_challenge", "id": "8", "gold": "B", "pred": "B", "correct": true}
{"task": "arc_challenge", "id": "692", "gold": "A", "pred": "A", "correct": true}
{"task": "arc_challenge", "id": "48", "gold": "C", "pred": "C", "correct": true}
{"task": "arc_challenge", "id": "290", "gold": "D", "pred": "A", "correct": false}
{"task": "arc_challenge", "id": "822", "gold": "D", "pred": "D", "correct": true}
{"task": "arc_challenge", "id": "416", "gold": "A", "pred": "A", "correct": true}
{"task": "arc_challenge", "id": "61", "gold": "B", "pred": "B", "correct": true}
{"task": "arc_challenge", "id": "354", "gold": "D", "pred": "D", "correct": true}
{"task": "arc_challenge", "id": "865", "gold": "C", "pred": "B", "correct": false}
{"task": "arc_challenge", "id": "167", "gold": "B", "pred": "B", "correct": true}
{"task": "arc_challenge", "id": "860", "gold": "C", "pred": "C", "correct": true}
{"task": "arc_challenge", "id": "567", "gold": "C", "pred": "C", "correct": true}
{"task": "arc_challenge", "id": "983", "gold": "C", "pred": "C", "correct": true}
{"task": "arc_challenge", "id": "1104", "gold": "C", "pred": "C", "correct": true}
{"task": "arc_challenge", "id": "1138", "gold": "D", "pred": "D", "correct": true}
{"task": "arc_challenge", "id": "1077", "gold": "D", "pred": "D", "correct": true}
{"task": "arc_challenge", "id": "1090", "gold": "A", "pred": "A", "correct": true}
{"task": "arc_challenge", "id": "609", "gold": "C", "pred": "C", "correct": true}
{"task": "arc_challenge", "id": "543", "gold": "C", "pred": "C", "correct": true}
{"task": "arc_challenge", "id": "176", "gold": "A", "pred": "A", "correct": true}
{"task": "arc_challenge", "id": "463", "gold": "C", "pred": "C", "correct": true}
{"task": "arc_challenge", "id": "127", "gold": "B", "pred": "B", "correct": true}
{"task": "arc_challenge", "id": "1019", "gold": "A", "pred": "A", "correct": true}
{"task": "arc_challenge", "id": "36", "gold": "B", "pred": "B", "correct": true}
{"task": "arc_challenge", "id": "935", "gold": "D", "pred": "D", "correct": true}
{"task": "arc_challenge", "id": "843", "gold": "D", "pred": "D", "correct": true}
{"task": "arc_challenge", "id": "597", "gold": "A", "pred": "C", "correct": false}
{"task": "arc_challenge", "id": "654", "gold": "B", "pred": "C", "correct": false}
{"task": "arc_challenge", "id": "834", "gold": "A", "pred": "A", "correct": true}
{"task": "arc_challenge", "id": "715", "gold": "D", "pred": "D", "correct": true}
{"task": "arc_challenge", "id": "618", "gold": "B", "pred": "B", "correct": true}
{"task": "arc_challenge", "id": "560", "gold": "C", "pred": "C", "correct": true}
{"task": "arc_challenge", "id": "698", "gold": "B", "pred": "B", "correct": true}
{"task": "arc_challenge", "id": "328", "gold": "A", "pred": "A", "correct": true}
{"task": "arc_challenge", "id": "793", "gold": "B", "pred": "B", "correct": true}
{"task": "arc_challenge", "id": "87", "gold": "D", "pred": "D", "correct": true}
{"task": "arc_challenge", "id": "859", "gold": "B", "pred": "A", "correct": false}
{"task": "arc_challenge", "id": "978", "gold": "B", "pred": "B", "correct": true}
{"task": "arc_challenge", "id": "1134", "gold": "C", "pred": "C", "correct": true}
{"task": "arc_challenge", "id": "523", "gold": "A", "pred": "A", "correct": true}
{"task": "arc_challenge", "id": "569", "gold": "D", "pred": "D", "correct": true}
{"task": "arc_challenge", "id": "182", "gold": "C", "pred": "D", "correct": false}
{"task": "arc_challenge", "id": "786", "gold": "C", "pred": "B", "correct": false}
{"task": "arc_challenge", "id": "444", "gold": "B", "pred": "B", "correct": true}
{"task": "arc_challenge", "id": "540", "gold": "C", "pred": "C", "correct": true}
{"task": "arc_challenge", "id": "299", "gold": "A", "pred": "A", "correct": true}
{"task": "arc_challenge", "id": "1029", "gold": "D", "pred": "D", "correct": true}
{"task": "arc_challenge", "id": "759", "gold": "B", "pred": "B", "correct": true}
{"task": "arc_challenge", "id": "226", "gold": "C", "pred": "C", "correct": true}
{"task": "arc_challenge", "id": "947", "gold": "C", "pred": "C", "correct": true}
{"task": "arc_challenge", "id": "247", "gold": "C", "pred": "C", "correct": true}
{"task": "arc_challenge", "id": "568", "gold": "D", "pred": "D", "correct": true}
{"task": "arc_challenge", "id": "1159", "gold": "A", "pred": "A", "correct": true}
{"task": "arc_challenge", "id": "905", "gold": "D", "pred": "D", "correct": true}
{"task": "arc_challenge", "id": "15", "gold": "A", "pred": "A", "correct": true}
{"task": "arc_challenge", "id": "530", "gold": "D", "pred": "D", "correct": true}
{"task": "arc_challenge", "id": "227", "gold": "B", "pred": "B", "correct": true}
{"task": "arc_challenge", "id": "507", "gold": "B", "pred": "B", "correct": true}
{"task": "arc_challenge", "id": "1154", "gold": "D", "pred": "D", "correct": true}
{"task": "arc_challenge", "id": "961", "gold": "B", "pred": "B", "correct": true}
{"task": "arc_challenge", "id": "833", "gold": "D", "pred": "D", "correct": true}
{"task": "arc_challenge", "id": "163", "gold": "B", "pred": "B", "correct": true}
{"task": "arc_challenge", "id": "410", "gold": "B", "pred": "B", "correct": true}
{"task": "arc_challenge", "id": "741", "gold": "D", "pred": "D", "correct": true}
{"task": "arc_challenge", "id": "1157", "gold": "C", "pred": "C", "correct": true}
{"task": "arc_challenge", "id": "300", "gold": "D", "pred": "A", "correct": false}
{"task": "arc_challenge", "id": "185", "gold": "C", "pred": "C", "correct": true}
{"task": "arc_challenge", "id": "369", "gold": "D", "pred": "D", "correct": true}
{"task": "arc_challenge", "id": "1042", "gold": "A", "pred": "A", "correct": true}
{"task": "arc_challenge", "id": "810", "gold": "C", "pred": "C", "correct": true}
{"task": "arc_challenge", "id": "739", "gold": "C", "pred": "C", "correct": true}
{"task": "arc_challenge", "id": "600", "gold": "B", "pred": "B", "correct": true}
{"task": "arc_challenge", "id": "83", "gold": "D", "pred": "D", "correct": true}
{"task": "arc_challenge", "id": "246", "gold": "A", "pred": "A", "correct": true}
{"task": "arc_challenge", "id": "373", "gold": "A", "pred": "A", "correct": true}
{"task": "arc_challenge", "id": "39", "gold": "B", "pred": "B", "correct": true}
{"task": "arc_challenge", "id": "278", "gold": "D", "pred": "D", "correct": true}
{"task": "arc_challenge", "id": "284", "gold": "B", "pred": "B", "correct": true}
{"task": "arc_challenge", "id": "603", "gold": "D", "pred": "D", "correct": true}
{"task": "arc_challenge", "id": "960", "gold": "C", "pred": "C", "correct": true}
{"task": "arc_challenge", "id": "1166", "gold": "B", "pred": "B", "correct": true}
{"task": "arc_challenge", "id": "97", "gold": "B", "pred": "B", "correct": true}
{"task": "arc_challenge", "id": "88", "gold": "C", "pred": "B", "correct": false}
{"task": "arc_challenge", "id": "209", "gold": "C", "pred": "C", "correct": true}
{"task": "arc_challenge", "id": "669", "gold": "C", "pred": "C", "correct": true}
{"task": "arc_challenge", "id": "60", "gold": "D", "pred": "D", "correct": true}
{"task": "arc_challenge", "id": "274", "gold": "B", "pred": "B", "correct": true}
{"task": "arc_challenge", "id": "717", "gold": "C", "pred": "A", "correct": false}
{"task": "arc_challenge", "id": "189", "gold": "C", "pred": "C", "correct": true}
{"task": "arc_challenge", "id": "327", "gold": "D", "pred": "D", "correct": true}
{"task": "arc_challenge", "id": "438", "gold": "A", "pred": "A", "correct": true}
{"task": "arc_challenge", "id": "422", "gold": "B", "pred": "B", "correct": true}
{"task": "arc_challenge", "id": "873", "gold": "B", "pred": "C", "correct": false}
{"task": "arc_challenge", "id": "648", "gold": "B", "pred": "B", "correct": true}
{"task": "arc_challenge", "id": "893", "gold": "C", "pred": "C", "correct": true}
{"task": "arc_challenge", "id": "1088", "gold": "A", "pred": "A", "correct": true}
{"task": "arc_challenge", "id": "449", "gold": "D", "pred": "D", "correct": true}
{"task": "arc_challenge", "id": "638", "gold": "C", "pred": "C", "correct": true}
{"task": "arc_challenge", "id": "934", "gold": "B", "pred": "B", "correct": true}
{"task": "arc_challenge", "id": "264", "gold": "B", "pred": "B", "correct": true}
{"task": "arc_challenge", "id": "730", "gold": "B", "pred": "B", "correct": true}
{"task": "arc_challenge", "id": "778", "gold": "B", "pred": "B", "correct": true}
{"task": "arc_challenge", "id": "635", "gold": "B", "pred": "B", "correct": true}
{"task": "arc_challenge", "id": "80", "gold": "D", "pred": "D", "correct": true}
{"task": "arc_challenge", "id": "1006", "gold": "D", "pred": "D", "correct": true}
{"task": "arc_challenge", "id": "809", "gold": "D", "pred": "D", "correct": true}
{"task": "arc_challenge", "id": "430", "gold": "A", "pred": "A", "correct": true}
{"task": "arc_challenge", "id": "1095", "gold": "B", "pred": "A", "correct": false}
{"task": "arc_challenge", "id": "331", "gold": "C", "pred": "C", "correct": true}
{"task": "arc_challenge", "id": "431", "gold": "D", "pred": "D", "correct": true}
{"task": "arc_challenge", "id": "646", "gold": "C", "pred": "C", "correct": true}
{"task": "arc_challenge", "id": "119", "gold": "C", "pred": "C", "correct": true}
{"task": "arc_challenge", "id": "875", "gold": "A", "pred": "A", "correct": true}
{"task": "arc_challenge", "id": "967", "gold": "C", "pred": "B", "correct": false}
{"task": "arc_challenge", "id": "750", "gold": "D", "pred": "D", "correct": true}
{"task": "arc_challenge", "id": "503", "gold": "A", "pred": "D", "correct": false}
{"task": "arc_challenge", "id": "645", "gold": "A", "pred": "A", "correct": true}
{"task": "arc_challenge", "id": "71", "gold": "C", "pred": "C", "correct": true}
{"task": "arc_challenge", "id": "606", "gold": "B", "pred": "B", "correct": true}
{"task": "arc_challenge", "id": "912", "gold": "A", "pred": "A", "correct": true}
{"task": "arc_challenge", "id": "816", "gold": "A", "pred": "A", "correct": true}
{"task": "arc_challenge", "id": "752", "gold": "D", "pred": "C", "correct": false}
{"task": "arc_challenge", "id": "33", "gold": "C", "pred": "C", "correct": true}
{"task": "arc_challenge", "id": "1098", "gold": "B", "pred": "A", "correct": false}
{"task": "arc_challenge", "id": "901", "gold": "B", "pred": "B", "correct": true}
{"task": "arc_challenge", "id": "389", "gold": "A", "pred": "A", "correct": true}
{"task": "arc_challenge", "id": "128", "gold": "D", "pred": "D", "correct": true}
{"task": "arc_challenge", "id": "6", "gold": "C", "pred": "C", "correct": true}
{"task": "arc_challenge", "id": "801", "gold": "C", "pred": "C", "correct": true}
{"task": "arc_challenge", "id": "783", "gold": "B", "pred": "B", "correct": true}
{"task": "arc_challenge", "id": "521", "gold": "D", "pred": "D", "correct": true}
{"task": "arc_challenge", "id": "799", "gold": "C", "pred": "C", "correct": true}
{"task": "arc_challenge", "id": "558", "gold": "D", "pred": "D", "correct": true}
{"task": "arc_challenge", "id": "345", "gold": "B", "pred": "B", "correct": true}
{"task": "arc_challenge", "id": "294", "gold": "C", "pred": "C", "correct": true}
{"task": "arc_challenge", "id": "130", "gold": "B", "pred": "B", "correct": true}
{"task": "arc_challenge", "id": "1053", "gold": "A", "pred": "A", "correct": true}
{"task": "arc_challenge", "id": "950", "gold": "D", "pred": "D", "correct": true}
{"task": "arc_challenge", "id": "1111", "gold": "C", "pred": "C", "correct": true}
{"task": "arc_challenge", "id": "248", "gold": "B", "pred": "B", "correct": true}
{"task": "arc_challenge", "id": "138", "gold": "A", "pred": "A", "correct": true}
{"task": "arc_challenge", "id": "969", "gold": "B", "pred": "B", "correct": true}
{"task": "arc_challenge", "id": "298", "gold": "B", "pred": "B", "correct": true}
{"task": "arc_challenge", "id": "633", "gold": "B", "pred": "B", "correct": true}
{"task": "arc_challenge", "id": "240", "gold": "D", "pred": "D", "correct": true}
{"task": "arc_challenge", "id": "427", "gold": "B", "pred": "B", "correct": true}
{"task": "arc_challenge", "id": "404", "gold": "A", "pred": "C", "correct": false}
{"task": "arc_challenge", "id": "711", "gold": "C", "pred": "C", "correct": true}
{"task": "arc_challenge", "id": "639", "gold": "D", "pred": "D", "correct": true}
{"task": "arc_challenge", "id": "550", "gold": "D", "pred": "D", "correct": true}
{"task": "arc_challenge", "id": "582", "gold": "A", "pred": "A", "correct": true}
{"task": "arc_challenge", "id": "1010", "gold": "D", "pred": "D", "correct": true}
{"task": "arc_challenge", "id": "1118", "gold": "A", "pred": "A", "correct": true}
{"task": "arc_challenge", "id": "45", "gold": "B", "pred": "B", "correct": true}
{"task": "arc_challenge", "id": "450", "gold": "B", "pred": "B", "correct": true}
{"task": "arc_challenge", "id": "313", "gold": "C", "pred": "C", "correct": true}
{"task": "arc_challenge", "id": "129", "gold": "C", "pred": "C", "correct": true}
{"task": "hellaswag", "id": "4749", "gold": "B", "pred": "C", "correct": false}
{"task": "hellaswag", "id": "1368", "gold": "A", "pred": "A", "correct": true}
{"task": "hellaswag", "id": "279", "gold": "A", "pred": "D", "correct": false}
{"task": "hellaswag", "id": "9699", "gold": "C", "pred": "C", "correct": true}
{"task": "hellaswag", "id": "5025", "gold": "C", "pred": "C", "correct": true}
{"task": "hellaswag", "id": "6942", "gold": "C", "pred": "C", "correct": true}
{"task": "hellaswag", "id": "6212", "gold": "B", "pred": "B", "correct": true}
{"task": "hellaswag", "id": "8684", "gold": "B", "pred": "B", "correct": true}
{"task": "hellaswag", "id": "5866", "gold": "B", "pred": "B", "correct": true}
{"task": "hellaswag", "id": "2134", "gold": "B", "pred": "B", "correct": true}
{"task": "hellaswag", "id": "3145", "gold": "D", "pred": "A", "correct": false}
{"task": "hellaswag", "id": "4380", "gold": "A", "pred": "C", "correct": false}
{"task": "hellaswag", "id": "7283", "gold": "B", "pred": "D", "correct": false}
{"task": "hellaswag", "id": "230", "gold": "B", "pred": "B", "correct": true}
{"task": "hellaswag", "id": "3621", "gold": "A", "pred": "A", "correct": true}
{"task": "hellaswag", "id": "7455", "gold": "D", "pred": "A", "correct": false}
{"task": "hellaswag", "id": "405", "gold": "C", "pred": "C", "correct": true}
{"task": "hellaswag", "id": "1735", "gold": "A", "pred": "A", "correct": true}
{"task": "hellaswag", "id": "1405", "gold": "C", "pred": "D", "correct": false}
{"task": "hellaswag", "id": "8163", "gold": "A", "pred": "A", "correct": true}
{"task": "hellaswag", "id": "6901", "gold": "B", "pred": "B", "correct": true}
{"task": "hellaswag", "id": "320", "gold": "D", "pred": "D", "correct": true}
{"task": "hellaswag", "id": "8398", "gold": "B", "pred": "B", "correct": true}
{"task": "hellaswag", "id": "7066", "gold": "A", "pred": "A", "correct": true}
{"task": "hellaswag", "id": "5881", "gold": "A", "pred": "A", "correct": true}
{"task": "hellaswag", "id": "942", "gold": "C", "pred": "C", "correct": true}
{"task": "hellaswag", "id": "3368", "gold": "C", "pred": "C", "correct": true}
{"task": "hellaswag", "id": "578", "gold": "D", "pred": "B", "correct": false}
{"task": "hellaswag", "id": "9652", "gold": "D", "pred": "D", "correct": true}
{"task": "hellaswag", "id": "6047", "gold": "B", "pred": "B", "correct": true}
{"task": "hellaswag", "id": "2816", "gold": "C", "pred": "A", "correct": false}
{"task": "hellaswag", "id": "3539", "gold": "B", "pred": "B", "correct": true}
{"task": "hellaswag", "id": "5943", "gold": "B", "pred": "A", "correct": false}
{"task": "hellaswag", "id": "9265", "gold": "B", "pred": "B", "correct": true}
{"task": "hellaswag", "id": "6040", "gold": "C", "pred": "C", "correct": true}
{"task": "hellaswag", "id": "9372", "gold": "B", "pred": "B", "correct": true}
{"task": "hellaswag", "id": "4608", "gold": "C", "pred": "C", "correct": true}
{"task": "hellaswag", "id": "5150", "gold": "B", "pred": "B", "correct": true}
{"task": "hellaswag", "id": "9387", "gold": "C", "pred": "C", "correct": true}
{"task": "hellaswag", "id": "1404", "gold": "D", "pred": "D", "correct": true}
{"task": "hellaswag", "id": "7767", "gold": "B", "pred": "B", "correct": true}
{"task": "hellaswag", "id": "2910", "gold": "C", "pred": "C", "correct": true}
{"task": "hellaswag", "id": "7914", "gold": "B", "pred": "A", "correct": false}
{"task": "hellaswag", "id": "9676", "gold": "D", "pred": "D", "correct": true}
{"task": "hellaswag", "id": "7331", "gold": "A", "pred": "A", "correct": true}
{"task": "hellaswag", "id": "2680", "gold": "C", "pred": "C", "correct": true}
{"task": "hellaswag", "id": "2982", "gold": "B", "pred": "B", "correct": true}
{"task": "hellaswag", "id": "2925", "gold": "B", "pred": "B", "correct": true}
{"task": "hellaswag", "id": "8742", "gold": "D", "pred": "D", "correct": true}
{"task": "hellaswag", "id": "5298", "gold": "D", "pred": "D", "correct": true}
{"task": "hellaswag", "id": "8520", "gold": "A", "pred": "A", "correct": true}
{"task": "hellaswag", "id": "3204", "gold": "C", "pred": "C", "correct": true}
{"task": "hellaswag", "id": "9540", "gold": "A", "pred": "A", "correct": true}
{"task": "hellaswag", "id": "1872", "gold": "C", "pred": "C", "correct": true}
{"task": "hellaswag", "id": "1348", "gold": "B", "pred": "B", "correct": true}
{"task": "hellaswag", "id": "1615", "gold": "D", "pred": "D", "correct": true}
{"task": "hellaswag", "id": "6981", "gold": "C", "pred": "C", "correct": true}
{"task": "hellaswag", "id": "637", "gold": "B", "pred": "C", "correct": false}
{"task": "hellaswag", "id": "9306", "gold": "D", "pred": "D", "correct": true}
{"task": "hellaswag", "id": "4514", "gold": "C", "pred": "C", "correct": true}
{"task": "hellaswag", "id": "9385", "gold": "B", "pred": "B", "correct": true}
{"task": "hellaswag", "id": "4597", "gold": "A", "pred": "A", "correct": true}
{"task": "hellaswag", "id": "9665", "gold": "B", "pred": "B", "correct": true}
{"task": "hellaswag", "id": "5419", "gold": "D", "pred": "D", "correct": true}
{"task": "hellaswag", "id": "1786", "gold": "D", "pred": "D", "correct": true}
{"task": "hellaswag", "id": "6056", "gold": "A", "pred": "B", "correct": false}
{"task": "hellaswag", "id": "4726", "gold": "A", "pred": "A", "correct": true}
{"task": "hellaswag", "id": "8882", "gold": "B", "pred": "B", "correct": true}
{"task": "hellaswag", "id": "4993", "gold": "A", "pred": "A", "correct": true}
{"task": "hellaswag", "id": "7450", "gold": "D", "pred": "D", "correct": true}
{"task": "hellaswag", "id": "8994", "gold": "A", "pred": "A", "correct": true}
{"task": "hellaswag", "id": "3576", "gold": "A", "pred": "A", "correct": true}
{"task": "hellaswag", "id": "4233", "gold": "C", "pred": "C", "correct": true}
{"task": "hellaswag", "id": "2449", "gold": "B", "pred": "D", "correct": false}
{"task": "hellaswag", "id": "1755", "gold": "D", "pred": "D", "correct": true}
{"task": "hellaswag", "id": "1956", "gold": "C", "pred": "C", "correct": true}
{"task": "hellaswag", "id": "8077", "gold": "D", "pred": "D", "correct": true}
{"task": "hellaswag", "id": "3899", "gold": "A", "pred": "A", "correct": true}
{"task": "hellaswag", "id": "5378", "gold": "C", "pred": "B", "correct": false}
{"task": "hellaswag", "id": "8937", "gold": "C", "pred": "C", "correct": true}
{"task": "hellaswag", "id": "2333", "gold": "B", "pred": "B", "correct": true}
{"task": "hellaswag", "id": "9710", "gold": "D", "pred": "D", "correct": true}
{"task": "hellaswag", "id": "1644", "gold": "A", "pred": "A", "correct": true}
{"task": "hellaswag", "id": "6275", "gold": "A", "pred": "A", "correct": true}
{"task": "hellaswag", "id": "2740", "gold": "D", "pred": "B", "correct": false}
{"task": "hellaswag", "id": "7361", "gold": "B", "pred": "B", "correct": true}
{"task": "hellaswag", "id": "553", "gold": "C", "pred": "C", "correct": true}
{"task": "hellaswag", "id": "916", "gold": "B", "pred": "B", "correct": true}
{"task": "hellaswag", "id": "6819", "gold": "C", "pred": "C", "correct": true}
{"task": "hellaswag", "id": "6445", "gold": "C", "pred": "C", "correct": true}
{"task": "hellaswag", "id": "382", "gold": "B", "pred": "B", "correct": true}
{"task": "hellaswag", "id": "2663", "gold": "D", "pred": "D", "correct": true}
{"task": "hellaswag", "id": "3696", "gold": "A", "pred": "A", "correct": true}
{"task": "hellaswag", "id": "208", "gold": "C", "pred": "C", "correct": true}
{"task": "hellaswag", "id": "3640", "gold": "A", "pred": "A", "correct": true}
{"task": "hellaswag", "id": "931", "gold": "D", "pred": "D", "correct": true}
{"task": "hellaswag", "id": "8824", "gold": "C", "pred": "C", "correct": true}
{"task": "hellaswag", "id": "7292", "gold": "C", "pred": "C", "correct": true}
{"task": "hellaswag", "id": "1520", "gold": "D", "pred": "D", "correct": true}
{"task": "hellaswag", "id": "5671", "gold": "A", "pred": "A", "correct": true}
{"task": "hellaswag", "id": "261", "gold": "A", "pred": "A", "correct": true}
{"task": "hellaswag", "id": "6176", "gold": "C", "pred": "C", "correct": true}
{"task": "hellaswag", "id": "8037", "gold": "C", "pred": "C", "correct": true}
{"task": "hellaswag", "id": "3167", "gold": "B", "pred": "B", "correct": true}
{"task": "hellaswag", "id": "606", "gold": "C", "pred": "C", "correct": true}
{"task": "hellaswag", "id": "1243", "gold": "D", "pred": "D", "correct": true}
{"task": "hellaswag", "id": "4330", "gold": "D", "pred": "D", "correct": true}
{"task": "hellaswag", "id": "7634", "gold": "A", "pred": "A", "correct": true}
{"task": "hellaswag", "id": "8982", "gold": "B", "pred": "B", "correct": true}
{"task": "hellaswag", "id": "3221", "gold": "B", "pred": "B", "correct": true}
{"task": "hellaswag", "id": "7520", "gold": "D", "pred": "D", "correct": true}
{"task": "hellaswag", "id": "4843", "gold": "A", "pred": "A", "correct": true}
{"task": "hellaswag", "id": "3538", "gold": "C", "pred": "C", "correct": true}
{"task": "hellaswag", "id": "1501", "gold": "D", "pred": "D", "correct": true}
{"task": "hellaswag", "id": "1695", "gold": "A", "pred": "A", "correct": true}
{"task": "hellaswag", "id": "9115", "gold": "A", "pred": "A", "correct": true}
{"task": "hellaswag", "id": "8666", "gold": "C", "pred": "C", "correct": true}
{"task": "hellaswag", "id": "2780", "gold": "A", "pred": "A", "correct": true}
{"task": "hellaswag", "id": "8907", "gold": "C", "pred": "C", "correct": true}
{"task": "hellaswag", "id": "9142", "gold": "D", "pred": "D", "correct": true}
{"task": "hellaswag", "id": "3909", "gold": "A", "pred": "A", "correct": true}
{"task": "hellaswag", "id": "4146", "gold": "C", "pred": "C", "correct": true}
{"task": "hellaswag", "id": "1638", "gold": "D", "pred": "B", "correct": false}
{"task": "hellaswag", "id": "6909", "gold": "C", "pred": "C", "correct": true}
{"task": "hellaswag", "id": "2702", "gold": "C", "pred": "C", "correct": true}
{"task": "hellaswag", "id": "192", "gold": "C", "pred": "D", "correct": false}
{"task": "hellaswag", "id": "7285", "gold": "B", "pred": "B", "correct": true}
{"task": "hellaswag", "id": "5616", "gold": "C", "pred": "B", "correct": false}
{"task": "hellaswag", "id": "6790", "gold": "B", "pred": "B", "correct": true}
{"task": "hellaswag", "id": "2704", "gold": "C", "pred": "D", "correct": false}
{"task": "hellaswag", "id": "6760", "gold": "A", "pred": "A", "correct": true}
{"task": "hellaswag", "id": "1139", "gold": "D", "pred": "B", "correct": false}
{"task": "hellaswag", "id": "3906", "gold": "A", "pred": "D", "correct": false}
{"task": "hellaswag", "id": "8942", "gold": "B", "pred": "B", "correct": true}
{"task": "hellaswag", "id": "4837", "gold": "B", "pred": "B", "correct": true}
{"task": "hellaswag", "id": "6964", "gold": "C", "pred": "C", "correct": true}
{"task": "hellaswag", "id": "6711", "gold": "C", "pred": "B", "correct": false}
{"task": "hellaswag", "id": "4896", "gold": "C", "pred": "C", "correct": true}
{"task": "hellaswag", "id": "9127", "gold": "D", "pred": "A", "correct": false}
{"task": "hellaswag", "id": "9990", "gold": "C", "pred": "C", "correct": true}
{"task": "hellaswag", "id": "9010", "gold": "A", "pred": "A", "correct": true}
{"task": "hellaswag", "id": "844", "gold": "B", "pred": "B", "correct": true}
{"task": "hellaswag", "id": "4667", "gold": "B", "pred": "D", "correct": false}
{"task": "hellaswag", "id": "1776", "gold": "C", "pred": "A", "correct": false}
{"task": "hellaswag", "id": "414", "gold": "D", "pred": "D", "correct": true}
{"task": "hellaswag", "id": "2280", "gold": "D", "pred": "D", "correct": true}
{"task": "hellaswag", "id": "5447", "gold": "D", "pred": "D", "correct": true}
{"task": "hellaswag", "id": "9164", "gold": "C", "pred": "C", "correct": true}
{"task": "hellaswag", "id": "7052", "gold": "C", "pred": "C", "correct": true}
{"task": "hellaswag", "id": "4069", "gold": "A", "pred": "A", "correct": true}
{"task": "hellaswag", "id": "2708", "gold": "C", "pred": "B", "correct": false}
{"task": "hellaswag", "id": "1287", "gold": "C", "pred": "C", "correct": true}
{"task": "hellaswag", "id": "5535", "gold": "C", "pred": "C", "correct": true}
{"task": "hellaswag", "id": "9208", "gold": "D", "pred": "D", "correct": true}
{"task": "hellaswag", "id": "8877", "gold": "B", "pred": "B", "correct": true}
{"task": "hellaswag", "id": "1861", "gold": "C", "pred": "C", "correct": true}
{"task": "hellaswag", "id": "3851", "gold": "A", "pred": "A", "correct": true}
{"task": "hellaswag", "id": "9188", "gold": "A", "pred": "A", "correct": true}
{"task": "hellaswag", "id": "7712", "gold": "B", "pred": "B", "correct": true}
{"task": "hellaswag", "id": "7366", "gold": "C", "pred": "C", "correct": true}
{"task": "hellaswag", "id": "4458", "gold": "A", "pred": "A", "correct": true}
{"task": "hellaswag", "id": "64", "gold": "D", "pred": "C", "correct": false}
{"task": "hellaswag", "id": "5540", "gold": "C", "pred": "C", "correct": true}
{"task": "hellaswag", "id": "6179", "gold": "C", "pred": "C", "correct": true}
{"task": "hellaswag", "id": "387", "gold": "B", "pred": "B", "correct": true}
{"task": "hellaswag", "id": "2324", "gold": "D", "pred": "C", "correct": false}
{"task": "hellaswag", "id": "6582", "gold": "A", "pred": "A", "correct": true}
{"task": "hellaswag", "id": "3335", "gold": "C", "pred": "C", "correct": true}
{"task": "hellaswag", "id": "494", "gold": "B", "pred": "B", "correct": true}
{"task": "hellaswag", "id": "2837", "gold": "C", "pred": "D", "correct": false}
{"task": "hellaswag", "id": "6923", "gold": "C", "pred": "C", "correct": true}
{"task": "hellaswag", "id": "1340", "gold": "B", "pred": "B", "correct": true}
{"task": "hellaswag", "id": "6880", "gold": "C", "pred": "C", "correct": true}
{"task": "hellaswag", "id": "4542", "gold": "D", "pred": "D", "correct": true}
{"task": "hellaswag", "id": "7867", "gold": "D", "pred": "A", "correct": false}
{"task": "hellaswag", "id": "9786", "gold": "D", "pred": "D", "correct": true}
{"task": "hellaswag", "id": "8833", "gold": "A", "pred": "A", "correct": true}
{"task": "hellaswag", "id": "9107", "gold": "A", "pred": "A", "correct": true}
{"task": "hellaswag", "id": "8620", "gold": "C", "pred": "A", "correct": false}
{"task": "hellaswag", "id": "8723", "gold": "D", "pred": "D", "correct": true}
{"task": "hellaswag", "id": "4879", "gold": "C", "pred": "D", "correct": false}
{"task": "hellaswag", "id": "4348", "gold": "A", "pred": "A", "correct": true}
{"task": "hellaswag", "id": "1415", "gold": "C", "pred": "C", "correct": true}
{"task": "hellaswag", "id": "3710", "gold": "C", "pred": "C", "correct": true}
{"task": "hellaswag", "id": "1019", "gold": "D", "pred": "D", "correct": true}
{"task": "hellaswag", "id": "8156", "gold": "C", "pred": "C", "correct": true}
{"task": "hellaswag", "id": "6182", "gold": "C", "pred": "C", "correct": true}
{"task": "hellaswag", "id": "292", "gold": "B", "pred": "B", "correct": true}
{"task": "hellaswag", "id": "7484", "gold": "D", "pred": "D", "correct": true}
{"task": "hellaswag", "id": "9913", "gold": "A", "pred": "A", "correct": true}
{"task": "hellaswag", "id": "6747", "gold": "C", "pred": "C", "correct": true}
{"task": "hellaswag", "id": "4778", "gold": "C", "pred": "C", "correct": true}
{"task": "hellaswag", "id": "5237", "gold": "C", "pred": "A", "correct": false}
{"task": "hellaswag", "id": "6674", "gold": "A", "pred": "A", "correct": true}
{"task": "hellaswag", "id": "5724", "gold": "D", "pred": "D", "correct": true}
{"task": "hellaswag", "id": "4950", "gold": "D", "pred": "D", "correct": true}
{"task": "hellaswag", "id": "4484", "gold": "A", "pred": "A", "correct": true}
{"task": "hellaswag", "id": "5591", "gold": "D", "pred": "D", "correct": true}
{"task": "hellaswag", "id": "2628", "gold": "C", "pred": "C", "correct": true}
{"task": "hellaswag", "id": "6349", "gold": "B", "pred": "B", "correct": true}
{"task": "hellaswag", "id": "701", "gold": "D", "pred": "D", "correct": true}
{"task": "hellaswag", "id": "6874", "gold": "B", "pred": "B", "correct": true}
{"task": "hellaswag", "id": "7827", "gold": "B", "pred": "B", "correct": true}
{"task": "hellaswag", "id": "9072", "gold": "D", "pred": "D", "correct": true}
{"task": "hellaswag", "id": "4185", "gold": "D", "pred": "D", "correct": true}
{"task": "hellaswag", "id": "8827", "gold": "D", "pred": "D", "correct": true}
{"task": "hellaswag", "id": "4555", "gold": "C", "pred": "C", "correct": true}
{"task": "hellaswag", "id": "1459", "gold": "D", "pred": "D", "correct": true}
{"task": "hellaswag", "id": "6291", "gold": "D", "pred": "D", "correct": true}
{"task": "hellaswag", "id": "3559", "gold": "B", "pred": "B", "correct": true}
{"task": "hellaswag", "id": "4323", "gold": "D", "pred": "D", "correct": true}
{"task": "hellaswag", "id": "2396", "gold": "D", "pred": "D", "correct": true}
{"task": "hellaswag", "id": "8232", "gold": "B", "pred": "B", "correct": true}
{"task": "hellaswag", "id": "6079", "gold": "C", "pred": "C", "correct": true}
{"task": "hellaswag", "id": "1808", "gold": "B", "pred": "B", "correct": true}
{"task": "hellaswag", "id": "7581", "gold": "A", "pred": "A", "correct": true}
{"task": "hellaswag", "id": "1981", "gold": "C", "pred": "C", "correct": true}
{"task": "hellaswag", "id": "4547", "gold": "B", "pred": "B", "correct": true}
{"task": "hellaswag", "id": "9273", "gold": "B", "pred": "B", "correct": true}
{"task": "hellaswag", "id": "7243", "gold": "B", "pred": "B", "correct": true}
{"task": "hellaswag", "id": "124", "gold": "C", "pred": "B", "correct": false}
{"task": "hellaswag", "id": "4247", "gold": "B", "pred": "B", "correct": true}
{"task": "hellaswag", "id": "1823", "gold": "C", "pred": "B", "correct": false}
{"task": "hellaswag", "id": "4056", "gold": "C", "pred": "D", "correct": false}
{"task": "hellaswag", "id": "9238", "gold": "C", "pred": "C", "correct": true}
{"task": "hellaswag", "id": "7692", "gold": "C", "pred": "C", "correct": true}
{"task": "hellaswag", "id": "699", "gold": "D", "pred": "D", "correct": true}
{"task": "hellaswag", "id": "6665", "gold": "D", "pred": "D", "correct": true}
{"task": "hellaswag", "id": "1304", "gold": "B", "pred": "C", "correct": false}
{"task": "hellaswag", "id": "4516", "gold": "A", "pred": "A", "correct": true}
{"task": "hellaswag", "id": "3283", "gold": "C", "pred": "C", "correct": true}
{"task": "hellaswag", "id": "5935", "gold": "B", "pred": "B", "correct": true}
{"task": "hellaswag", "id": "9261", "gold": "A", "pred": "A", "correct": true}
{"task": "hellaswag", "id": "2401", "gold": "B", "pred": "B", "correct": true}
{"task": "hellaswag", "id": "1480", "gold": "D", "pred": "B", "correct": false}
{"task": "hellaswag", "id": "2954", "gold": "C", "pred": "C", "correct": true}
{"task": "hellaswag", "id": "8340", "gold": "C", "pred": "C", "correct": true}
{"task": "hellaswag", "id": "6483", "gold": "D", "pred": "C", "correct": false}
{"task": "hellaswag", "id": "10008", "gold": "C", "pred": "C", "correct": true}
{"task": "hellaswag", "id": "5917", "gold": "D", "pred": "D", "correct": true}
{"task": "hellaswag", "id": "4801", "gold": "D", "pred": "D", "correct": true}
{"task": "hellaswag", "id": "1282", "gold": "C", "pred": "A", "correct": false}
{"task": "hellaswag", "id": "9912", "gold": "D", "pred": "D", "correct": true}
{"task": "hellaswag", "id": "671", "gold": "D", "pred": "D", "correct": true}
{"task": "hellaswag", "id": "1970", "gold": "B", "pred": "B", "correct": true}
{"task": "hellaswag", "id": "2991", "gold": "B", "pred": "B", "correct": true}
{"task": "hellaswag", "id": "312", "gold": "A", "pred": "A", "correct": true}
{"task": "hellaswag", "id": "2229", "gold": "D", "pred": "D", "correct": true}
{"task": "hellaswag", "id": "10010", "gold": "A", "pred": "A", "correct": true}
{"task": "hellaswag", "id": "2279", "gold": "C", "pred": "C", "correct": true}
{"task": "hellaswag", "id": "4825", "gold": "A", "pred": "A", "correct": true}
{"task": "hellaswag", "id": "7682", "gold": "C", "pred": "C", "correct": true}
{"task": "hellaswag", "id": "4833", "gold": "B", "pred": "B", "correct": true}
{"task": "hellaswag", "id": "9335", "gold": "A", "pred": "A", "correct": true}
{"task": "hellaswag", "id": "777", "gold": "B", "pred": "B", "correct": true}
{"task": "hellaswag", "id": "705", "gold": "A", "pred": "A", "correct": true}
{"task": "hellaswag", "id": "9877", "gold": "D", "pred": "D", "correct": true}
{"task": "hellaswag", "id": "9689", "gold": "B", "pred": "B", "correct": true}
{"task": "hellaswag", "id": "1677", "gold": "B", "pred": "C", "correct": false}
{"task": "hellaswag", "id": "5355", "gold": "D", "pred": "A", "correct": false}
{"task": "hellaswag", "id": "480", "gold": "D", "pred": "D", "correct": true}
{"task": "hellaswag", "id": "2196", "gold": "B", "pred": "B", "correct": true}
{"task": "hellaswag", "id": "5743", "gold": "D", "pred": "D", "correct": true}
{"task": "hellaswag", "id": "1515", "gold": "A", "pred": "A", "correct": true}
{"task": "hellaswag", "id": "2621", "gold": "A", "pred": "A", "correct": true}
{"task": "hellaswag", "id": "3510", "gold": "C", "pred": "C", "correct": true}
{"task": "hellaswag", "id": "3376", "gold": "A", "pred": "B", "correct": false}
{"task": "hellaswag", "id": "6988", "gold": "B", "pred": "B", "correct": true}
{"task": "hellaswag", "id": "5189", "gold": "C", "pred": "C", "correct": true}
{"task": "hellaswag", "id": "3645", "gold": "A", "pred": "A", "correct": true}
{"task": "hellaswag", "id": "8738", "gold": "B", "pred": "B", "correct": true}
{"task": "hellaswag", "id": "9616", "gold": "D", "pred": "D", "correct": true}
{"task": "hellaswag", "id": "7144", "gold": "D", "pred": "D", "correct": true}
{"task": "hellaswag", "id": "5929", "gold": "A", "pred": "A", "correct": true}
{"task": "hellaswag", "id": "8710", "gold": "A", "pred": "A", "correct": true}
{"task": "hellaswag", "id": "3595", "gold": "A", "pred": "A", "correct": true}
{"task": "hellaswag", "id": "9189", "gold": "A", "pred": "A", "correct": true}
{"task": "hellaswag", "id": "5109", "gold": "C", "pred": "C", "correct": true}
{"task": "hellaswag", "id": "7479", "gold": "A", "pred": "A", "correct": true}
{"task": "hellaswag", "id": "2116", "gold": "B", "pred": "B", "correct": true}
{"task": "hellaswag", "id": "5842", "gold": "B", "pred": "B", "correct": true}
{"task": "hellaswag", "id": "6227", "gold": "A", "pred": "A", "correct": true}
{"task": "hellaswag", "id": "5085", "gold": "A", "pred": "A", "correct": true}
{"task": "hellaswag", "id": "647", "gold": "B", "pred": "B", "correct": true}
{"task": "hellaswag", "id": "8053", "gold": "A", "pred": "A", "correct": true}
{"task": "hellaswag", "id": "6472", "gold": "C", "pred": "C", "correct": true}
{"task": "hellaswag", "id": "5738", "gold": "A", "pred": "A", "correct": true}
{"task": "hellaswag", "id": "3446", "gold": "B", "pred": "B", "correct": true}
{"task": "hellaswag", "id": "8766", "gold": "D", "pred": "C", "correct": false}
{"task": "hellaswag", "id": "2650", "gold": "A", "pred": "A", "correct": true}
{"task": "hellaswag", "id": "3449", "gold": "C", "pred": "C", "correct": true}
{"task": "hellaswag", "id": "5175", "gold": "B", "pred": "B", "correct": true}
{"task": "hellaswag", "id": "6925", "gold": "B", "pred": "B", "correct": true}
{"task": "hellaswag", "id": "959", "gold": "B", "pred": "B", "correct": true}
{"task": "hellaswag", "id": "666", "gold": "C", "pred": "C", "correct": true}
{"task": "hellaswag", "id": "5172", "gold": "B", "pred": "B", "correct": true}
{"task": "hellaswag", "id": "7002", "gold": "B", "pred": "B", "correct": true}
{"task": "hellaswag", "id": "7741", "gold": "B", "pred": "B", "correct": true}
{"task": "hellaswag", "id": "2626", "gold": "D", "pred": "D", "correct": true}
{"task": "hellaswag", "id": "9655", "gold": "B", "pred": "B", "correct": true}
{"task": "boolq", "id": "3192", "gold": "yes", "pred": "yes", "correct": true}
{"task": "boolq", "id": "1187", "gold": "no", "pred": "no", "correct": true}
{"task": "boolq", "id": "342", "gold": "yes", "pred": "no", "correct": false}
{"task": "boolq", "id": "69", "gold": "yes", "pred": "yes", "correct": true}
{"task": "boolq", "id": "2424", "gold": "yes", "pred": "yes", "correct": true}
{"task": "boolq", "id": "1256", "gold": "no", "pred": "no", "correct": true}
{"task": "boolq", "id": "1735", "gold": "no", "pred": "no", "correct": true}
{"task": "boolq", "id": "1553", "gold": "no", "pred": "no", "correct": true}
{"task": "boolq", "id": "2171", "gold": "no", "pred": "yes", "correct": false}
{"task": "boolq", "id": "1466", "gold": "yes", "pred": "yes", "correct": true}
{"task": "boolq", "id": "533", "gold": "no", "pred": "no", "correct": true}
{"task": "boolq", "id": "2973", "gold": "yes", "pred": "yes", "correct": true}
{"task": "boolq", "id": "786", "gold": "no", "pred": "no", "correct": true}
{"task": "boolq", "id": "1095", "gold": "yes", "pred": "yes", "correct": true}
{"task": "boolq", "id": "1820", "gold": "yes", "pred": "no", "correct": false}
{"task": "boolq", "id": "57", "gold": "yes", "pred": "yes", "correct": true}
{"task": "boolq", "id": "905", "gold": "yes", "pred": "yes", "correct": true}
{"task": "boolq", "id": "2540", "gold": "no", "pred": "no", "correct": true}
{"task": "boolq", "id": "1863", "gold": "yes", "pred": "no", "correct": false}
{"task": "boolq", "id": "101", "gold": "no", "pred": "no", "correct": true}
{"task": "boolq", "id": "433", "gold": "no", "pred": "no", "correct": true}
{"task": "boolq", "id": "351", "gold": "no", "pred": "no", "correct": true}
{"task": "boolq", "id": "2908", "gold": "no", "pred": "no", "correct": true}
{"task": "boolq", "id": "2040", "gold": "yes", "pred": "yes", "correct": true}
{"task": "boolq", "id": "1725", "gold": "no", "pred": "no", "correct": true}
{"task": "boolq", "id": "80", "gold": "no", "pred": "no", "correct": true}
{"task": "boolq", "id": "2099", "gold": "yes", "pred": "yes", "correct": true}
{"task": "boolq", "id": "2570", "gold": "no", "pred": "no", "correct": true}
{"task": "boolq", "id": "3007", "gold": "no", "pred": "no", "correct": true}
{"task": "boolq", "id": "1766", "gold": "yes", "pred": "yes", "correct": true}
{"task": "boolq", "id": "1470", "gold": "no", "pred": "no", "correct": true}
{"task": "boolq", "id": "3157", "gold": "yes", "pred": "yes", "correct": true}
{"task": "boolq", "id": "235", "gold": "no", "pred": "no", "correct": true}
{"task": "boolq", "id": "842", "gold": "yes", "pred": "yes", "correct": true}
{"task": "boolq", "id": "3207", "gold": "no", "pred": "no", "correct": true}
{"task": "boolq", "id": "144", "gold": "no", "pred": "no", "correct": true}
{"task": "boolq", "id": "2413", "gold": "yes", "pred": "yes", "correct": true}
{"task": "boolq", "id": "1511", "gold": "yes", "pred": "yes", "correct": true}
{"task": "boolq", "id": "2694", "gold": "no", "pred": "no", "correct": true}
{"task": "boolq", "id": "704", "gold": "yes", "pred": "yes", "correct": true}
{"task": "boolq", "id": "2543", "gold": "yes", "pred": "yes", "correct": true}
{"task": "boolq", "id": "884", "gold": "no", "pred": "no", "correct": true}
{"task": "boolq", "id": "3011", "gold": "yes", "pred": "no", "correct": false}
{"task": "boolq", "id": "1485", "gold": "yes", "pred": "yes", "correct": true}
{"task": "boolq", "id": "2316", "gold": "no", "pred": "no", "correct": true}
{"task": "boolq", "id": "3112", "gold": "no", "pred": "no", "correct": true}
{"task": "boolq", "id": "1510", "gold": "yes", "pred": "yes", "correct": true}
{"task": "boolq", "id": "2343", "gold": "yes", "pred": "yes", "correct": true}
{"task": "boolq", "id": "1152", "gold": "yes", "pred": "yes", "correct": true}
{"task": "boolq", "id": "2705", "gold": "yes", "pred": "no", "correct": false}
{"task": "boolq", "id": "1287", "gold": "yes", "pred": "yes", "correct": true}
{"task": "boolq", "id": "2346", "gold": "yes", "pred": "yes", "correct": true}
{"task": "boolq", "id": "1941", "gold": "yes", "pred": "yes", "correct": true}
{"task": "boolq", "id": "727", "gold": "no", "pred": "no", "correct": true}
{"task": "boolq", "id": "2940", "gold": "yes", "pred": "no", "correct": false}
{"task": "boolq", "id": "1978", "gold": "yes", "pred": "no", "correct": false}
{"task": "boolq", "id": "2419", "gold": "yes", "pred": "yes", "correct": true}
{"task": "boolq", "id": "3241", "gold": "yes", "pred": "yes", "correct": true}
{"task": "boolq", "id": "1832", "gold": "yes", "pred": "yes", "correct": true}
{"task": "boolq", "id": "2767", "gold": "yes", "pred": "yes", "correct": true}
{"task": "boolq", "id": "2631", "gold": "yes", "pred": "no", "correct": false}
{"task": "boolq", "id": "670", "gold": "yes", "pred": "yes", "correct": true}
{"task": "boolq", "id": "745", "gold": "yes", "pred": "yes", "correct": true}
{"task": "boolq", "id": "731", "gold": "yes", "pred": "no", "correct": false}
{"task": "boolq", "id": "2185", "gold": "yes", "pred": "no", "correct": false}
{"task": "boolq", "id": "1324", "gold": "yes", "pred": "yes", "correct": true}
{"task": "boolq", "id": "2758", "gold": "yes", "pred": "yes", "correct": true}
{"task": "boolq", "id": "2130", "gold": "no", "pred": "no", "correct": true}
{"task": "boolq", "id": "801", "gold": "yes", "pred": "yes", "correct": true}
{"task": "boolq", "id": "2385", "gold": "no", "pred": "no", "correct": true}
{"task": "boolq", "id": "468", "gold": "yes", "pred": "yes", "correct": true}
{"task": "boolq", "id": "337", "gold": "yes", "pred": "yes", "correct": true}
{"task": "boolq", "id": "403", "gold": "no", "pred": "no", "correct": true}
{"task": "boolq", "id": "1745", "gold": "no", "pred": "no", "correct": true}
{"task": "boolq", "id": "159", "gold": "yes", "pred": "no", "correct": false}
{"task": "boolq", "id": "2326", "gold": "yes", "pred": "yes", "correct": true}
{"task": "boolq", "id": "1128", "gold": "yes", "pred": "yes", "correct": true}
{"task": "boolq", "id": "1149", "gold": "yes", "pred": "yes", "correct": true}
{"task": "boolq", "id": "2416", "gold": "yes", "pred": "yes", "correct": true}
{"task": "boolq", "id": "1354", "gold": "yes", "pred": "yes", "correct": true}
{"task": "boolq", "id": "446", "gold": "no", "pred": "yes", "correct": false}
{"task": "boolq", "id": "1514", "gold": "no", "pred": "yes", "correct": false}
{"task": "boolq", "id": "1181", "gold": "yes", "pred": "yes", "correct": true}
{"task": "boolq", "id": "2220", "gold": "yes", "pred": "yes", "correct": true}
{"task": "boolq", "id": "1248", "gold": "no", "pred": "no", "correct": true}
{"task": "boolq", "id": "3184", "gold": "yes", "pred": "yes", "correct": true}
{"task": "boolq", "id": "1862", "gold": "no", "pred": "no", "correct": true}
{"task": "boolq", "id": "2248", "gold": "yes", "pred": "yes", "correct": true}
{"task": "boolq", "id": "894", "gold": "no", "pred": "no", "correct": true}
{"task": "boolq", "id": "1058", "gold": "yes", "pred": "yes", "correct": true}
{"task": "boolq", "id": "612", "gold": "yes", "pred": "no", "correct": false}
{"task": "boolq", "id": "438", "gold": "yes", "pred": "yes", "correct": true}
{"task": "boolq", "id": "2538", "gold": "no", "pred": "no", "correct": true}
{"task": "boolq", "id": "3210", "gold": "yes", "pred": "no", "correct": false}
{"task": "boolq", "id": "489", "gold": "no", "pred": "no", "correct": true}
{"task": "boolq", "id": "2896", "gold": "no", "pred": "no", "correct": true}
{"task": "boolq", "id": "3256", "gold": "no", "pred": "no", "correct": true}
{"task": "boolq", "id": "2019", "gold": "yes", "pred": "yes", "correct": true}
{"task": "boolq", "id": "974", "gold": "yes", "pred": "yes", "correct": true}
{"task": "boolq", "id": "1344", "gold": "no", "pred": "no", "correct": true}
{"task": "boolq", "id": "2234", "gold": "yes", "pred": "yes", "correct": true}
{"task": "boolq", "id": "583", "gold": "yes", "pred": "yes", "correct": true}
{"task": "boolq", "id": "3052", "gold": "yes", "pred": "yes", "correct": true}
{"task": "boolq", "id": "2427", "gold": "yes", "pred": "yes", "correct": true}
{"task": "boolq", "id": "411", "gold": "no", "pred": "no", "correct": true}
{"task": "boolq", "id": "1568", "gold": "yes", "pred": "yes", "correct": true}
{"task": "boolq", "id": "685", "gold": "yes", "pred": "yes", "correct": true}
{"task": "boolq", "id": "1840", "gold": "yes", "pred": "yes", "correct": true}
{"task": "boolq", "id": "138", "gold": "yes", "pred": "yes", "correct": true}
{"task": "boolq", "id": "229", "gold": "no", "pred": "yes", "correct": false}
{"task": "boolq", "id": "2583", "gold": "no", "pred": "no", "correct": true}
{"task": "boolq", "id": "1704", "gold": "yes", "pred": "no", "correct": false}
{"task": "boolq", "id": "1611", "gold": "yes", "pred": "no", "correct": false}
{"task": "boolq", "id": "95", "gold": "no", "pred": "no", "correct": true}
{"task": "boolq", "id": "665", "gold": "no", "pred": "no", "correct": true}
{"task": "boolq", "id": "924", "gold": "no", "pred": "no", "correct": true}
{"task": "boolq", "id": "2814", "gold": "no", "pred": "no", "correct": true}
{"task": "boolq", "id": "52", "gold": "no", "pred": "no", "correct": true}
{"task": "boolq", "id": "910", "gold": "no", "pred": "no", "correct": true}
{"task": "boolq", "id": "3033", "gold": "no", "pred": "no", "correct": true}
{"task": "boolq", "id": "232", "gold": "yes", "pred": "yes", "correct": true}
{"task": "boolq", "id": "2206", "gold": "yes", "pred": "yes", "correct": true}
{"task": "boolq", "id": "1823", "gold": "yes", "pred": "no", "correct": false}
{"task": "boolq", "id": "3067", "gold": "no", "pred": "no", "correct": true}
{"task": "boolq", "id": "380", "gold": "yes", "pred": "yes", "correct": true}
{"task": "boolq", "id": "1417", "gold": "yes", "pred": "yes", "correct": true}
{"task": "boolq", "id": "65", "gold": "yes", "pred": "yes", "correct": true}
{"task": "boolq", "id": "3228", "gold": "yes", "pred": "yes", "correct": true}
{"task": "boolq", "id": "1544", "gold": "yes", "pred": "yes", "correct": true}
{"task": "boolq", "id": "2009", "gold": "yes", "pred": "yes", "correct": true}
{"task": "boolq", "id": "791", "gold": "yes", "pred": "yes", "correct": true}
{"task": "boolq", "id": "151", "gold": "yes", "pred": "yes", "correct": true}
{"task": "boolq", "id": "310", "gold": "yes", "pred": "yes", "correct": true}
{"task": "boolq", "id": "1082", "gold": "no", "pred": "no", "correct": true}
{"task": "boolq", "id": "1908", "gold": "yes", "pred": "no", "correct": false}
{"task": "boolq", "id": "2245", "gold": "no", "pred": "no", "correct": true}
{"task": "boolq", "id": "805", "gold": "yes", "pred": "yes", "correct": true}
{"task": "boolq", "id": "3092", "gold": "yes", "pred": "no", "correct": false}
{"task": "boolq", "id": "1880", "gold": "yes", "pred": "yes", "correct": true}
{"task": "boolq", "id": "1210", "gold": "no", "pred": "no", "correct": true}
{"task": "boolq", "id": "375", "gold": "yes", "pred": "no", "correct": false}
{"task": "boolq", "id": "423", "gold": "no", "pred": "no", "correct": true}
{"task": "boolq", "id": "2278", "gold": "yes", "pred": "yes", "correct": true}
{"task": "boolq", "id": "2166", "gold": "yes", "pred": "yes", "correct": true}
{"task": "boolq", "id": "2660", "gold": "no", "pred": "no", "correct": true}
{"task": "boolq", "id": "695", "gold": "no", "pred": "no", "correct": true}
{"task": "boolq", "id": "2828", "gold": "no", "pred": "no", "correct": true}
{"task": "boolq", "id": "2226", "gold": "yes", "pred": "no", "correct": false}
{"task": "boolq", "id": "2285", "gold": "yes", "pred": "yes", "correct": true}
{"task": "boolq", "id": "977", "gold": "yes", "pred": "no", "correct": false}
{"task": "boolq", "id": "1036", "gold": "no", "pred": "yes", "correct": false}
{"task": "boolq", "id": "409", "gold": "yes", "pred": "yes", "correct": true}
{"task": "boolq", "id": "1727", "gold": "yes", "pred": "yes", "correct": true}
{"task": "boolq", "id": "675", "gold": "yes", "pred": "no", "correct": false}
{"task": "boolq", "id": "48", "gold": "yes", "pred": "yes", "correct": true}
{"task": "boolq", "id": "1821", "gold": "yes", "pred": "no", "correct": false}
{"task": "boolq", "id": "3120", "gold": "no", "pred": "no", "correct": true}
{"task": "boolq", "id": "1404", "gold": "yes", "pred": "yes", "correct": true}
{"task": "boolq", "id": "2689", "gold": "yes", "pred": "no", "correct": false}
{"task": "boolq", "id": "1697", "gold": "no", "pred": "no", "correct": true}
{"task": "boolq", "id": "676", "gold": "no", "pred": "no", "correct": true}
{"task": "boolq", "id": "2527", "gold": "no", "pred": "no", "correct": true}
{"task": "boolq", "id": "2817", "gold": "yes", "pred": "no", "correct": false}
{"task": "boolq", "id": "1690", "gold": "no", "pred": "no", "correct": true}
{"task": "boolq", "id": "284", "gold": "no", "pred": "no", "correct": true}
{"task": "boolq", "id": "2838", "gold": "no", "pred": "no", "correct": true}
{"task": "boolq", "id": "2619", "gold": "yes", "pred": "yes", "correct": true}
{"task": "boolq", "id": "3054", "gold": "yes", "pred": "yes", "correct": true}
{"task": "boolq", "id": "976", "gold": "no", "pred": "no", "correct": true}
{"task": "boolq", "id": "2235", "gold": "no", "pred": "no", "correct": true}
{"task": "boolq", "id": "1209", "gold": "yes", "pred": "yes", "correct": true}
{"task": "boolq", "id": "1741", "gold": "yes", "pred": "yes", "correct": true}
{"task": "boolq", "id": "1677", "gold": "yes", "pred": "yes", "correct": true}
{"task": "boolq", "id": "1224", "gold": "yes", "pred": "no", "correct": false}
{"task": "boolq", "id": "3160", "gold": "no", "pred": "no", "correct": true}
{"task": "boolq", "id": "2281", "gold": "no", "pred": "no", "correct": true}
{"task": "boolq", "id": "2497", "gold": "yes", "pred": "yes", "correct": true}
{"task": "boolq", "id": "2252", "gold": "yes", "pred": "yes", "correct": true}
{"task": "boolq", "id": "211", "gold": "no", "pred": "yes", "correct": false}
{"task": "boolq", "id": "1166", "gold": "yes", "pred": "yes", "correct": true}
{"task": "boolq", "id": "444", "gold": "yes", "pred": "yes", "correct": true}
{"task": "boolq", "id": "103", "gold": "no", "pred": "no", "correct": true}
{"task": "boolq", "id": "2585", "gold": "no", "pred": "no", "correct": true}
{"task": "boolq", "id": "570", "gold": "yes", "pred": "no", "correct": false}
{"task": "boolq", "id": "1361", "gold": "yes", "pred": "yes", "correct": true}
{"task": "boolq", "id": "2291", "gold": "no", "pred": "no", "correct": true}
{"task": "boolq", "id": "2984", "gold": "yes", "pred": "no", "correct": false}
{"task": "boolq", "id": "1763", "gold": "yes", "pred": "yes", "correct": true}
{"task": "boolq", "id": "1017", "gold": "no", "pred": "yes", "correct": false}
{"task": "boolq", "id": "677", "gold": "no", "pred": "no", "correct": true}
{"task": "boolq", "id": "321", "gold": "yes", "pred": "yes", "correct": true}
{"task": "boolq", "id": "1383", "gold": "yes", "pred": "yes", "correct": true}
{"task": "boolq", "id": "2302", "gold": "yes", "pred": "no", "correct": false}
{"task": "boolq", "id": "2820", "gold": "yes", "pred": "no", "correct": false}
{"task": "boolq", "id": "2219", "gold": "no", "pred": "no", "correct": true}
{"task": "boolq", "id": "465", "gold": "yes", "pred": "yes", "correct": true}
{"task": "boolq", "id": "962", "gold": "no", "pred": "no", "correct": true}
{"task": "boolq", "id": "2297", "gold": "yes", "pred": "yes", "correct": true}
{"task": "boolq", "id": "1928", "gold": "yes", "pred": "yes", "correct": true}
{"task": "boolq", "id": "1841", "gold": "no", "pred": "no", "correct": true}
{"task": "boolq", "id": "2942", "gold": "no", "pred": "no", "correct": true}
{"task": "boolq", "id": "1114", "gold": "yes", "pred": "yes", "correct": true}
{"task": "boolq", "id": "16", "gold": "yes", "pred": "no", "correct": false}
{"task": "boolq", "id": "1385", "gold": "yes", "pred": "yes", "correct": true}
{"task": "boolq", "id": "96", "gold": "yes", "pred": "yes", "correct": true}
{"task": "boolq", "id": "3217", "gold": "yes", "pred": "no", "correct": false}
{"task": "boolq", "id": "581", "gold": "no", "pred": "yes", "correct": false}
{"task": "boolq", "id": "3068", "gold": "no", "pred": "no", "correct": true}
{"task": "boolq", "id": "1645", "gold": "yes", "pred": "yes", "correct": true}
{"task": "boolq", "id": "833", "gold": "yes", "pred": "yes", "correct": true}
{"task": "boolq", "id": "3250", "gold": "yes", "pred": "yes", "correct": true}
{"task": "boolq", "id": "2789", "gold": "yes", "pred": "yes", "correct": true}
{"task": "boolq", "id": "123", "gold": "no", "pred": "no", "correct": true}
{"task": "boolq", "id": "709", "gold": "no", "pred": "no", "correct": true}
{"task": "boolq", "id": "2681", "gold": "no", "pred": "no", "correct": true}
{"task": "boolq", "id": "1730", "gold": "yes", "pred": "yes", "correct": true}
{"task": "boolq", "id": "335", "gold": "no", "pred": "no", "correct": true}
{"task": "boolq", "id": "1720", "gold": "yes", "pred": "yes", "correct": true}
{"task": "boolq", "id": "2865", "gold": "yes", "pred": "yes", "correct": true}
{"task": "boolq", "id": "1135", "gold": "yes", "pred": "no", "correct": false}
{"task": "boolq", "id": "1966", "gold": "yes", "pred": "yes", "correct": true}
{"task": "boolq", "id": "2446", "gold": "no", "pred": "yes", "correct": false}
{"task": "boolq", "id": "2822", "gold": "no", "pred": "no", "correct": true}
{"task": "boolq", "id": "2208", "gold": "no", "pred": "no", "correct": true}
{"task": "boolq", "id": "2950", "gold": "no", "pred": "no", "correct": true}
{"task": "boolq", "id": "2276", "gold": "no", "pred": "no", "correct": true}
{"task": "boolq", "id": "2155", "gold": "no", "pred": "no", "correct": true}
{"task": "boolq", "id": "2180", "gold": "yes", "pred": "yes", "correct": true}
{"task": "boolq", "id": "1219", "gold": "yes", "pred": "yes", "correct": true}
{"task": "boolq", "id": "1087", "gold": "no", "pred": "no", "correct": true}
{"task": "boolq", "id": "353", "gold": "yes", "pred": "no", "correct": false}
{"task": "boolq", "id": "927", "gold": "yes", "pred": "yes", "correct": true}
{"task": "boolq", "id": "254", "gold": "yes", "pred": "no", "correct": false}
{"task": "boolq", "id": "2039", "gold": "yes", "pred": "yes", "correct": true}
{"task": "boolq", "id": "1545", "gold": "yes", "pred": "yes", "correct": true}
{"task": "boolq", "id": "3182", "gold": "no", "pred": "no", "correct": true}
{"task": "boolq", "id": "73", "gold": "yes", "pred": "yes", "correct": true}
{"task": "boolq", "id": "1871", "gold": "yes", "pred": "yes", "correct": true}
{"task": "boolq", "id": "2478", "gold": "no", "pred": "no", "correct": true}
{"task": "boolq", "id": "1686", "gold": "no", "pred": "no", "correct": true}
{"task": "boolq", "id": "1194", "gold": "yes", "pred": "yes", "correct": true}
{"task": "boolq", "id": "2790", "gold": "yes", "pred": "no", "correct": false}
{"task": "boolq", "id": "1309", "gold": "yes", "pred": "yes", "correct": true}
{"task": "boolq", "id": "1668", "gold": "no", "pred": "no", "correct": true}
{"task": "boolq", "id": "1431", "gold": "yes", "pred": "no", "correct": false}
{"task": "boolq", "id": "1237", "gold": "no", "pred": "no", "correct": true}
{"task": "boolq", "id": "1121", "gold": "no", "pred": "no", "correct": true}
{"task": "boolq", "id": "1397", "gold": "yes", "pred": "yes", "correct": true}
{"task": "boolq", "id": "657", "gold": "no", "pred": "no", "correct": true}
{"task": "boolq", "id": "1587", "gold": "no", "pred": "no", "correct": true}
{"task": "boolq", "id": "175", "gold": "yes", "pred": "yes", "correct": true}
{"task": "boolq", "id": "1718", "gold": "no", "pred": "no", "correct": true}
{"task": "boolq", "id": "2735", "gold": "no", "pred": "no", "correct": true}
{"task": "boolq", "id": "1956", "gold": "no", "pred": "no", "correct": true}
{"task": "boolq", "id": "3096", "gold": "yes", "pred": "yes", "correct": true}
{"task": "boolq", "id": "2268", "gold": "yes", "pred": "yes", "correct": true}
{"task": "boolq", "id": "1046", "gold": "yes", "pred": "no", "correct": false}
{"task": "boolq", "id": "1138", "gold": "yes", "pred": "yes", "correct": true}
{"task": "boolq", "id": "2830", "gold": "yes", "pred": "yes", "correct": true}
{"task": "boolq", "id": "364", "gold": "yes", "pred": "yes", "correct": true}
{"task": "boolq", "id": "1572", "gold": "no", "pred": "no", "correct": true}
{"task": "boolq", "id": "889", "gold": "yes", "pred": "yes", "correct": true}
{"task": "boolq", "id": "1080", "gold": "yes", "pred": "yes", "correct": true}
{"task": "boolq", "id": "599", "gold": "yes", "pred": "yes", "correct": true}
{"task": "boolq", "id": "2058", "gold": "yes", "pred": "no", "correct": false}
{"task": "boolq", "id": "1519", "gold": "yes", "pred": "yes", "correct": true}
{"task": "boolq", "id": "452", "gold": "no", "pred": "no", "correct": true}
{"task": "boolq", "id": "2541", "gold": "no", "pred": "no", "correct": true}
{"task": "boolq", "id": "1895", "gold": "no", "pred": "no", "correct": true}
{"task": "boolq", "id": "495", "gold": "yes", "pred": "yes", "correct": true}
{"task": "boolq", "id": "1136", "gold": "yes", "pred": "yes", "correct": true}
{"task": "boolq", "id": "2318", "gold": "yes", "pred": "yes", "correct": true}
{"task": "boolq", "id": "3152", "gold": "no", "pred": "no", "correct": true}
{"task": "boolq", "id": "1810", "gold": "yes", "pred": "yes", "correct": true}
{"task": "boolq", "id": "31", "gold": "yes", "pred": "yes", "correct": true}
{"task": "boolq", "id": "1061", "gold": "yes", "pred": "yes", "correct": true}
{"task": "boolq", "id": "3206", "gold": "yes", "pred": "yes", "correct": true}
{"task": "boolq", "id": "455", "gold": "yes", "pred": "no", "correct": false}
{"task": "boolq", "id": "1014", "gold": "yes", "pred": "yes", "correct": true}
{"task": "boolq", "id": "3122", "gold": "no", "pred": "no", "correct": true}
{"task": "boolq", "id": "2309", "gold": "no", "pred": "no", "correct": true}
{"task": "boolq", "id": "2597", "gold": "yes", "pred": "yes", "correct": true}
{"task": "boolq", "id": "1923", "gold": "yes", "pred": "no", "correct": false}
{"task": "boolq", "id": "174", "gold": "yes", "pred": "yes", "correct": true}
{"task": "boolq", "id": "1666", "gold": "no", "pred": "yes", "correct": false}
{"task": "boolq", "id": "326", "gold": "no", "pred": "no", "correct": true}
{"task": "boolq", "id": "1129", "gold": "yes", "pred": "yes", "correct": true}
{"task": "boolq", "id": "820", "gold": "yes", "pred": "yes", "correct": true}
{"task": "boolq", "id": "1483", "gold": "yes", "pred": "yes", "correct": true}
{"task": "boolq", "id": "2315", "gold": "yes", "pred": "no", "correct": false}
{"task": "boolq", "id": "600", "gold": "yes", "pred": "yes", "correct": true}
{"task": "boolq", "id": "2547", "gold": "no", "pred": "no", "correct": true}
{"task": "boolq", "id": "3195", "gold": "no", "pred": "no", "correct": true}
{"task": "boolq", "id": "370", "gold": "no", "pred": "no", "correct": true}
{"task": "boolq", "id": "738", "gold": "yes", "pred": "yes", "correct": true}
{"task": "boolq", "id": "3023", "gold": "yes", "pred": "no", "correct": false}
{"task": "boolq", "id": "2085", "gold": "no", "pred": "no", "correct": true}
{"task": "boolq", "id": "1620", "gold": "no", "pred": "no", "correct": true}
{"task": "boolq", "id": "2502", "gold": "no", "pred": "no", "correct": true}
{"task": "boolq", "id": "2782", "gold": "no", "pred": "no", "correct": true}
{
  "arc_challenge": {
    "accuracy": 0.89,
    "n": 300,
    "seconds": 20.577813863754272,
    "peak_mem_gb": 14.24509572982788
  },
  "hellaswag": {
    "accuracy": 0.85,
    "n": 300,
    "seconds": 24.05924654006958,
    "peak_mem_gb": 14.273049354553223
  },
  "boolq": {
    "accuracy": 0.8233333333333334,
    "n": 300,
    "seconds": 21.696616888046265,
    "peak_mem_gb": 14.28877878189087
  }
}
