Loading checkpoint shards:   0%|          | 0/6 [00:00<?, ?it/s]Loading checkpoint shards: 100%|██████████| 6/6 [00:00<00:00, 219.96it/s]
Using the latest cached version of the dataset since TIGER-Lab/MMLU-Pro couldn't be found on the Hugging Face Hub (offline mode is enabled).
Found the latest cached dataset configuration 'default' at /root/.cache/huggingface/datasets/TIGER-Lab___mmlu-pro/default/0.0.0/b189ec765aa7ed75c8acfea42df31fdae71f97be (last modified on Tue Jun  9 21:21:47 2026).
{"task": "mmlu_pro", "id": "4888", "gold": "H", "pred": "H", "correct": true}
{"task": "mmlu_pro", "id": "1458", "gold": "C", "pred": "B", "correct": false}
{"task": "mmlu_pro", "id": "351", "gold": "H", "pred": "E", "correct": false}
{"task": "mmlu_pro", "id": "9891", "gold": "I", "pred": "I", "correct": true}
{"task": "mmlu_pro", "id": "5167", "gold": "B", "pred": "B", "correct": true}
{"task": "mmlu_pro", "id": "7112", "gold": "G", "pred": "H", "correct": false}
{"task": "mmlu_pro", "id": "6376", "gold": "E", "pred": "E", "correct": true}
{"task": "mmlu_pro", "id": "8872", "gold": "A", "pred": "D", "correct": false}
{"task": "mmlu_pro", "id": "6026", "gold": "A", "pred": "F", "correct": false}
{"task": "mmlu_pro", "id": "2234", "gold": "C", "pred": "I", "correct": false}
{"task": "mmlu_pro", "id": "12119", "gold": "F", "pred": "I", "correct": false}
{"task": "mmlu_pro", "id": "3266", "gold": "J", "pred": "B", "correct": false}
{"task": "mmlu_pro", "id": "4512", "gold": "D", "pred": "D", "correct": true}
{"task": "mmlu_pro", "id": "7463", "gold": "D", "pred": "D", "correct": true}
{"task": "mmlu_pro", "id": "302", "gold": "H", "pred": "H", "correct": true}
{"task": "mmlu_pro", "id": "3744", "gold": "A", "pred": "I", "correct": false}
{"task": "mmlu_pro", "id": "10362", "gold": "A", "pred": "B", "correct": false}
{"task": "mmlu_pro", "id": "7638", "gold": "E", "pred": "E", "correct": true}
{"task": "mmlu_pro", "id": "479", "gold": "B", "pred": "E", "correct": false}
{"task": "mmlu_pro", "id": "1830", "gold": "I", "pred": "D", "correct": false}
{"task": "mmlu_pro", "id": "1496", "gold": "C", "pred": "D", "correct": false}
{"task": "mmlu_pro", "id": "11856", "gold": "I", "pred": "I", "correct": true}
{"task": "mmlu_pro", "id": "8350", "gold": "I", "pred": "I", "correct": true}
{"task": "mmlu_pro", "id": "7071", "gold": "F", "pred": "E", "correct": false}
{"task": "mmlu_pro", "id": "393", "gold": "J", "pred": "J", "correct": true}
{"task": "mmlu_pro", "id": "8585", "gold": "C", "pred": "D", "correct": false}
{"task": "mmlu_pro", "id": "10488", "gold": "D", "pred": "D", "correct": true}
{"task": "mmlu_pro", "id": "12254", "gold": "F", "pred": "F", "correct": true}
{"task": "mmlu_pro", "id": "7239", "gold": "F", "pred": "F", "correct": true}
{"task": "mmlu_pro", "id": "6041", "gold": "B", "pred": "H", "correct": false}
{"task": "mmlu_pro", "id": "1021", "gold": "E", "pred": "H", "correct": false}
{"task": "mmlu_pro", "id": "3489", "gold": "I", "pred": "I", "correct": true}
{"task": "mmlu_pro", "id": "654", "gold": "A", "pred": "A", "correct": true}
{"task": "mmlu_pro", "id": "9843", "gold": "A", "pred": "I", "correct": false}
{"task": "mmlu_pro", "id": "6209", "gold": "I", "pred": "I", "correct": true}
{"task": "mmlu_pro", "id": "10994", "gold": "E", "pred": "B", "correct": false}
{"task": "mmlu_pro", "id": "2934", "gold": "F", "pred": "F", "correct": true}
{"task": "mmlu_pro", "id": "10376", "gold": "A", "pred": "H", "correct": false}
{"task": "mmlu_pro", "id": "3660", "gold": "B", "pred": "B", "correct": true}
{"task": "mmlu_pro", "id": "6104", "gold": "I", "pred": "I", "correct": true}
{"task": "mmlu_pro", "id": "9454", "gold": "I", "pred": "J", "correct": false}
{"task": "mmlu_pro", "id": "6202", "gold": "F", "pred": "G", "correct": false}
{"task": "mmlu_pro", "id": "9561", "gold": "F", "pred": "H", "correct": false}
{"task": "mmlu_pro", "id": "4740", "gold": "C", "pred": "H", "correct": false}
{"task": "mmlu_pro", "id": "11039", "gold": "D", "pred": "J", "correct": false}
{"task": "mmlu_pro", "id": "5292", "gold": "C", "pred": "D", "correct": false}
{"task": "mmlu_pro", "id": "9576", "gold": "B", "pred": "H", "correct": false}
{"task": "mmlu_pro", "id": "1495", "gold": "D", "pred": "H", "correct": false}
{"task": "mmlu_pro", "id": "7950", "gold": "C", "pred": "I", "correct": false}
{"task": "mmlu_pro", "id": "3028", "gold": "D", "pred": "D", "correct": true}
{"task": "mmlu_pro", "id": "11987", "gold": "F", "pred": "I", "correct": false}
{"task": "mmlu_pro", "id": "8098", "gold": "D", "pred": "D", "correct": true}
{"task": "mmlu_pro", "id": "9867", "gold": "B", "pred": "B", "correct": true}
{"task": "mmlu_pro", "id": "7514", "gold": "C", "pred": "J", "correct": false}
{"task": "mmlu_pro", "id": "11293", "gold": "F", "pred": "F", "correct": true}
{"task": "mmlu_pro", "id": "10734", "gold": "I", "pred": "E", "correct": false}
{"task": "mmlu_pro", "id": "2796", "gold": "D", "pred": "D", "correct": true}
{"task": "mmlu_pro", "id": "3101", "gold": "H", "pred": "H", "correct": true}
{"task": "mmlu_pro", "id": "3043", "gold": "I", "pred": "I", "correct": true}
{"task": "mmlu_pro", "id": "8931", "gold": "G", "pred": "I", "correct": false}
{"task": "mmlu_pro", "id": "5442", "gold": "G", "pred": "E", "correct": false}
{"task": "mmlu_pro", "id": "11253", "gold": "D", "pred": "A", "correct": false}
{"task": "mmlu_pro", "id": "8708", "gold": "G", "pred": "F", "correct": false}
{"task": "mmlu_pro", "id": "3325", "gold": "B", "pred": "B", "correct": true}
{"task": "mmlu_pro", "id": "9730", "gold": "H", "pred": "F", "correct": false}
{"task": "mmlu_pro", "id": "1968", "gold": "G", "pred": "H", "correct": false}
{"task": "mmlu_pro", "id": "1438", "gold": "F", "pred": "E", "correct": false}
{"task": "mmlu_pro", "id": "1709", "gold": "B", "pred": "H", "correct": false}
{"task": "mmlu_pro", "id": "7152", "gold": "B", "pred": "B", "correct": true}
{"task": "mmlu_pro", "id": "714", "gold": "E", "pred": "E", "correct": true}
{"task": "mmlu_pro", "id": "9495", "gold": "J", "pred": "I", "correct": false}
{"task": "mmlu_pro", "id": "4646", "gold": "E", "pred": "E", "correct": true}
{"task": "mmlu_pro", "id": "9574", "gold": "F", "pred": "I", "correct": false}
{"task": "mmlu_pro", "id": "4729", "gold": "G", "pred": "E", "correct": false}
{"task": "mmlu_pro", "id": "9856", "gold": "D", "pred": "I", "correct": false}
{"task": "mmlu_pro", "id": "5567", "gold": "C", "pred": "E", "correct": false}
{"task": "mmlu_pro", "id": "1881", "gold": "E", "pred": "I", "correct": false}
{"task": "mmlu_pro", "id": "6218", "gold": "I", "pred": "H", "correct": false}
{"task": "mmlu_pro", "id": "4865", "gold": "A", "pred": "D", "correct": false}
{"task": "mmlu_pro", "id": "9071", "gold": "D", "pred": "D", "correct": true}
{"task": "mmlu_pro", "id": "5135", "gold": "C", "pred": "B", "correct": false}
{"task": "mmlu_pro", "id": "7633", "gold": "C", "pred": "C", "correct": true}
{"task": "mmlu_pro", "id": "9183", "gold": "H", "pred": "E", "correct": false}
{"task": "mmlu_pro", "id": "3698", "gold": "A", "pred": "I", "correct": false}
{"task": "mmlu_pro", "id": "4360", "gold": "D", "pred": "E", "correct": false}
{"task": "mmlu_pro", "id": "2552", "gold": "B", "pred": "B", "correct": true}
{"task": "mmlu_pro", "id": "1850", "gold": "E", "pred": "E", "correct": true}
{"task": "mmlu_pro", "id": "10354", "gold": "H", "pred": "C", "correct": false}
{"task": "mmlu_pro", "id": "2055", "gold": "G", "pred": "D", "correct": false}
{"task": "mmlu_pro", "id": "11809", "gold": "E", "pred": "E", "correct": true}
{"task": "mmlu_pro", "id": "8262", "gold": "E", "pred": "E", "correct": true}
{"task": "mmlu_pro", "id": "4023", "gold": "E", "pred": "E", "correct": true}
{"task": "mmlu_pro", "id": "5525", "gold": "C", "pred": "D", "correct": false}
{"task": "mmlu_pro", "id": "9126", "gold": "G", "pred": "G", "correct": true}
{"task": "mmlu_pro", "id": "2436", "gold": "D", "pred": "D", "correct": true}
{"task": "mmlu_pro", "id": "9902", "gold": "J", "pred": "J", "correct": true}
{"task": "mmlu_pro", "id": "1738", "gold": "E", "pred": "F", "correct": false}
{"task": "mmlu_pro", "id": "6439", "gold": "C", "pred": "H", "correct": false}
{"task": "mmlu_pro", "id": "2858", "gold": "H", "pred": "H", "correct": true}
{"task": "mmlu_pro", "id": "7544", "gold": "I", "pred": "I", "correct": true}
Using the latest cached version of the dataset since qiaojin/PubMedQA couldn't be found on the Hugging Face Hub (offline mode is enabled).
Found the latest cached dataset configuration 'pqa_labeled' at /root/.cache/huggingface/datasets/qiaojin___pub_med_qa/pqa_labeled/0.0.0/9001f2853fb87cab8d220904e0de81ac6973b318 (last modified on Tue Jun  9 21:22:06 2026).
{"task": "pubmedqa", "id": "24098953", "gold": "yes", "pred": "yes", "correct": true}
{"task": "pubmedqa", "id": "25103647", "gold": "maybe", "pred": "yes", "correct": false}
{"task": "pubmedqa", "id": "23972333", "gold": "yes", "pred": "yes", "correct": true}
{"task": "pubmedqa", "id": "10759659", "gold": "yes", "pred": "yes", "correct": true}
{"task": "pubmedqa", "id": "21880023", "gold": "no", "pred": "maybe", "correct": false}
{"task": "pubmedqa", "id": "14627582", "gold": "no", "pred": "yes", "correct": false}
{"task": "pubmedqa", "id": "22427593", "gold": "maybe", "pred": "yes", "correct": false}
{"task": "pubmedqa", "id": "17096624", "gold": "yes", "pred": "yes", "correct": true}
{"task": "pubmedqa", "id": "20497146", "gold": "yes", "pred": "yes", "correct": true}
{"task": "pubmedqa", "id": "15939071", "gold": "yes", "pred": "yes", "correct": true}
{"task": "pubmedqa", "id": "17259061", "gold": "yes", "pred": "yes", "correct": true}
{"task": "pubmedqa", "id": "21346501", "gold": "yes", "pred": "yes", "correct": true}
{"task": "pubmedqa", "id": "26818046", "gold": "yes", "pred": "yes", "correct": true}
{"task": "pubmedqa", "id": "26548832", "gold": "yes", "pred": "yes", "correct": true}
{"task": "pubmedqa", "id": "25311479", "gold": "yes", "pred": "maybe", "correct": false}
{"task": "pubmedqa", "id": "23088164", "gold": "no", "pred": "no", "correct": true}
{"task": "pubmedqa", "id": "18714572", "gold": "maybe", "pred": "yes", "correct": false}
{"task": "pubmedqa", "id": "14551704", "gold": "yes", "pred": "yes", "correct": true}
{"task": "pubmedqa", "id": "20353735", "gold": "no", "pred": "maybe", "correct": false}
{"task": "pubmedqa", "id": "24866606", "gold": "yes", "pred": "yes", "correct": true}
{"task": "pubmedqa", "id": "22236315", "gold": "no", "pred": "yes", "correct": false}
{"task": "pubmedqa", "id": "12970636", "gold": "no", "pred": "yes", "correct": false}
{"task": "pubmedqa", "id": "10490564", "gold": "yes", "pred": "yes", "correct": true}
{"task": "pubmedqa", "id": "9722752", "gold": "yes", "pred": "yes", "correct": true}
{"task": "pubmedqa", "id": "10966943", "gold": "no", "pred": "no", "correct": true}
{"task": "pubmedqa", "id": "27217036", "gold": "yes", "pred": "no", "correct": false}
{"task": "pubmedqa", "id": "19757704", "gold": "yes", "pred": "yes", "correct": true}
{"task": "pubmedqa", "id": "24599411", "gold": "yes", "pred": "yes", "correct": true}
{"task": "pubmedqa", "id": "19419587", "gold": "yes", "pred": "yes", "correct": true}
{"task": "pubmedqa", "id": "10158597", "gold": "yes", "pred": "yes", "correct": true}
{"task": "pubmedqa", "id": "19394934", "gold": "yes", "pred": "maybe", "correct": false}
{"task": "pubmedqa", "id": "14976655", "gold": "yes", "pred": "maybe", "correct": false}
{"task": "pubmedqa", "id": "26175531", "gold": "no", "pred": "maybe", "correct": false}
{"task": "pubmedqa", "id": "12790890", "gold": "maybe", "pred": "maybe", "correct": true}
{"task": "pubmedqa", "id": "14631523", "gold": "no", "pred": "no", "correct": true}
{"task": "pubmedqa", "id": "15879722", "gold": "yes", "pred": "yes", "correct": true}
{"task": "pubmedqa", "id": "18319270", "gold": "no", "pred": "maybe", "correct": false}
{"task": "pubmedqa", "id": "14612308", "gold": "no", "pred": "yes", "correct": false}
{"task": "pubmedqa", "id": "25488308", "gold": "no", "pred": "yes", "correct": false}
{"task": "pubmedqa", "id": "18802997", "gold": "maybe", "pred": "yes", "correct": false}
{"task": "pubmedqa", "id": "8847047", "gold": "no", "pred": "yes", "correct": false}
{"task": "pubmedqa", "id": "25255719", "gold": "yes", "pred": "no", "correct": false}
{"task": "pubmedqa", "id": "19852337", "gold": "yes", "pred": "yes", "correct": true}
{"task": "pubmedqa", "id": "2503176", "gold": "yes", "pred": "yes", "correct": true}
{"task": "pubmedqa", "id": "25156467", "gold": "yes", "pred": "yes", "correct": true}
{"task": "pubmedqa", "id": "15483019", "gold": "yes", "pred": "no", "correct": false}
{"task": "pubmedqa", "id": "26485091", "gold": "no", "pred": "no", "correct": true}
{"task": "pubmedqa", "id": "23449952", "gold": "no", "pred": "no", "correct": true}
{"task": "pubmedqa", "id": "18948835", "gold": "yes", "pred": "yes", "correct": true}
{"task": "pubmedqa", "id": "17089900", "gold": "yes", "pred": "yes", "correct": true}
{"task": "pubmedqa", "id": "18065862", "gold": "yes", "pred": "yes", "correct": true}
{"task": "pubmedqa", "id": "26044262", "gold": "no", "pred": "yes", "correct": false}
{"task": "pubmedqa", "id": "17329379", "gold": "yes", "pred": "yes", "correct": true}
{"task": "pubmedqa", "id": "23264436", "gold": "yes", "pred": "yes", "correct": true}
{"task": "pubmedqa", "id": "23356465", "gold": "yes", "pred": "no", "correct": false}
{"task": "pubmedqa", "id": "17276801", "gold": "yes", "pred": "yes", "correct": true}
{"task": "pubmedqa", "id": "19520213", "gold": "no", "pred": "no", "correct": true}
{"task": "pubmedqa", "id": "22302658", "gold": "maybe", "pred": "yes", "correct": false}
{"task": "pubmedqa", "id": "11601252", "gold": "yes", "pred": "yes", "correct": true}
{"task": "pubmedqa", "id": "22813804", "gold": "no", "pred": "yes", "correct": false}
{"task": "pubmedqa", "id": "23283159", "gold": "yes", "pred": "yes", "correct": true}
{"task": "pubmedqa", "id": "28143468", "gold": "yes", "pred": "yes", "correct": true}
{"task": "pubmedqa", "id": "20736672", "gold": "maybe", "pred": "yes", "correct": false}
{"task": "pubmedqa", "id": "17483607", "gold": "yes", "pred": "no", "correct": false}
{"task": "pubmedqa", "id": "24352924", "gold": "yes", "pred": "no", "correct": false}
{"task": "pubmedqa", "id": "23002947", "gold": "no", "pred": "no", "correct": true}
{"task": "pubmedqa", "id": "22519710", "gold": "no", "pred": "maybe", "correct": false}
{"task": "pubmedqa", "id": "23792130", "gold": "yes", "pred": "yes", "correct": true}
{"task": "pubmedqa", "id": "15528969", "gold": "yes", "pred": "yes", "correct": true}
{"task": "pubmedqa", "id": "24666444", "gold": "no", "pred": "maybe", "correct": false}
{"task": "pubmedqa", "id": "22211919", "gold": "maybe", "pred": "yes", "correct": false}
{"task": "pubmedqa", "id": "21368683", "gold": "yes", "pred": "yes", "correct": true}
{"task": "pubmedqa", "id": "9483814", "gold": "yes", "pred": "maybe", "correct": false}
{"task": "pubmedqa", "id": "17295865", "gold": "yes", "pred": "yes", "correct": true}
{"task": "pubmedqa", "id": "15151701", "gold": "yes", "pred": "yes", "correct": true}
{"task": "pubmedqa", "id": "22411435", "gold": "yes", "pred": "yes", "correct": true}
{"task": "pubmedqa", "id": "20304513", "gold": "no", "pred": "yes", "correct": false}
{"task": "pubmedqa", "id": "15223779", "gold": "yes", "pred": "yes", "correct": true}
{"task": "pubmedqa", "id": "10548670", "gold": "yes", "pred": "no", "correct": false}
{"task": "pubmedqa", "id": "22350859", "gold": "yes", "pred": "no", "correct": false}
{"task": "pubmedqa", "id": "18322741", "gold": "yes", "pred": "yes", "correct": true}
{"task": "pubmedqa", "id": "26708803", "gold": "maybe", "pred": "yes", "correct": false}
{"task": "pubmedqa", "id": "22564465", "gold": "yes", "pred": "yes", "correct": true}
{"task": "pubmedqa", "id": "18388848", "gold": "yes", "pred": "yes", "correct": true}
{"task": "pubmedqa", "id": "15703931", "gold": "no", "pred": "no", "correct": true}
{"task": "pubmedqa", "id": "19643525", "gold": "no", "pred": "no", "correct": true}
{"task": "pubmedqa", "id": "23348330", "gold": "yes", "pred": "yes", "correct": true}
{"task": "pubmedqa", "id": "11138995", "gold": "no", "pred": "no", "correct": true}
{"task": "pubmedqa", "id": "19664156", "gold": "yes", "pred": "yes", "correct": true}
{"task": "pubmedqa", "id": "26063028", "gold": "yes", "pred": "yes", "correct": true}
{"task": "pubmedqa", "id": "24739448", "gold": "no", "pred": "no", "correct": true}
{"task": "pubmedqa", "id": "23096188", "gold": "yes", "pred": "yes", "correct": true}
{"task": "pubmedqa", "id": "27184293", "gold": "maybe", "pred": "maybe", "correct": true}
{"task": "pubmedqa", "id": "22680064", "gold": "yes", "pred": "yes", "correct": true}
{"task": "pubmedqa", "id": "23735520", "gold": "yes", "pred": "yes", "correct": true}
{"task": "pubmedqa", "id": "15954832", "gold": "yes", "pred": "yes", "correct": true}
{"task": "pubmedqa", "id": "14745753", "gold": "yes", "pred": "maybe", "correct": false}
{"task": "pubmedqa", "id": "23455575", "gold": "no", "pred": "no", "correct": true}
{"task": "pubmedqa", "id": "12626177", "gold": "maybe", "pred": "yes", "correct": false}
{"task": "pubmedqa", "id": "23774337", "gold": "no", "pred": "maybe", "correct": false}
Using the latest cached version of the dataset since ceval/ceval-exam couldn't be found on the Hugging Face Hub (offline mode is enabled).
Found the latest cached dataset configuration 'computer_network' at /root/.cache/huggingface/datasets/ceval___ceval-exam/computer_network/0.0.0/617524a00b307ff6f9933702f724131fe12ca7ce (last modified on Tue Jun  9 21:22:29 2026).
{"task": "ceval_computer_network", "id": "74", "gold": "B", "pred": "D", "correct": false}
{"task": "ceval_computer_network", "id": "21", "gold": "C", "pred": "C", "correct": true}
{"task": "ceval_computer_network", "id": "4", "gold": "A", "pred": "D", "correct": false}
{"task": "ceval_computer_network", "id": "151", "gold": "C", "pred": "B", "correct": false}
{"task": "ceval_computer_network", "id": "78", "gold": "D", "pred": "C", "correct": false}
{"task": "ceval_computer_network", "id": "108", "gold": "A", "pred": "A", "correct": true}
{"task": "ceval_computer_network", "id": "97", "gold": "B", "pred": "B", "correct": true}
{"task": "ceval_computer_network", "id": "135", "gold": "A", "pred": "A", "correct": true}
{"task": "ceval_computer_network", "id": "91", "gold": "B", "pred": "A", "correct": false}
{"task": "ceval_computer_network", "id": "33", "gold": "A", "pred": "B", "correct": false}
{"task": "ceval_computer_network", "id": "49", "gold": "B", "pred": "B", "correct": true}
{"task": "ceval_computer_network", "id": "68", "gold": "C", "pred": "C", "correct": true}
{"task": "ceval_computer_network", "id": "113", "gold": "D", "pred": "B", "correct": false}
{"task": "ceval_computer_network", "id": "3", "gold": "C", "pred": "A", "correct": false}
{"task": "ceval_computer_network", "id": "56", "gold": "A", "pred": "A", "correct": true}
{"task": "ceval_computer_network", "id": "116", "gold": "B", "pred": "B", "correct": true}
{"task": "ceval_computer_network", "id": "6", "gold": "C", "pred": "C", "correct": true}
{"task": "ceval_computer_network", "id": "27", "gold": "C", "pred": "A", "correct": false}
{"task": "ceval_computer_network", "id": "169", "gold": "D", "pred": "C", "correct": false}
{"task": "ceval_computer_network", "id": "127", "gold": "B", "pred": "B", "correct": true}
{"task": "ceval_computer_network", "id": "107", "gold": "D", "pred": "C", "correct": false}
{"task": "ceval_computer_network", "id": "5", "gold": "D", "pred": "B", "correct": false}
{"task": "ceval_computer_network", "id": "131", "gold": "A", "pred": "A", "correct": true}
{"task": "ceval_computer_network", "id": "110", "gold": "D", "pred": "D", "correct": true}
{"task": "ceval_computer_network", "id": "162", "gold": "A", "pred": "C", "correct": false}
{"task": "ceval_computer_network", "id": "14", "gold": "B", "pred": "B", "correct": true}
{"task": "ceval_computer_network", "id": "52", "gold": "D", "pred": "D", "correct": true}
{"task": "ceval_computer_network", "id": "9", "gold": "D", "pred": "B", "correct": false}
{"task": "ceval_computer_network", "id": "94", "gold": "B", "pred": "D", "correct": false}
{"task": "ceval_computer_network", "id": "44", "gold": "D", "pred": "D", "correct": true}
{"task": "ceval_computer_network", "id": "55", "gold": "B", "pred": "B", "correct": true}
{"task": "ceval_computer_network", "id": "92", "gold": "B", "pred": "B", "correct": true}
{"task": "ceval_computer_network", "id": "142", "gold": "B", "pred": "B", "correct": true}
{"task": "ceval_computer_network", "id": "72", "gold": "C", "pred": "C", "correct": true}
{"task": "ceval_computer_network", "id": "80", "gold": "D", "pred": "D", "correct": true}
{"task": "ceval_computer_network", "id": "152", "gold": "B", "pred": "B", "correct": true}
{"task": "ceval_computer_network", "id": "121", "gold": "C", "pred": "C", "correct": true}
{"task": "ceval_computer_network", "id": "45", "gold": "A", "pred": "A", "correct": true}
{"task": "ceval_computer_network", "id": "123", "gold": "B", "pred": "B", "correct": true}
{"task": "ceval_computer_network", "id": "114", "gold": "C", "pred": "B", "correct": false}
{"task": "ceval_computer_network", "id": "41", "gold": "A", "pred": "A", "correct": true}
{"task": "ceval_computer_network", "id": "46", "gold": "C", "pred": "C", "correct": true}
{"task": "ceval_computer_network", "id": "133", "gold": "D", "pred": "B", "correct": false}
{"task": "ceval_computer_network", "id": "82", "gold": "D", "pred": "B", "correct": false}
{"task": "ceval_computer_network", "id": "86", "gold": "A", "pred": "B", "correct": false}
{"task": "ceval_computer_network", "id": "104", "gold": "A", "pred": "D", "correct": false}
{"task": "ceval_computer_network", "id": "66", "gold": "B", "pred": "D", "correct": false}
{"task": "ceval_computer_network", "id": "25", "gold": "B", "pred": "A", "correct": false}
{"task": "ceval_computer_network", "id": "170", "gold": "A", "pred": "B", "correct": false}
{"task": "ceval_computer_network", "id": "145", "gold": "A", "pred": "A", "correct": true}
{"task": "ceval_computer_network", "id": "10", "gold": "B", "pred": "B", "correct": true}
{"task": "ceval_computer_network", "id": "12", "gold": "A", "pred": "C", "correct": false}
{"task": "ceval_computer_network", "id": "54", "gold": "A", "pred": "A", "correct": true}
{"task": "ceval_computer_network", "id": "168", "gold": "A", "pred": "C", "correct": false}
{"task": "ceval_computer_network", "id": "137", "gold": "B", "pred": "B", "correct": true}
{"task": "ceval_computer_network", "id": "35", "gold": "C", "pred": "C", "correct": true}
{"task": "ceval_computer_network", "id": "73", "gold": "B", "pred": "B", "correct": true}
{"task": "ceval_computer_network", "id": "115", "gold": "C", "pred": "B", "correct": false}
{"task": "ceval_computer_network", "id": "105", "gold": "A", "pred": "A", "correct": true}
{"task": "ceval_computer_network", "id": "75", "gold": "C", "pred": "D", "correct": false}
{"task": "ceval_computer_network", "id": "42", "gold": "B", "pred": "C", "correct": false}
{"task": "ceval_computer_network", "id": "13", "gold": "B", "pred": "B", "correct": true}
{"task": "ceval_computer_network", "id": "47", "gold": "C", "pred": "C", "correct": true}
{"task": "ceval_computer_network", "id": "36", "gold": "C", "pred": "D", "correct": false}
{"task": "ceval_computer_network", "id": "69", "gold": "B", "pred": "B", "correct": true}
{"task": "ceval_computer_network", "id": "39", "gold": "C", "pred": "C", "correct": true}
{"task": "ceval_computer_network", "id": "99", "gold": "D", "pred": "D", "correct": true}
{"task": "ceval_computer_network", "id": "58", "gold": "B", "pred": "A", "correct": false}
{"task": "ceval_computer_network", "id": "70", "gold": "D", "pred": "D", "correct": true}
{"task": "ceval_computer_network", "id": "153", "gold": "B", "pred": "C", "correct": false}
{"task": "ceval_computer_network", "id": "161", "gold": "B", "pred": "D", "correct": false}
{"task": "ceval_computer_network", "id": "19", "gold": "B", "pred": "D", "correct": false}
{"task": "ceval_computer_network", "id": "109", "gold": "A", "pred": "B", "correct": false}
{"task": "ceval_computer_network", "id": "79", "gold": "C", "pred": "C", "correct": true}
{"task": "ceval_computer_network", "id": "15", "gold": "D", "pred": "D", "correct": true}
{"task": "ceval_computer_network", "id": "90", "gold": "A", "pred": "A", "correct": true}
{"task": "ceval_computer_network", "id": "63", "gold": "B", "pred": "B", "correct": true}
{"task": "ceval_computer_network", "id": "30", "gold": "C", "pred": "C", "correct": true}
{"task": "ceval_computer_network", "id": "147", "gold": "B", "pred": "B", "correct": true}
{"task": "ceval_computer_network", "id": "106", "gold": "B", "pred": "B", "correct": true}
{"task": "ceval_computer_network", "id": "18", "gold": "D", "pred": "C", "correct": false}
{"task": "ceval_computer_network", "id": "111", "gold": "D", "pred": "D", "correct": true}
{"task": "ceval_computer_network", "id": "119", "gold": "C", "pred": "C", "correct": true}
{"task": "ceval_computer_network", "id": "160", "gold": "C", "pred": "A", "correct": false}
{"task": "ceval_computer_network", "id": "163", "gold": "D", "pred": "C", "correct": false}
{"task": "ceval_computer_network", "id": "57", "gold": "B", "pred": "B", "correct": true}
{"task": "ceval_computer_network", "id": "117", "gold": "A", "pred": "A", "correct": true}
{"task": "ceval_computer_network", "id": "7", "gold": "A", "pred": "C", "correct": false}
{"task": "ceval_computer_network", "id": "136", "gold": "B", "pred": "B", "correct": true}
{"task": "ceval_computer_network", "id": "53", "gold": "C", "pred": "B", "correct": false}
{"task": "ceval_computer_network", "id": "50", "gold": "B", "pred": "A", "correct": false}
{"task": "ceval_computer_network", "id": "2", "gold": "C", "pred": "C", "correct": true}
{"task": "ceval_computer_network", "id": "20", "gold": "D", "pred": "D", "correct": true}
{"task": "ceval_computer_network", "id": "28", "gold": "C", "pred": "D", "correct": false}
{"task": "ceval_computer_network", "id": "1", "gold": "D", "pred": "D", "correct": true}
{"task": "ceval_computer_network", "id": "77", "gold": "B", "pred": "B", "correct": true}
{"task": "ceval_computer_network", "id": "83", "gold": "A", "pred": "B", "correct": false}
{"task": "ceval_computer_network", "id": "159", "gold": "B", "pred": "B", "correct": true}
{"task": "ceval_computer_network", "id": "156", "gold": "C", "pred": "C", "correct": true}
{"task": "ceval_computer_network", "id": "11", "gold": "A", "pred": "A", "correct": true}
Using the latest cached version of the dataset since allenai/sciq couldn't be found on the Hugging Face Hub (offline mode is enabled).
Found the latest cached dataset configuration 'default' at /root/.cache/huggingface/datasets/allenai___sciq/default/0.0.0/2c94ad3e1aafab77146f384e23536f97a4849815 (last modified on Tue Jun  9 21:22:56 2026).
{"task": "sciq", "id": "947", "gold": "C", "pred": "C", "correct": true}
{"task": "sciq", "id": "798", "gold": "B", "pred": "B", "correct": true}
{"task": "sciq", "id": "971", "gold": "B", "pred": "B", "correct": true}
{"task": "sciq", "id": "296", "gold": "D", "pred": "D", "correct": true}
{"task": "sciq", "id": "913", "gold": "D", "pred": "D", "correct": true}
{"task": "sciq", "id": "849", "gold": "A", "pred": "A", "correct": true}
{"task": "sciq", "id": "85", "gold": "A", "pred": "A", "correct": true}
{"task": "sciq", "id": "17", "gold": "B", "pred": "D", "correct": false}
{"task": "sciq", "id": "606", "gold": "B", "pred": "B", "correct": true}
{"task": "sciq", "id": "314", "gold": "B", "pred": "B", "correct": true}
{"task": "sciq", "id": "433", "gold": "B", "pred": "B", "correct": true}
{"task": "sciq", "id": "388", "gold": "D", "pred": "D", "correct": true}
{"task": "sciq", "id": "542", "gold": "C", "pred": "C", "correct": true}
{"task": "sciq", "id": "366", "gold": "A", "pred": "A", "correct": true}
{"task": "sciq", "id": "133", "gold": "D", "pred": "D", "correct": true}
{"task": "sciq", "id": "743", "gold": "D", "pred": "D", "correct": true}
{"task": "sciq", "id": "196", "gold": "C", "pred": "B", "correct": false}
{"task": "sciq", "id": "273", "gold": "C", "pred": "C", "correct": true}
{"task": "sciq", "id": "455", "gold": "A", "pred": "A", "correct": true}
{"task": "sciq", "id": "14", "gold": "D", "pred": "D", "correct": true}
{"task": "sciq", "id": "226", "gold": "A", "pred": "A", "correct": true}
{"task": "sciq", "id": "635", "gold": "D", "pred": "D", "correct": true}
{"task": "sciq", "id": "465", "gold": "C", "pred": "C", "correct": true}
{"task": "sciq", "id": "923", "gold": "A", "pred": "A", "correct": true}
{"task": "sciq", "id": "25", "gold": "C", "pred": "D", "correct": false}
{"task": "sciq", "id": "108", "gold": "C", "pred": "C", "correct": true}
{"task": "sciq", "id": "87", "gold": "B", "pred": "B", "correct": true}
{"task": "sciq", "id": "727", "gold": "D", "pred": "D", "correct": true}
{"task": "sciq", "id": "510", "gold": "D", "pred": "D", "correct": true}
{"task": "sciq", "id": "431", "gold": "A", "pred": "A", "correct": true}
{"task": "sciq", "id": "20", "gold": "D", "pred": "D", "correct": true}
{"task": "sciq", "id": "524", "gold": "C", "pred": "C", "correct": true}
{"task": "sciq", "id": "642", "gold": "A", "pred": "B", "correct": false}
{"task": "sciq", "id": "751", "gold": "D", "pred": "A", "correct": false}
{"task": "sciq", "id": "441", "gold": "B", "pred": "B", "correct": true}
{"task": "sciq", "id": "367", "gold": "B", "pred": "B", "correct": true}
{"task": "sciq", "id": "789", "gold": "C", "pred": "C", "correct": true}
{"task": "sciq", "id": "58", "gold": "D", "pred": "D", "correct": true}
{"task": "sciq", "id": "210", "gold": "B", "pred": "B", "correct": true}
{"task": "sciq", "id": "801", "gold": "C", "pred": "C", "correct": true}
{"task": "sciq", "id": "36", "gold": "B", "pred": "D", "correct": false}
{"task": "sciq", "id": "603", "gold": "A", "pred": "A", "correct": true}
{"task": "sciq", "id": "377", "gold": "A", "pred": "A", "correct": true}
{"task": "sciq", "id": "673", "gold": "D", "pred": "D", "correct": true}
{"task": "sciq", "id": "176", "gold": "A", "pred": "A", "correct": true}
{"task": "sciq", "id": "978", "gold": "A", "pred": "A", "correct": true}
{"task": "sciq", "id": "221", "gold": "B", "pred": "B", "correct": true}
{"task": "sciq", "id": "752", "gold": "B", "pred": "B", "correct": true}
{"task": "sciq", "id": "371", "gold": "C", "pred": "D", "correct": false}
{"task": "sciq", "id": "579", "gold": "A", "pred": "A", "correct": true}
{"task": "sciq", "id": "778", "gold": "B", "pred": "B", "correct": true}
{"task": "sciq", "id": "880", "gold": "B", "pred": "B", "correct": true}
{"task": "sciq", "id": "957", "gold": "B", "pred": "B", "correct": true}
{"task": "sciq", "id": "585", "gold": "C", "pred": "C", "correct": true}
{"task": "sciq", "id": "288", "gold": "B", "pred": "B", "correct": true}
{"task": "sciq", "id": "676", "gold": "C", "pred": "C", "correct": true}
{"task": "sciq", "id": "321", "gold": "C", "pred": "C", "correct": true}
{"task": "sciq", "id": "586", "gold": "D", "pred": "D", "correct": true}
{"task": "sciq", "id": "973", "gold": "A", "pred": "B", "correct": false}
{"task": "sciq", "id": "833", "gold": "C", "pred": "C", "correct": true}
{"task": "sciq", "id": "485", "gold": "B", "pred": "B", "correct": true}
{"task": "sciq", "id": "181", "gold": "A", "pred": "A", "correct": true}
{"task": "sciq", "id": "735", "gold": "A", "pred": "A", "correct": true}
{"task": "sciq", "id": "494", "gold": "B", "pred": "B", "correct": true}
{"task": "sciq", "id": "604", "gold": "A", "pred": "A", "correct": true}
{"task": "sciq", "id": "810", "gold": "D", "pred": "D", "correct": true}
{"task": "sciq", "id": "458", "gold": "A", "pred": "A", "correct": true}
{"task": "sciq", "id": "691", "gold": "C", "pred": "C", "correct": true}
{"task": "sciq", "id": "657", "gold": "A", "pred": "A", "correct": true}
{"task": "sciq", "id": "167", "gold": "C", "pred": "C", "correct": true}
{"task": "sciq", "id": "186", "gold": "C", "pred": "C", "correct": true}
{"task": "sciq", "id": "818", "gold": "C", "pred": "C", "correct": true}
{"task": "sciq", "id": "182", "gold": "A", "pred": "A", "correct": true}
{"task": "sciq", "id": "546", "gold": "D", "pred": "D", "correct": true}
{"task": "sciq", "id": "331", "gold": "A", "pred": "A", "correct": true}
{"task": "sciq", "id": "689", "gold": "D", "pred": "D", "correct": true}
{"task": "sciq", "id": "835", "gold": "D", "pred": "D", "correct": true}
{"task": "sciq", "id": "532", "gold": "D", "pred": "D", "correct": true}
{"task": "sciq", "id": "200", "gold": "A", "pred": "A", "correct": true}
{"task": "sciq", "id": "596", "gold": "D", "pred": "D", "correct": true}
{"task": "sciq", "id": "117", "gold": "B", "pred": "B", "correct": true}
{"task": "sciq", "id": "84", "gold": "B", "pred": "B", "correct": true}
{"task": "sciq", "id": "100", "gold": "C", "pred": "C", "correct": true}
{"task": "sciq", "id": "436", "gold": "D", "pred": "A", "correct": false}
{"task": "sciq", "id": "39", "gold": "D", "pred": "D", "correct": true}
{"task": "sciq", "id": "581", "gold": "B", "pred": "B", "correct": true}
{"task": "sciq", "id": "282", "gold": "D", "pred": "D", "correct": true}
{"task": "sciq", "id": "942", "gold": "C", "pred": "C", "correct": true}
{"task": "sciq", "id": "287", "gold": "D", "pred": "D", "correct": true}
{"task": "sciq", "id": "840", "gold": "B", "pred": "B", "correct": true}
{"task": "sciq", "id": "935", "gold": "D", "pred": "D", "correct": true}
{"task": "sciq", "id": "338", "gold": "B", "pred": "B", "correct": true}
{"task": "sciq", "id": "111", "gold": "B", "pred": "B", "correct": true}
{"task": "sciq", "id": "378", "gold": "A", "pred": "A", "correct": true}
{"task": "sciq", "id": "295", "gold": "B", "pred": "B", "correct": true}
{"task": "sciq", "id": "555", "gold": "D", "pred": "D", "correct": true}
{"task": "sciq", "id": "312", "gold": "C", "pred": "C", "correct": true}
{"task": "sciq", "id": "796", "gold": "B", "pred": "A", "correct": false}
{"task": "sciq", "id": "977", "gold": "A", "pred": "A", "correct": true}
{"task": "sciq", "id": "562", "gold": "A", "pred": "A", "correct": true}
Using the latest cached version of the dataset since allenai/winogrande couldn't be found on the Hugging Face Hub (offline mode is enabled).
Found the latest cached dataset configuration 'winogrande_xl' at /root/.cache/huggingface/datasets/allenai___winogrande/winogrande_xl/0.0.0/01e74176c63542e6b0bcb004dcdea22d94fb67b5 (last modified on Tue Jun  9 21:23:22 2026).
{"task": "winogrande", "id": "593", "gold": "A", "pred": "B", "correct": false}
{"task": "winogrande", "id": "171", "gold": "A", "pred": "A", "correct": true}
{"task": "winogrande", "id": "34", "gold": "B", "pred": "B", "correct": true}
{"task": "winogrande", "id": "1212", "gold": "B", "pred": "B", "correct": true}
{"task": "winogrande", "id": "628", "gold": "A", "pred": "B", "correct": false}
{"task": "winogrande", "id": "867", "gold": "A", "pred": "A", "correct": true}
{"task": "winogrande", "id": "776", "gold": "A", "pred": "A", "correct": true}
{"task": "winogrande", "id": "1085", "gold": "A", "pred": "B", "correct": false}
{"task": "winogrande", "id": "733", "gold": "A", "pred": "A", "correct": true}
{"task": "winogrande", "id": "266", "gold": "B", "pred": "B", "correct": true}
{"task": "winogrande", "id": "393", "gold": "B", "pred": "B", "correct": true}
{"task": "winogrande", "id": "547", "gold": "A", "pred": "A", "correct": true}
{"task": "winogrande", "id": "910", "gold": "A", "pred": "B", "correct": false}
{"task": "winogrande", "id": "28", "gold": "A", "pred": "A", "correct": true}
{"task": "winogrande", "id": "452", "gold": "A", "pred": "A", "correct": true}
{"task": "winogrande", "id": "931", "gold": "B", "pred": "A", "correct": false}
{"task": "winogrande", "id": "50", "gold": "A", "pred": "A", "correct": true}
{"task": "winogrande", "id": "216", "gold": "A", "pred": "A", "correct": true}
{"task": "winogrande", "id": "175", "gold": "B", "pred": "B", "correct": true}
{"task": "winogrande", "id": "1020", "gold": "B", "pred": "B", "correct": true}
{"task": "winogrande", "id": "862", "gold": "A", "pred": "A", "correct": true}
{"task": "winogrande", "id": "40", "gold": "A", "pred": "A", "correct": true}
{"task": "winogrande", "id": "1049", "gold": "A", "pred": "B", "correct": false}
{"task": "winogrande", "id": "883", "gold": "B", "pred": "B", "correct": true}
{"task": "winogrande", "id": "735", "gold": "B", "pred": "B", "correct": true}
{"task": "winogrande", "id": "117", "gold": "B", "pred": "B", "correct": true}
{"task": "winogrande", "id": "421", "gold": "B", "pred": "A", "correct": false}
{"task": "winogrande", "id": "72", "gold": "A", "pred": "A", "correct": true}
{"task": "winogrande", "id": "1206", "gold": "A", "pred": "A", "correct": true}
{"task": "winogrande", "id": "755", "gold": "A", "pred": "A", "correct": true}
{"task": "winogrande", "id": "352", "gold": "B", "pred": "B", "correct": true}
{"task": "winogrande", "id": "442", "gold": "B", "pred": "A", "correct": false}
{"task": "winogrande", "id": "742", "gold": "A", "pred": "B", "correct": false}
{"task": "winogrande", "id": "1158", "gold": "B", "pred": "B", "correct": true}
{"task": "winogrande", "id": "1171", "gold": "B", "pred": "B", "correct": true}
{"task": "winogrande", "id": "576", "gold": "A", "pred": "A", "correct": true}
{"task": "winogrande", "id": "643", "gold": "A", "pred": "B", "correct": false}
{"task": "winogrande", "id": "1173", "gold": "B", "pred": "B", "correct": true}
{"task": "winogrande", "id": "970", "gold": "A", "pred": "A", "correct": true}
{"task": "winogrande", "id": "363", "gold": "A", "pred": "A", "correct": true}
{"task": "winogrande", "id": "989", "gold": "A", "pred": "A", "correct": true}
{"task": "winogrande", "id": "1209", "gold": "B", "pred": "B", "correct": true}
{"task": "winogrande", "id": "916", "gold": "A", "pred": "A", "correct": true}
{"task": "winogrande", "id": "335", "gold": "A", "pred": "A", "correct": true}
{"task": "winogrande", "id": "372", "gold": "B", "pred": "B", "correct": true}
{"task": "winogrande", "id": "365", "gold": "B", "pred": "B", "correct": true}
{"task": "winogrande", "id": "1092", "gold": "B", "pred": "A", "correct": false}
{"task": "winogrande", "id": "662", "gold": "A", "pred": "B", "correct": false}
{"task": "winogrande", "id": "1065", "gold": "B", "pred": "B", "correct": true}
{"task": "winogrande", "id": "400", "gold": "B", "pred": "B", "correct": true}
{"task": "winogrande", "id": "1192", "gold": "B", "pred": "B", "correct": true}
{"task": "winogrande", "id": "234", "gold": "B", "pred": "B", "correct": true}
{"task": "winogrande", "id": "168", "gold": "B", "pred": "B", "correct": true}
{"task": "winogrande", "id": "201", "gold": "B", "pred": "B", "correct": true}
{"task": "winogrande", "id": "872", "gold": "A", "pred": "B", "correct": false}
{"task": "winogrande", "id": "79", "gold": "A", "pred": "A", "correct": true}
{"task": "winogrande", "id": "1163", "gold": "A", "pred": "B", "correct": false}
{"task": "winogrande", "id": "564", "gold": "A", "pred": "B", "correct": false}
{"task": "winogrande", "id": "574", "gold": "A", "pred": "B", "correct": false}
{"task": "winogrande", "id": "1208", "gold": "A", "pred": "A", "correct": true}
{"task": "winogrande", "id": "677", "gold": "A", "pred": "A", "correct": true}
{"task": "winogrande", "id": "223", "gold": "A", "pred": "A", "correct": true}
{"task": "winogrande", "id": "757", "gold": "B", "pred": "A", "correct": false}
{"task": "winogrande", "id": "590", "gold": "B", "pred": "B", "correct": true}
{"task": "winogrande", "id": "1110", "gold": "A", "pred": "A", "correct": true}
{"task": "winogrande", "id": "624", "gold": "A", "pred": "A", "correct": true}
{"task": "winogrande", "id": "1124", "gold": "A", "pred": "B", "correct": false}
{"task": "winogrande", "id": "447", "gold": "B", "pred": "B", "correct": true}
{"task": "winogrande", "id": "529", "gold": "B", "pred": "B", "correct": true}
{"task": "winogrande", "id": "306", "gold": "A", "pred": "A", "correct": true}
{"task": "winogrande", "id": "219", "gold": "B", "pred": "B", "correct": true}
{"task": "winogrande", "id": "244", "gold": "A", "pred": "B", "correct": false}
{"task": "winogrande", "id": "1009", "gold": "B", "pred": "B", "correct": true}
{"task": "winogrande", "id": "487", "gold": "B", "pred": "B", "correct": true}
{"task": "winogrande", "id": "672", "gold": "A", "pred": "A", "correct": true}
{"task": "winogrande", "id": "1117", "gold": "A", "pred": "B", "correct": false}
{"task": "winogrande", "id": "291", "gold": "A", "pred": "A", "correct": true}
{"task": "winogrande", "id": "1213", "gold": "A", "pred": "B", "correct": false}
{"task": "winogrande", "id": "205", "gold": "B", "pred": "A", "correct": false}
{"task": "winogrande", "id": "784", "gold": "A", "pred": "A", "correct": true}
{"task": "winogrande", "id": "342", "gold": "A", "pred": "A", "correct": true}
{"task": "winogrande", "id": "920", "gold": "A", "pred": "A", "correct": true}
{"task": "winogrande", "id": "69", "gold": "A", "pred": "A", "correct": true}
{"task": "winogrande", "id": "114", "gold": "B", "pred": "B", "correct": true}
{"task": "winogrande", "id": "852", "gold": "A", "pred": "A", "correct": true}
{"task": "winogrande", "id": "805", "gold": "A", "pred": "A", "correct": true}
{"task": "winogrande", "id": "47", "gold": "B", "pred": "B", "correct": true}
{"task": "winogrande", "id": "332", "gold": "B", "pred": "A", "correct": false}
{"task": "winogrande", "id": "462", "gold": "B", "pred": "B", "correct": true}
{"task": "winogrande", "id": "26", "gold": "A", "pred": "B", "correct": false}
{"task": "winogrande", "id": "455", "gold": "B", "pred": "A", "correct": false}
{"task": "winogrande", "id": "116", "gold": "B", "pred": "B", "correct": true}
{"task": "winogrande", "id": "1103", "gold": "A", "pred": "A", "correct": true}
{"task": "winogrande", "id": "911", "gold": "B", "pred": "B", "correct": true}
{"task": "winogrande", "id": "190", "gold": "A", "pred": "A", "correct": true}
{"task": "winogrande", "id": "708", "gold": "A", "pred": "A", "correct": true}
{"task": "winogrande", "id": "32", "gold": "B", "pred": "B", "correct": true}
{"task": "winogrande", "id": "772", "gold": "A", "pred": "A", "correct": true}
{"task": "winogrande", "id": "1004", "gold": "A", "pred": "B", "correct": false}
{"task": "winogrande", "id": "395", "gold": "B", "pred": "B", "correct": true}
Using the latest cached version of the dataset since tau/commonsense_qa couldn't be found on the Hugging Face Hub (offline mode is enabled).
Found the latest cached dataset configuration 'default' at /root/.cache/huggingface/datasets/tau___commonsense_qa/default/0.0.0/94630fe30dad47192a8546eb75f094926d47e155 (last modified on Tue Jun  9 21:40:30 2026).
{"task": "commonsenseqa", "id": "8b25332de2894ab38784235838d38cec", "gold": "E", "pred": "E", "correct": true}
{"task": "commonsenseqa", "id": "8ea5720718c0e122efa6277edb511569", "gold": "D", "pred": "D", "correct": true}
{"task": "commonsenseqa", "id": "4acd496cc78d96c2431279a5fd87de7c", "gold": "E", "pred": "E", "correct": true}
{"task": "commonsenseqa", "id": "01794dde3ca2991615f1aa2f63fb22e3", "gold": "E", "pred": "E", "correct": true}
{"task": "commonsenseqa", "id": "41bab71fea3fa04e5a4e10a2f86996df", "gold": "E", "pred": "E", "correct": true}
{"task": "commonsenseqa", "id": "c7ce02d9365fe9275f88338ad51cbde6", "gold": "A", "pred": "A", "correct": true}
{"task": "commonsenseqa", "id": "c9f7d07e6d363a99f5fadd68a4dfa35a", "gold": "B", "pred": "B", "correct": true}
{"task": "commonsenseqa", "id": "29c194d032a266a7160bff6f546a4d9d", "gold": "D", "pred": "D", "correct": true}
{"task": "commonsenseqa", "id": "32d5b7fcae24f0d4871cfb219c5a4b47", "gold": "C", "pred": "E", "correct": false}
{"task": "commonsenseqa", "id": "46351b3a6beb694c5f623583a3b1473d", "gold": "B", "pred": "B", "correct": true}
{"task": "commonsenseqa", "id": "5a50ea4bb2d13dc4f620ebd45025d445", "gold": "E", "pred": "E", "correct": true}
{"task": "commonsenseqa", "id": "5c2bc4335c8860342ec2d568ceb6ac6b", "gold": "C", "pred": "E", "correct": false}
{"task": "commonsenseqa", "id": "b3dc6d6a5e2f9d7da8eb72816c80b3f8_1", "gold": "A", "pred": "A", "correct": true}
{"task": "commonsenseqa", "id": "9889e5389917d812c09d6e5d382d333d", "gold": "B", "pred": "B", "correct": true}
{"task": "commonsenseqa", "id": "4ef3d70648ee3cea028bc5ed0fdfda28", "gold": "C", "pred": "C", "correct": true}
{"task": "commonsenseqa", "id": "359aed918343d228e67cef329b693904", "gold": "C", "pred": "C", "correct": true}
{"task": "commonsenseqa", "id": "011096bcfff30fd38046cf9db3a411c5", "gold": "C", "pred": "C", "correct": true}
{"task": "commonsenseqa", "id": "0f2377604e628c55ba588366139396b9", "gold": "E", "pred": "D", "correct": false}
{"task": "commonsenseqa", "id": "900492bd731f8f615ed7c08155737d44", "gold": "E", "pred": "E", "correct": true}
{"task": "commonsenseqa", "id": "0b52cc905fff0ca69a45e6353d10e401", "gold": "D", "pred": "D", "correct": true}
{"task": "commonsenseqa", "id": "6f48ee564a48293eb501cc0d8197bdd9", "gold": "C", "pred": "B", "correct": false}
{"task": "commonsenseqa", "id": "ba640b9634ad6b4ad98b17b4f152e562", "gold": "B", "pred": "B", "correct": true}
{"task": "commonsenseqa", "id": "5d4233146435ab0ca211e8ac9bfce76f", "gold": "A", "pred": "A", "correct": true}
{"task": "commonsenseqa", "id": "bd773d64f4e22db2358c6e00cbdf2d83", "gold": "A", "pred": "A", "correct": true}
{"task": "commonsenseqa", "id": "ef3d5d35128678937c36438466e0fc93", "gold": "E", "pred": "E", "correct": true}
{"task": "commonsenseqa", "id": "9dffd2021771e0ecddb19031acf3701b", "gold": "C", "pred": "B", "correct": false}
{"task": "commonsenseqa", "id": "8b3b598a647dfd2d63fcedce5f461040", "gold": "A", "pred": "A", "correct": true}
{"task": "commonsenseqa", "id": "821b32d39f57396979069b948030afe9", "gold": "D", "pred": "D", "correct": true}
{"task": "commonsenseqa", "id": "8f2976690c83be6b8fa3a1196dfd9722", "gold": "E", "pred": "E", "correct": true}
{"task": "commonsenseqa", "id": "66bfb6e209c94e6be5b0d04b0c7e2064", "gold": "C", "pred": "C", "correct": true}
{"task": "commonsenseqa", "id": "0bf4d64ad0eee7224acb3a4eb85accb2", "gold": "B", "pred": "B", "correct": true}
{"task": "commonsenseqa", "id": "ec86900559a0faf2aef066e511a4cfa6", "gold": "B", "pred": "B", "correct": true}
{"task": "commonsenseqa", "id": "7c45033e9fd9f1a759923971b14390ed", "gold": "E", "pred": "E", "correct": true}
{"task": "commonsenseqa", "id": "0f7425ecbe369bf41a230aab92d84132", "gold": "B", "pred": "E", "correct": false}
{"task": "commonsenseqa", "id": "42520bf3f93f8de23670044e019001a3", "gold": "E", "pred": "E", "correct": true}
{"task": "commonsenseqa", "id": "07fd8b0aed06406fedb137d11b07a890", "gold": "D", "pred": "C", "correct": false}
{"task": "commonsenseqa", "id": "3eb397b96b6c3a245c81ab30205943f1", "gold": "C", "pred": "C", "correct": true}
{"task": "commonsenseqa", "id": "ed50555f8db2b8f66caf9868dcd7e13b", "gold": "A", "pred": "A", "correct": true}
{"task": "commonsenseqa", "id": "ec224c1dbfb569cce7ec317fe987ae68", "gold": "B", "pred": "B", "correct": true}
{"task": "commonsenseqa", "id": "42c46e28baf0fc617a07419286178c0a", "gold": "E", "pred": "E", "correct": true}
{"task": "commonsenseqa", "id": "cf8e30dd6956d03e3f0f0397112a8696", "gold": "A", "pred": "D", "correct": false}
{"task": "commonsenseqa", "id": "549cf641318edfc0510fa7c7dbb359e1", "gold": "C", "pred": "C", "correct": true}
{"task": "commonsenseqa", "id": "5c171b9837af49211891ce40e4a10204", "gold": "D", "pred": "D", "correct": true}
{"task": "commonsenseqa", "id": "303aedda3a5ab8d853cbe4edc4b914c6", "gold": "C", "pred": "C", "correct": true}
{"task": "commonsenseqa", "id": "1d8d9e3504c8c58a3b923ddc155c19b0", "gold": "B", "pred": "B", "correct": true}
{"task": "commonsenseqa", "id": "8b23cd355ffc8b6e7aa5459ffb21b4e0", "gold": "B", "pred": "E", "correct": false}
{"task": "commonsenseqa", "id": "d78baca23e0a636a8961e17119047e63", "gold": "C", "pred": "E", "correct": false}
{"task": "commonsenseqa", "id": "a5dcac512870e79f5aa2b22dbd662404", "gold": "B", "pred": "B", "correct": true}
{"task": "commonsenseqa", "id": "c7526b682e64f355384631b35cd78fc9", "gold": "B", "pred": "B", "correct": true}
{"task": "commonsenseqa", "id": "1ef68db97654f30cd3701b942fadc934", "gold": "B", "pred": "B", "correct": true}
{"task": "commonsenseqa", "id": "2987db72e66f5fa0015ac64f9b3614ec", "gold": "A", "pred": "A", "correct": true}
{"task": "commonsenseqa", "id": "6b9221c1af583ffb43580857d6fde38a", "gold": "B", "pred": "B", "correct": true}
{"task": "commonsenseqa", "id": "21763a65765b5405c9a54484c2e54a72", "gold": "A", "pred": "A", "correct": true}
{"task": "commonsenseqa", "id": "11c4c78d61e8212f0984fd07eb22b669", "gold": "A", "pred": "A", "correct": true}
{"task": "commonsenseqa", "id": "81cc0d320488c7bacafb285cf7db5fbd", "gold": "B", "pred": "B", "correct": true}
{"task": "commonsenseqa", "id": "a64d45cecde84fdcf5f0a79805a0c6fe", "gold": "C", "pred": "D", "correct": false}
{"task": "commonsenseqa", "id": "0a2195ae8d4706abc5721578c9991466", "gold": "B", "pred": "B", "correct": true}
{"task": "commonsenseqa", "id": "2f97a77d155cb99092e8a7c055737b03_1", "gold": "D", "pred": "D", "correct": true}
{"task": "commonsenseqa", "id": "5d687fe9c95436ce84230c996d34382d", "gold": "C", "pred": "E", "correct": false}
{"task": "commonsenseqa", "id": "08d3175de59a639be02f2ebc032d56bd", "gold": "E", "pred": "A", "correct": false}
{"task": "commonsenseqa", "id": "c7327a1a7d12b6cc0740fc9446270e02", "gold": "E", "pred": "E", "correct": true}
{"task": "commonsenseqa", "id": "9310c39a0752f28640c3a05cba1d5ca7", "gold": "E", "pred": "E", "correct": true}
{"task": "commonsenseqa", "id": "0e52659484f2f6d763cf0d38d4c5999d", "gold": "A", "pred": "A", "correct": true}
{"task": "commonsenseqa", "id": "cebc07bd5080cc72862cb333b10d782d", "gold": "C", "pred": "C", "correct": true}
{"task": "commonsenseqa", "id": "a85441d6a0e3f871d81a9f19b31360b7", "gold": "D", "pred": "D", "correct": true}
{"task": "commonsenseqa", "id": "a328285c6212c899e335c45db3c49ffd", "gold": "D", "pred": "D", "correct": true}
{"task": "commonsenseqa", "id": "a7f29f4aebe0e3bcb77038fea71bf28c", "gold": "C", "pred": "C", "correct": true}
{"task": "commonsenseqa", "id": "f13efb91090dd28fd2b3c1f4dde680fd", "gold": "A", "pred": "A", "correct": true}
{"task": "commonsenseqa", "id": "4536489e5d8e02aadc3fcc7a55effe20", "gold": "D", "pred": "A", "correct": false}
{"task": "commonsenseqa", "id": "59eb56f366407ac7db72996be265883b", "gold": "E", "pred": "E", "correct": true}
{"task": "commonsenseqa", "id": "ba9a05bd2086c0d37733e26479d6630f", "gold": "E", "pred": "E", "correct": true}
{"task": "commonsenseqa", "id": "163d83851ecd4a4144b31b8738e4c335", "gold": "B", "pred": "B", "correct": true}
{"task": "commonsenseqa", "id": "3ed6391c539e6daa5b5fdb1b6d5d8ace", "gold": "A", "pred": "D", "correct": false}
{"task": "commonsenseqa", "id": "91756d8e475d8d59fa0a4e35f408e366", "gold": "D", "pred": "D", "correct": true}
{"task": "commonsenseqa", "id": "60848ce50295fc745756fbe960e78b88", "gold": "A", "pred": "D", "correct": false}
{"task": "commonsenseqa", "id": "dc2fa76467ff342abdb4cf142f92dddd", "gold": "B", "pred": "B", "correct": true}
{"task": "commonsenseqa", "id": "99789083502af9bf111876a00fae44ac", "gold": "C", "pred": "E", "correct": false}
{"task": "commonsenseqa", "id": "f794e376672c98ac25d8f70506a26e68", "gold": "A", "pred": "A", "correct": true}
{"task": "commonsenseqa", "id": "18844d3aa4e52b331b5382c8244cf4db", "gold": "A", "pred": "A", "correct": true}
{"task": "commonsenseqa", "id": "be2cb9c96069ac355a7ccef262743d14", "gold": "B", "pred": "B", "correct": true}
{"task": "commonsenseqa", "id": "64931f9097155672bfe3e16f03b2c195", "gold": "B", "pred": "E", "correct": false}
{"task": "commonsenseqa", "id": "84a736d4b702a6869d8fa8523aee6f1b", "gold": "A", "pred": "A", "correct": true}
{"task": "commonsenseqa", "id": "a287575d3ba4b9f958536fc14a1f5b5a", "gold": "D", "pred": "D", "correct": true}
{"task": "commonsenseqa", "id": "4da33e6f4b789776acb1bc10195baa83", "gold": "B", "pred": "B", "correct": true}
{"task": "commonsenseqa", "id": "f36027954e43cfd926451bdf7cb0c3ac", "gold": "B", "pred": "B", "correct": true}
{"task": "commonsenseqa", "id": "e408a5a031caec33782cb3b3a005eecc", "gold": "E", "pred": "E", "correct": true}
{"task": "commonsenseqa", "id": "91f512273a2da7ae796919069b20d6cf", "gold": "E", "pred": "E", "correct": true}
{"task": "commonsenseqa", "id": "2ec7f8fe7948f9997e73f9bff7ba6e05", "gold": "A", "pred": "A", "correct": true}
{"task": "commonsenseqa", "id": "79c3378b7660d328902d7c0ad442a37f", "gold": "E", "pred": "E", "correct": true}
{"task": "commonsenseqa", "id": "54075de8b8b89ecef2e4eb4eaee2713d", "gold": "B", "pred": "B", "correct": true}
{"task": "commonsenseqa", "id": "63f7ad481a63fc8c6dffe00519d4a167", "gold": "A", "pred": "A", "correct": true}
{"task": "commonsenseqa", "id": "a400b9fd1e319f901471c4b42d401c52", "gold": "E", "pred": "E", "correct": true}
{"task": "commonsenseqa", "id": "f61d83f90b92a8d537989e55ee70542d", "gold": "D", "pred": "D", "correct": true}
{"task": "commonsenseqa", "id": "63bb6128026ce24209583d0eea75fc27", "gold": "D", "pred": "D", "correct": true}
{"task": "commonsenseqa", "id": "fee5ff19811750ad019665af7b36b3c4", "gold": "A", "pred": "A", "correct": true}
{"task": "commonsenseqa", "id": "bdf92566f14599f1606109677206001f", "gold": "A", "pred": "A", "correct": true}
{"task": "commonsenseqa", "id": "a80ee7775e934c423012fe98e20ba28b", "gold": "E", "pred": "E", "correct": true}
{"task": "commonsenseqa", "id": "846bc47ced7119ad2ee19a8780d7fe18", "gold": "D", "pred": "E", "correct": false}
{"task": "commonsenseqa", "id": "17d9bfaee1efac51b1ca240125bc5977", "gold": "D", "pred": "E", "correct": false}
{"task": "commonsenseqa", "id": "2a21820a135e1a49883525c055c74a0b", "gold": "E", "pred": "E", "correct": true}
Using the latest cached version of the dataset since ai2_arc couldn't be found on the Hugging Face Hub (offline mode is enabled).
Found the latest cached dataset configuration 'ARC-Challenge' at /root/.cache/huggingface/datasets/ai2_arc/ARC-Challenge/0.0.0/210d026faf9955653af8916fad021475a3f00453 (last modified on Tue Jun  9 21:50:43 2026).
{"task": "arc_challenge", "id": "593", "gold": "A", "pred": "A", "correct": true}
{"task": "arc_challenge", "id": "171", "gold": "D", "pred": "D", "correct": true}
{"task": "arc_challenge", "id": "34", "gold": "A", "pred": "A", "correct": true}
{"task": "arc_challenge", "id": "628", "gold": "C", "pred": "C", "correct": true}
{"task": "arc_challenge", "id": "867", "gold": "C", "pred": "C", "correct": true}
{"task": "arc_challenge", "id": "776", "gold": "A", "pred": "A", "correct": true}
{"task": "arc_challenge", "id": "1085", "gold": "A", "pred": "A", "correct": true}
{"task": "arc_challenge", "id": "733", "gold": "C", "pred": "C", "correct": true}
{"task": "arc_challenge", "id": "266", "gold": "A", "pred": "A", "correct": true}
{"task": "arc_challenge", "id": "393", "gold": "B", "pred": "B", "correct": true}
{"task": "arc_challenge", "id": "547", "gold": "C", "pred": "C", "correct": true}
{"task": "arc_challenge", "id": "910", "gold": "D", "pred": "D", "correct": true}
{"task": "arc_challenge", "id": "28", "gold": "C", "pred": "C", "correct": true}
{"task": "arc_challenge", "id": "452", "gold": "D", "pred": "B", "correct": false}
{"task": "arc_challenge", "id": "931", "gold": "B", "pred": "C", "correct": false}
{"task": "arc_challenge", "id": "50", "gold": "D", "pred": "D", "correct": true}
{"task": "arc_challenge", "id": "216", "gold": "D", "pred": "D", "correct": true}
{"task": "arc_challenge", "id": "175", "gold": "A", "pred": "B", "correct": false}
{"task": "arc_challenge", "id": "1020", "gold": "C", "pred": "C", "correct": true}
{"task": "arc_challenge", "id": "862", "gold": "D", "pred": "D", "correct": true}
{"task": "arc_challenge", "id": "40", "gold": "C", "pred": "C", "correct": true}
{"task": "arc_challenge", "id": "1049", "gold": "A", "pred": "A", "correct": true}
{"task": "arc_challenge", "id": "883", "gold": "C", "pred": "C", "correct": true}
{"task": "arc_challenge", "id": "735", "gold": "D", "pred": "B", "correct": false}
{"task": "arc_challenge", "id": "117", "gold": "C", "pred": "C", "correct": true}
{"task": "arc_challenge", "id": "421", "gold": "C", "pred": "C", "correct": true}
{"task": "arc_challenge", "id": "72", "gold": "B", "pred": "B", "correct": true}
{"task": "arc_challenge", "id": "755", "gold": "D", "pred": "D", "correct": true}
{"task": "arc_challenge", "id": "352", "gold": "D", "pred": "D", "correct": true}
{"task": "arc_challenge", "id": "442", "gold": "A", "pred": "A", "correct": true}
{"task": "arc_challenge", "id": "742", "gold": "B", "pred": "B", "correct": true}
{"task": "arc_challenge", "id": "1158", "gold": "A", "pred": "A", "correct": true}
{"task": "arc_challenge", "id": "1171", "gold": "A", "pred": "B", "correct": false}
{"task": "arc_challenge", "id": "576", "gold": "A", "pred": "A", "correct": true}
{"task": "arc_challenge", "id": "643", "gold": "B", "pred": "B", "correct": true}
{"task": "arc_challenge", "id": "970", "gold": "A", "pred": "A", "correct": true}
{"task": "arc_challenge", "id": "363", "gold": "A", "pred": "A", "correct": true}
{"task": "arc_challenge", "id": "989", "gold": "D", "pred": "B", "correct": false}
{"task": "arc_challenge", "id": "916", "gold": "B", "pred": "B", "correct": true}
{"task": "arc_challenge", "id": "335", "gold": "D", "pred": "D", "correct": true}
{"task": "arc_challenge", "id": "372", "gold": "B", "pred": "B", "correct": true}
{"task": "arc_challenge", "id": "365", "gold": "B", "pred": "B", "correct": true}
{"task": "arc_challenge", "id": "1092", "gold": "B", "pred": "B", "correct": true}
{"task": "arc_challenge", "id": "662", "gold": "C", "pred": "C", "correct": true}
{"task": "arc_challenge", "id": "1065", "gold": "C", "pred": "C", "correct": true}
{"task": "arc_challenge", "id": "400", "gold": "C", "pred": "B", "correct": false}
{"task": "arc_challenge", "id": "234", "gold": "C", "pred": "C", "correct": true}
{"task": "arc_challenge", "id": "168", "gold": "A", "pred": "A", "correct": true}
{"task": "arc_challenge", "id": "201", "gold": "C", "pred": "C", "correct": true}
{"task": "arc_challenge", "id": "872", "gold": "C", "pred": "C", "correct": true}
{"task": "arc_challenge", "id": "79", "gold": "A", "pred": "B", "correct": false}
{"task": "arc_challenge", "id": "1163", "gold": "B", "pred": "A", "correct": false}
{"task": "arc_challenge", "id": "564", "gold": "B", "pred": "B", "correct": true}
{"task": "arc_challenge", "id": "574", "gold": "B", "pred": "B", "correct": true}
{"task": "arc_challenge", "id": "677", "gold": "A", "pred": "A", "correct": true}
{"task": "arc_challenge", "id": "223", "gold": "A", "pred": "A", "correct": true}
{"task": "arc_challenge", "id": "757", "gold": "C", "pred": "B", "correct": false}
{"task": "arc_challenge", "id": "590", "gold": "A", "pred": "A", "correct": true}
{"task": "arc_challenge", "id": "1110", "gold": "D", "pred": "D", "correct": true}
{"task": "arc_challenge", "id": "624", "gold": "B", "pred": "B", "correct": true}
{"task": "arc_challenge", "id": "1124", "gold": "C", "pred": "C", "correct": true}
{"task": "arc_challenge", "id": "447", "gold": "D", "pred": "D", "correct": true}
{"task": "arc_challenge", "id": "529", "gold": "B", "pred": "B", "correct": true}
{"task": "arc_challenge", "id": "306", "gold": "D", "pred": "D", "correct": true}
{"task": "arc_challenge", "id": "219", "gold": "B", "pred": "B", "correct": true}
{"task": "arc_challenge", "id": "244", "gold": "B", "pred": "C", "correct": false}
{"task": "arc_challenge", "id": "1009", "gold": "A", "pred": "C", "correct": false}
{"task": "arc_challenge", "id": "487", "gold": "D", "pred": "D", "correct": true}
{"task": "arc_challenge", "id": "672", "gold": "D", "pred": "D", "correct": true}
{"task": "arc_challenge", "id": "1117", "gold": "C", "pred": "C", "correct": true}
{"task": "arc_challenge", "id": "291", "gold": "B", "pred": "D", "correct": false}
{"task": "arc_challenge", "id": "205", "gold": "C", "pred": "C", "correct": true}
{"task": "arc_challenge", "id": "784", "gold": "D", "pred": "D", "correct": true}
{"task": "arc_challenge", "id": "342", "gold": "B", "pred": "B", "correct": true}
{"task": "arc_challenge", "id": "920", "gold": "A", "pred": "B", "correct": false}
{"task": "arc_challenge", "id": "69", "gold": "A", "pred": "A", "correct": true}
{"task": "arc_challenge", "id": "114", "gold": "B", "pred": "B", "correct": true}
{"task": "arc_challenge", "id": "852", "gold": "B", "pred": "B", "correct": true}
{"task": "arc_challenge", "id": "805", "gold": "B", "pred": "B", "correct": true}
{"task": "arc_challenge", "id": "47", "gold": "C", "pred": "C", "correct": true}
{"task": "arc_challenge", "id": "332", "gold": "A", "pred": "A", "correct": true}
{"task": "arc_challenge", "id": "462", "gold": "B", "pred": "B", "correct": true}
{"task": "arc_challenge", "id": "26", "gold": "B", "pred": "D", "correct": false}
{"task": "arc_challenge", "id": "455", "gold": "B", "pred": "B", "correct": true}
{"task": "arc_challenge", "id": "116", "gold": "B", "pred": "B", "correct": true}
{"task": "arc_challenge", "id": "1103", "gold": "A", "pred": "A", "correct": true}
{"task": "arc_challenge", "id": "911", "gold": "D", "pred": "D", "correct": true}
{"task": "arc_challenge", "id": "190", "gold": "C", "pred": "C", "correct": true}
{"task": "arc_challenge", "id": "708", "gold": "B", "pred": "B", "correct": true}
{"task": "arc_challenge", "id": "32", "gold": "A", "pred": "A", "correct": true}
{"task": "arc_challenge", "id": "772", "gold": "C", "pred": "C", "correct": true}
{"task": "arc_challenge", "id": "1004", "gold": "C", "pred": "C", "correct": true}
{"task": "arc_challenge", "id": "395", "gold": "C", "pred": "C", "correct": true}
{"task": "arc_challenge", "id": "75", "gold": "A", "pred": "A", "correct": true}
{"task": "arc_challenge", "id": "155", "gold": "D", "pred": "D", "correct": true}
{"task": "arc_challenge", "id": "541", "gold": "C", "pred": "C", "correct": true}
{"task": "arc_challenge", "id": "954", "gold": "C", "pred": "C", "correct": true}
{"task": "arc_challenge", "id": "1122", "gold": "A", "pred": "A", "correct": true}
{"task": "arc_challenge", "id": "402", "gold": "C", "pred": "C", "correct": true}
{"task": "arc_challenge", "id": "940", "gold": "B", "pred": "B", "correct": true}
Using the latest cached version of the dataset since Rowan/hellaswag couldn't be found on the Hugging Face Hub (offline mode is enabled).
Found the latest cached dataset configuration 'default' at /root/.cache/huggingface/datasets/Rowan___hellaswag/default/0.0.0/218ec52e09a7e7462a5400043bb9a69a41d06b76 (last modified on Tue Jun  9 22:21:06 2026).
{"task": "hellaswag", "id": "4749", "gold": "B", "pred": "B", "correct": true}
{"task": "hellaswag", "id": "1368", "gold": "A", "pred": "A", "correct": true}
{"task": "hellaswag", "id": "279", "gold": "A", "pred": "D", "correct": false}
{"task": "hellaswag", "id": "9699", "gold": "C", "pred": "C", "correct": true}
{"task": "hellaswag", "id": "5025", "gold": "C", "pred": "C", "correct": true}
{"task": "hellaswag", "id": "6942", "gold": "C", "pred": "C", "correct": true}
{"task": "hellaswag", "id": "6212", "gold": "B", "pred": "B", "correct": true}
{"task": "hellaswag", "id": "8684", "gold": "B", "pred": "C", "correct": false}
{"task": "hellaswag", "id": "5866", "gold": "B", "pred": "B", "correct": true}
{"task": "hellaswag", "id": "2134", "gold": "B", "pred": "B", "correct": true}
{"task": "hellaswag", "id": "3145", "gold": "D", "pred": "D", "correct": true}
{"task": "hellaswag", "id": "4380", "gold": "A", "pred": "C", "correct": false}
{"task": "hellaswag", "id": "7283", "gold": "B", "pred": "D", "correct": false}
{"task": "hellaswag", "id": "230", "gold": "B", "pred": "D", "correct": false}
{"task": "hellaswag", "id": "3621", "gold": "A", "pred": "C", "correct": false}
{"task": "hellaswag", "id": "7455", "gold": "D", "pred": "D", "correct": true}
{"task": "hellaswag", "id": "405", "gold": "C", "pred": "C", "correct": true}
{"task": "hellaswag", "id": "1735", "gold": "A", "pred": "B", "correct": false}
{"task": "hellaswag", "id": "1405", "gold": "C", "pred": "C", "correct": true}
{"task": "hellaswag", "id": "8163", "gold": "A", "pred": "A", "correct": true}
{"task": "hellaswag", "id": "6901", "gold": "B", "pred": "B", "correct": true}
{"task": "hellaswag", "id": "320", "gold": "D", "pred": "D", "correct": true}
{"task": "hellaswag", "id": "8398", "gold": "B", "pred": "B", "correct": true}
{"task": "hellaswag", "id": "7066", "gold": "A", "pred": "A", "correct": true}
{"task": "hellaswag", "id": "5881", "gold": "A", "pred": "A", "correct": true}
{"task": "hellaswag", "id": "942", "gold": "C", "pred": "C", "correct": true}
{"task": "hellaswag", "id": "3368", "gold": "C", "pred": "C", "correct": true}
{"task": "hellaswag", "id": "578", "gold": "D", "pred": "B", "correct": false}
{"task": "hellaswag", "id": "9652", "gold": "D", "pred": "D", "correct": true}
{"task": "hellaswag", "id": "6047", "gold": "B", "pred": "B", "correct": true}
{"task": "hellaswag", "id": "2816", "gold": "C", "pred": "D", "correct": false}
{"task": "hellaswag", "id": "3539", "gold": "B", "pred": "B", "correct": true}
{"task": "hellaswag", "id": "5943", "gold": "B", "pred": "B", "correct": true}
{"task": "hellaswag", "id": "9265", "gold": "B", "pred": "A", "correct": false}
{"task": "hellaswag", "id": "6040", "gold": "C", "pred": "C", "correct": true}
{"task": "hellaswag", "id": "9372", "gold": "B", "pred": "B", "correct": true}
{"task": "hellaswag", "id": "4608", "gold": "C", "pred": "A", "correct": false}
{"task": "hellaswag", "id": "5150", "gold": "B", "pred": "B", "correct": true}
{"task": "hellaswag", "id": "9387", "gold": "C", "pred": "C", "correct": true}
{"task": "hellaswag", "id": "1404", "gold": "D", "pred": "D", "correct": true}
{"task": "hellaswag", "id": "7767", "gold": "B", "pred": "B", "correct": true}
{"task": "hellaswag", "id": "2910", "gold": "C", "pred": "C", "correct": true}
{"task": "hellaswag", "id": "7914", "gold": "B", "pred": "B", "correct": true}
{"task": "hellaswag", "id": "9676", "gold": "D", "pred": "D", "correct": true}
{"task": "hellaswag", "id": "7331", "gold": "A", "pred": "B", "correct": false}
{"task": "hellaswag", "id": "2680", "gold": "C", "pred": "C", "correct": true}
{"task": "hellaswag", "id": "2982", "gold": "B", "pred": "B", "correct": true}
{"task": "hellaswag", "id": "2925", "gold": "B", "pred": "D", "correct": false}
{"task": "hellaswag", "id": "8742", "gold": "D", "pred": "D", "correct": true}
{"task": "hellaswag", "id": "5298", "gold": "D", "pred": "D", "correct": true}
{"task": "hellaswag", "id": "8520", "gold": "A", "pred": "A", "correct": true}
{"task": "hellaswag", "id": "3204", "gold": "C", "pred": "C", "correct": true}
{"task": "hellaswag", "id": "9540", "gold": "A", "pred": "A", "correct": true}
{"task": "hellaswag", "id": "1872", "gold": "C", "pred": "C", "correct": true}
{"task": "hellaswag", "id": "1348", "gold": "B", "pred": "B", "correct": true}
{"task": "hellaswag", "id": "1615", "gold": "D", "pred": "D", "correct": true}
{"task": "hellaswag", "id": "6981", "gold": "C", "pred": "C", "correct": true}
{"task": "hellaswag", "id": "637", "gold": "B", "pred": "B", "correct": true}
{"task": "hellaswag", "id": "9306", "gold": "D", "pred": "D", "correct": true}
{"task": "hellaswag", "id": "4514", "gold": "C", "pred": "C", "correct": true}
{"task": "hellaswag", "id": "9385", "gold": "B", "pred": "D", "correct": false}
{"task": "hellaswag", "id": "4597", "gold": "A", "pred": "A", "correct": true}
{"task": "hellaswag", "id": "9665", "gold": "B", "pred": "B", "correct": true}
{"task": "hellaswag", "id": "5419", "gold": "D", "pred": "D", "correct": true}
{"task": "hellaswag", "id": "1786", "gold": "D", "pred": "D", "correct": true}
{"task": "hellaswag", "id": "6056", "gold": "A", "pred": "D", "correct": false}
{"task": "hellaswag", "id": "4726", "gold": "A", "pred": "A", "correct": true}
{"task": "hellaswag", "id": "8882", "gold": "B", "pred": "B", "correct": true}
{"task": "hellaswag", "id": "4993", "gold": "A", "pred": "A", "correct": true}
{"task": "hellaswag", "id": "7450", "gold": "D", "pred": "D", "correct": true}
{"task": "hellaswag", "id": "8994", "gold": "A", "pred": "A", "correct": true}
{"task": "hellaswag", "id": "3576", "gold": "A", "pred": "A", "correct": true}
{"task": "hellaswag", "id": "4233", "gold": "C", "pred": "D", "correct": false}
{"task": "hellaswag", "id": "2449", "gold": "B", "pred": "D", "correct": false}
{"task": "hellaswag", "id": "1755", "gold": "D", "pred": "B", "correct": false}
{"task": "hellaswag", "id": "1956", "gold": "C", "pred": "C", "correct": true}
{"task": "hellaswag", "id": "8077", "gold": "D", "pred": "D", "correct": true}
{"task": "hellaswag", "id": "3899", "gold": "A", "pred": "A", "correct": true}
{"task": "hellaswag", "id": "5378", "gold": "C", "pred": "B", "correct": false}
{"task": "hellaswag", "id": "8937", "gold": "C", "pred": "C", "correct": true}
{"task": "hellaswag", "id": "2333", "gold": "B", "pred": "B", "correct": true}
{"task": "hellaswag", "id": "9710", "gold": "D", "pred": "D", "correct": true}
{"task": "hellaswag", "id": "1644", "gold": "A", "pred": "D", "correct": false}
{"task": "hellaswag", "id": "6275", "gold": "A", "pred": "A", "correct": true}
{"task": "hellaswag", "id": "2740", "gold": "D", "pred": "D", "correct": true}
{"task": "hellaswag", "id": "7361", "gold": "B", "pred": "B", "correct": true}
{"task": "hellaswag", "id": "553", "gold": "C", "pred": "B", "correct": false}
{"task": "hellaswag", "id": "916", "gold": "B", "pred": "B", "correct": true}
{"task": "hellaswag", "id": "6819", "gold": "C", "pred": "C", "correct": true}
{"task": "hellaswag", "id": "6445", "gold": "C", "pred": "C", "correct": true}
{"task": "hellaswag", "id": "382", "gold": "B", "pred": "B", "correct": true}
{"task": "hellaswag", "id": "2663", "gold": "D", "pred": "B", "correct": false}
{"task": "hellaswag", "id": "3696", "gold": "A", "pred": "A", "correct": true}
{"task": "hellaswag", "id": "208", "gold": "C", "pred": "D", "correct": false}
{"task": "hellaswag", "id": "3640", "gold": "A", "pred": "A", "correct": true}
{"task": "hellaswag", "id": "931", "gold": "D", "pred": "D", "correct": true}
{"task": "hellaswag", "id": "8824", "gold": "C", "pred": "C", "correct": true}
{"task": "hellaswag", "id": "7292", "gold": "C", "pred": "C", "correct": true}
{"task": "hellaswag", "id": "1520", "gold": "D", "pred": "D", "correct": true}
{"task": "hellaswag", "id": "5671", "gold": "A", "pred": "A", "correct": true}
Using the latest cached version of the dataset since google/boolq couldn't be found on the Hugging Face Hub (offline mode is enabled).
Found the latest cached dataset configuration 'default' at /root/.cache/huggingface/datasets/google___boolq/default/0.0.0/35b264d03638db9f4ce671b711558bf7ff0f80d5 (last modified on Tue Jun  9 22:23:07 2026).
{"task": "boolq", "id": "3192", "gold": "yes", "pred": "yes", "correct": true}
{"task": "boolq", "id": "1187", "gold": "no", "pred": "no", "correct": true}
{"task": "boolq", "id": "342", "gold": "yes", "pred": "no", "correct": false}
{"task": "boolq", "id": "69", "gold": "yes", "pred": "yes", "correct": true}
{"task": "boolq", "id": "2424", "gold": "yes", "pred": "yes", "correct": true}
{"task": "boolq", "id": "1256", "gold": "no", "pred": "no", "correct": true}
{"task": "boolq", "id": "1735", "gold": "no", "pred": "no", "correct": true}
{"task": "boolq", "id": "1553", "gold": "no", "pred": "no", "correct": true}
{"task": "boolq", "id": "2171", "gold": "no", "pred": "yes", "correct": false}
{"task": "boolq", "id": "1466", "gold": "yes", "pred": "yes", "correct": true}
{"task": "boolq", "id": "533", "gold": "no", "pred": "no", "correct": true}
{"task": "boolq", "id": "2973", "gold": "yes", "pred": "yes", "correct": true}
{"task": "boolq", "id": "786", "gold": "no", "pred": "yes", "correct": false}
{"task": "boolq", "id": "1095", "gold": "yes", "pred": "yes", "correct": true}
{"task": "boolq", "id": "1820", "gold": "yes", "pred": "no", "correct": false}
{"task": "boolq", "id": "57", "gold": "yes", "pred": "yes", "correct": true}
{"task": "boolq", "id": "905", "gold": "yes", "pred": "yes", "correct": true}
{"task": "boolq", "id": "2540", "gold": "no", "pred": "no", "correct": true}
{"task": "boolq", "id": "1863", "gold": "yes", "pred": "yes", "correct": true}
{"task": "boolq", "id": "101", "gold": "no", "pred": "yes", "correct": false}
{"task": "boolq", "id": "433", "gold": "no", "pred": "no", "correct": true}
{"task": "boolq", "id": "351", "gold": "no", "pred": "no", "correct": true}
{"task": "boolq", "id": "2908", "gold": "no", "pred": "no", "correct": true}
{"task": "boolq", "id": "2040", "gold": "yes", "pred": "yes", "correct": true}
{"task": "boolq", "id": "1725", "gold": "no", "pred": "yes", "correct": false}
{"task": "boolq", "id": "80", "gold": "no", "pred": "no", "correct": true}
{"task": "boolq", "id": "2099", "gold": "yes", "pred": "yes", "correct": true}
{"task": "boolq", "id": "2570", "gold": "no", "pred": "no", "correct": true}
{"task": "boolq", "id": "3007", "gold": "no", "pred": "no", "correct": true}
{"task": "boolq", "id": "1766", "gold": "yes", "pred": "yes", "correct": true}
{"task": "boolq", "id": "1470", "gold": "no", "pred": "no", "correct": true}
{"task": "boolq", "id": "3157", "gold": "yes", "pred": "yes", "correct": true}
{"task": "boolq", "id": "235", "gold": "no", "pred": "no", "correct": true}
{"task": "boolq", "id": "842", "gold": "yes", "pred": "yes", "correct": true}
{"task": "boolq", "id": "3207", "gold": "no", "pred": "no", "correct": true}
{"task": "boolq", "id": "144", "gold": "no", "pred": "no", "correct": true}
{"task": "boolq", "id": "2413", "gold": "yes", "pred": "yes", "correct": true}
{"task": "boolq", "id": "1511", "gold": "yes", "pred": "yes", "correct": true}
{"task": "boolq", "id": "2694", "gold": "no", "pred": "no", "correct": true}
{"task": "boolq", "id": "704", "gold": "yes", "pred": "yes", "correct": true}
{"task": "boolq", "id": "2543", "gold": "yes", "pred": "yes", "correct": true}
{"task": "boolq", "id": "884", "gold": "no", "pred": "no", "correct": true}
{"task": "boolq", "id": "3011", "gold": "yes", "pred": "yes", "correct": true}
{"task": "boolq", "id": "1485", "gold": "yes", "pred": "yes", "correct": true}
{"task": "boolq", "id": "2316", "gold": "no", "pred": "no", "correct": true}
{"task": "boolq", "id": "3112", "gold": "no", "pred": "no", "correct": true}
{"task": "boolq", "id": "1510", "gold": "yes", "pred": "yes", "correct": true}
{"task": "boolq", "id": "2343", "gold": "yes", "pred": "yes", "correct": true}
{"task": "boolq", "id": "1152", "gold": "yes", "pred": "yes", "correct": true}
{"task": "boolq", "id": "2705", "gold": "yes", "pred": "no", "correct": false}
{"task": "boolq", "id": "1287", "gold": "yes", "pred": "yes", "correct": true}
{"task": "boolq", "id": "2346", "gold": "yes", "pred": "yes", "correct": true}
{"task": "boolq", "id": "1941", "gold": "yes", "pred": "yes", "correct": true}
{"task": "boolq", "id": "727", "gold": "no", "pred": "no", "correct": true}
{"task": "boolq", "id": "2940", "gold": "yes", "pred": "no", "correct": false}
{"task": "boolq", "id": "1978", "gold": "yes", "pred": "yes", "correct": true}
{"task": "boolq", "id": "2419", "gold": "yes", "pred": "yes", "correct": true}
{"task": "boolq", "id": "3241", "gold": "yes", "pred": "yes", "correct": true}
{"task": "boolq", "id": "1832", "gold": "yes", "pred": "yes", "correct": true}
{"task": "boolq", "id": "2767", "gold": "yes", "pred": "yes", "correct": true}
{"task": "boolq", "id": "2631", "gold": "yes", "pred": "yes", "correct": true}
{"task": "boolq", "id": "670", "gold": "yes", "pred": "yes", "correct": true}
{"task": "boolq", "id": "745", "gold": "yes", "pred": "yes", "correct": true}
{"task": "boolq", "id": "731", "gold": "yes", "pred": "yes", "correct": true}
{"task": "boolq", "id": "2185", "gold": "yes", "pred": "no", "correct": false}
{"task": "boolq", "id": "1324", "gold": "yes", "pred": "yes", "correct": true}
{"task": "boolq", "id": "2758", "gold": "yes", "pred": "yes", "correct": true}
{"task": "boolq", "id": "2130", "gold": "no", "pred": "no", "correct": true}
{"task": "boolq", "id": "801", "gold": "yes", "pred": "yes", "correct": true}
{"task": "boolq", "id": "2385", "gold": "no", "pred": "no", "correct": true}
{"task": "boolq", "id": "468", "gold": "yes", "pred": "yes", "correct": true}
{"task": "boolq", "id": "337", "gold": "yes", "pred": "yes", "correct": true}
{"task": "boolq", "id": "403", "gold": "no", "pred": "no", "correct": true}
{"task": "boolq", "id": "1745", "gold": "no", "pred": "no", "correct": true}
{"task": "boolq", "id": "159", "gold": "yes", "pred": "no", "correct": false}
{"task": "boolq", "id": "2326", "gold": "yes", "pred": "yes", "correct": true}
{"task": "boolq", "id": "1128", "gold": "yes", "pred": "yes", "correct": true}
{"task": "boolq", "id": "1149", "gold": "yes", "pred": "yes", "correct": true}
{"task": "boolq", "id": "2416", "gold": "yes", "pred": "yes", "correct": true}
{"task": "boolq", "id": "1354", "gold": "yes", "pred": "no", "correct": false}
{"task": "boolq", "id": "446", "gold": "no", "pred": "no", "correct": true}
{"task": "boolq", "id": "1514", "gold": "no", "pred": "yes", "correct": false}
{"task": "boolq", "id": "1181", "gold": "yes", "pred": "yes", "correct": true}
{"task": "boolq", "id": "2220", "gold": "yes", "pred": "yes", "correct": true}
{"task": "boolq", "id": "1248", "gold": "no", "pred": "yes", "correct": false}
{"task": "boolq", "id": "3184", "gold": "yes", "pred": "yes", "correct": true}
{"task": "boolq", "id": "1862", "gold": "no", "pred": "no", "correct": true}
{"task": "boolq", "id": "2248", "gold": "yes", "pred": "yes", "correct": true}
{"task": "boolq", "id": "894", "gold": "no", "pred": "no", "correct": true}
{"task": "boolq", "id": "1058", "gold": "yes", "pred": "yes", "correct": true}
{"task": "boolq", "id": "612", "gold": "yes", "pred": "no", "correct": false}
{"task": "boolq", "id": "438", "gold": "yes", "pred": "yes", "correct": true}
{"task": "boolq", "id": "2538", "gold": "no", "pred": "no", "correct": true}
{"task": "boolq", "id": "3210", "gold": "yes", "pred": "no", "correct": false}
{"task": "boolq", "id": "489", "gold": "no", "pred": "no", "correct": true}
{"task": "boolq", "id": "2896", "gold": "no", "pred": "no", "correct": true}
{"task": "boolq", "id": "3256", "gold": "no", "pred": "no", "correct": true}
{"task": "boolq", "id": "2019", "gold": "yes", "pred": "yes", "correct": true}
{"task": "boolq", "id": "974", "gold": "yes", "pred": "yes", "correct": true}
{"task": "boolq", "id": "1344", "gold": "no", "pred": "no", "correct": true}
{
  "mmlu_pro": {
    "accuracy": 0.43,
    "n": 100,
    "seconds": 338.1390097141266,
    "peak_mem_gb": 17.181025981903076
  },
  "pubmedqa": {
    "accuracy": 0.62,
    "n": 100,
    "seconds": 399.2164340019226,
    "peak_mem_gb": 16.96392822265625
  },
  "ceval_computer_network": {
    "accuracy": 0.58,
    "n": 100,
    "seconds": 148.70047998428345,
    "peak_mem_gb": 15.648757934570312
  },
  "sciq": {
    "accuracy": 0.9,
    "n": 100,
    "seconds": 143.30602288246155,
    "peak_mem_gb": 15.548511981964111
  },
  "winogrande": {
    "accuracy": 0.74,
    "n": 100,
    "seconds": 126.84763407707214,
    "peak_mem_gb": 15.439712047576904
  },
  "commonsenseqa": {
    "accuracy": 0.8,
    "n": 100,
    "seconds": 143.2580451965332,
    "peak_mem_gb": 15.508423328399658
  },
  "arc_challenge": {
    "accuracy": 0.85,
    "n": 100,
    "seconds": 154.56679964065552,
    "peak_mem_gb": 15.68313980102539
  },
  "hellaswag": {
    "accuracy": 0.77,
    "n": 100,
    "seconds": 271.78987169265747,
    "peak_mem_gb": 16.173502445220947
  },
  "boolq": {
    "accuracy": 0.85,
    "n": 100,
    "seconds": 234.67671823501587,
    "peak_mem_gb": 16.42332363128662
  }
}
