/miniconda3/lib/python3.12/site-packages/requests/__init__.py:113: RequestsDependencyWarning: urllib3 (2.5.0) or chardet (6.0.0.post1)/charset_normalizer (3.4.4) doesn't match a supported version!
  warnings.warn(
/data/venvs/llada/lib/python3.12/site-packages/transformers/utils/hub.py:110: FutureWarning: Using `TRANSFORMERS_CACHE` is deprecated and will be removed in v5 of Transformers. Use `HF_HOME` instead.
  warnings.warn(
`torch_dtype` is deprecated! Use `dtype` instead!
Loading checkpoint shards:   0%|          | 0/6 [00:00<?, ?it/s]Loading checkpoint shards: 100%|██████████| 6/6 [00:00<00:00, 241.90it/s]
{"task": "pubmedqa", "id": "24098953", "gold": "yes", "pred": "yes", "correct": true}
{"task": "pubmedqa", "id": "25103647", "gold": "maybe", "pred": "yes", "correct": false}
{"task": "pubmedqa", "id": "23972333", "gold": "yes", "pred": "yes", "correct": true}
{"task": "pubmedqa", "id": "10759659", "gold": "yes", "pred": "yes", "correct": true}
{"task": "pubmedqa", "id": "21880023", "gold": "no", "pred": "maybe", "correct": false}
{"task": "pubmedqa", "id": "14627582", "gold": "no", "pred": "yes", "correct": false}
{"task": "pubmedqa", "id": "22427593", "gold": "maybe", "pred": "yes", "correct": false}
{"task": "pubmedqa", "id": "17096624", "gold": "yes", "pred": "yes", "correct": true}
{"task": "pubmedqa", "id": "20497146", "gold": "yes", "pred": "yes", "correct": true}
{"task": "pubmedqa", "id": "15939071", "gold": "yes", "pred": "yes", "correct": true}
{"task": "pubmedqa", "id": "17259061", "gold": "yes", "pred": "yes", "correct": true}
{"task": "pubmedqa", "id": "21346501", "gold": "yes", "pred": "yes", "correct": true}
{"task": "pubmedqa", "id": "26818046", "gold": "yes", "pred": "yes", "correct": true}
{"task": "pubmedqa", "id": "26548832", "gold": "yes", "pred": "yes", "correct": true}
{"task": "pubmedqa", "id": "25311479", "gold": "yes", "pred": "maybe", "correct": false}
{"task": "pubmedqa", "id": "23088164", "gold": "no", "pred": "maybe", "correct": false}
{"task": "pubmedqa", "id": "18714572", "gold": "maybe", "pred": "yes", "correct": false}
{"task": "pubmedqa", "id": "14551704", "gold": "yes", "pred": "yes", "correct": true}
{"task": "pubmedqa", "id": "20353735", "gold": "no", "pred": "maybe", "correct": false}
{"task": "pubmedqa", "id": "24866606", "gold": "yes", "pred": "yes", "correct": true}
{"task": "pubmedqa", "id": "22236315", "gold": "no", "pred": "yes", "correct": false}
{"task": "pubmedqa", "id": "12970636", "gold": "no", "pred": "maybe", "correct": false}
{"task": "pubmedqa", "id": "10490564", "gold": "yes", "pred": "yes", "correct": true}
{"task": "pubmedqa", "id": "9722752", "gold": "yes", "pred": "maybe", "correct": false}
{"task": "pubmedqa", "id": "10966943", "gold": "no", "pred": "maybe", "correct": false}
{"task": "pubmedqa", "id": "27217036", "gold": "yes", "pred": "maybe", "correct": false}
{"task": "pubmedqa", "id": "19757704", "gold": "yes", "pred": "yes", "correct": true}
{"task": "pubmedqa", "id": "24599411", "gold": "yes", "pred": "yes", "correct": true}
{"task": "pubmedqa", "id": "19419587", "gold": "yes", "pred": "yes", "correct": true}
{"task": "pubmedqa", "id": "10158597", "gold": "yes", "pred": "yes", "correct": true}
{"task": "pubmedqa", "id": "19394934", "gold": "yes", "pred": "maybe", "correct": false}
{"task": "pubmedqa", "id": "14976655", "gold": "yes", "pred": "maybe", "correct": false}
{"task": "pubmedqa", "id": "26175531", "gold": "no", "pred": "maybe", "correct": false}
{"task": "pubmedqa", "id": "12790890", "gold": "maybe", "pred": "maybe", "correct": true}
{"task": "pubmedqa", "id": "14631523", "gold": "no", "pred": "no", "correct": true}
{"task": "pubmedqa", "id": "15879722", "gold": "yes", "pred": "yes", "correct": true}
{"task": "pubmedqa", "id": "18319270", "gold": "no", "pred": "maybe", "correct": false}
{"task": "pubmedqa", "id": "14612308", "gold": "no", "pred": "yes", "correct": false}
{"task": "pubmedqa", "id": "25488308", "gold": "no", "pred": "yes", "correct": false}
{"task": "pubmedqa", "id": "18802997", "gold": "maybe", "pred": "yes", "correct": false}
{"task": "pubmedqa", "id": "8847047", "gold": "no", "pred": "maybe", "correct": false}
{"task": "pubmedqa", "id": "25255719", "gold": "yes", "pred": "no", "correct": false}
{"task": "pubmedqa", "id": "19852337", "gold": "yes", "pred": "yes", "correct": true}
{"task": "pubmedqa", "id": "2503176", "gold": "yes", "pred": "yes", "correct": true}
{"task": "pubmedqa", "id": "25156467", "gold": "yes", "pred": "yes", "correct": true}
{"task": "pubmedqa", "id": "15483019", "gold": "yes", "pred": "maybe", "correct": false}
{"task": "pubmedqa", "id": "26485091", "gold": "no", "pred": "no", "correct": true}
{"task": "pubmedqa", "id": "23449952", "gold": "no", "pred": "maybe", "correct": false}
{"task": "pubmedqa", "id": "18948835", "gold": "yes", "pred": "yes", "correct": true}
{"task": "pubmedqa", "id": "17089900", "gold": "yes", "pred": "yes", "correct": true}
{"task": "pubmedqa", "id": "18065862", "gold": "yes", "pred": "yes", "correct": true}
{"task": "pubmedqa", "id": "26044262", "gold": "no", "pred": "yes", "correct": false}
{"task": "pubmedqa", "id": "17329379", "gold": "yes", "pred": "yes", "correct": true}
{"task": "pubmedqa", "id": "23264436", "gold": "yes", "pred": "yes", "correct": true}
{"task": "pubmedqa", "id": "23356465", "gold": "yes", "pred": "maybe", "correct": false}
{"task": "pubmedqa", "id": "17276801", "gold": "yes", "pred": "yes", "correct": true}
{"task": "pubmedqa", "id": "19520213", "gold": "no", "pred": "maybe", "correct": false}
{"task": "pubmedqa", "id": "22302658", "gold": "maybe", "pred": "yes", "correct": false}
{"task": "pubmedqa", "id": "11601252", "gold": "yes", "pred": "yes", "correct": true}
{"task": "pubmedqa", "id": "22813804", "gold": "no", "pred": "yes", "correct": false}
{"task": "pubmedqa", "id": "23283159", "gold": "yes", "pred": "yes", "correct": true}
{"task": "pubmedqa", "id": "28143468", "gold": "yes", "pred": "yes", "correct": true}
{"task": "pubmedqa", "id": "20736672", "gold": "maybe", "pred": "yes", "correct": false}
{"task": "pubmedqa", "id": "17483607", "gold": "yes", "pred": "maybe", "correct": false}
{"task": "pubmedqa", "id": "24352924", "gold": "yes", "pred": "maybe", "correct": false}
{"task": "pubmedqa", "id": "23002947", "gold": "no", "pred": "no", "correct": true}
{"task": "pubmedqa", "id": "22519710", "gold": "no", "pred": "maybe", "correct": false}
{"task": "pubmedqa", "id": "23792130", "gold": "yes", "pred": "yes", "correct": true}
{"task": "pubmedqa", "id": "15528969", "gold": "yes", "pred": "yes", "correct": true}
{"task": "pubmedqa", "id": "24666444", "gold": "no", "pred": "maybe", "correct": false}
{"task": "pubmedqa", "id": "22211919", "gold": "maybe", "pred": "yes", "correct": false}
{"task": "pubmedqa", "id": "21368683", "gold": "yes", "pred": "yes", "correct": true}
{"task": "pubmedqa", "id": "9483814", "gold": "yes", "pred": "maybe", "correct": false}
{"task": "pubmedqa", "id": "17295865", "gold": "yes", "pred": "yes", "correct": true}
{"task": "pubmedqa", "id": "15151701", "gold": "yes", "pred": "yes", "correct": true}
{"task": "pubmedqa", "id": "22411435", "gold": "yes", "pred": "maybe", "correct": false}
{"task": "pubmedqa", "id": "20304513", "gold": "no", "pred": "yes", "correct": false}
{"task": "pubmedqa", "id": "15223779", "gold": "yes", "pred": "yes", "correct": true}
{"task": "pubmedqa", "id": "10548670", "gold": "yes", "pred": "no", "correct": false}
{"task": "pubmedqa", "id": "22350859", "gold": "yes", "pred": "maybe", "correct": false}
{"task": "pubmedqa", "id": "18322741", "gold": "yes", "pred": "yes", "correct": true}
{"task": "pubmedqa", "id": "26708803", "gold": "maybe", "pred": "maybe", "correct": true}
{"task": "pubmedqa", "id": "22564465", "gold": "yes", "pred": "maybe", "correct": false}
{"task": "pubmedqa", "id": "18388848", "gold": "yes", "pred": "yes", "correct": true}
{"task": "pubmedqa", "id": "15703931", "gold": "no", "pred": "maybe", "correct": false}
{"task": "pubmedqa", "id": "19643525", "gold": "no", "pred": "no", "correct": true}
{"task": "pubmedqa", "id": "23348330", "gold": "yes", "pred": "yes", "correct": true}
{"task": "pubmedqa", "id": "11138995", "gold": "no", "pred": "maybe", "correct": false}
{"task": "pubmedqa", "id": "19664156", "gold": "yes", "pred": "yes", "correct": true}
{"task": "pubmedqa", "id": "26063028", "gold": "yes", "pred": "yes", "correct": true}
{"task": "pubmedqa", "id": "24739448", "gold": "no", "pred": "maybe", "correct": false}
{"task": "pubmedqa", "id": "23096188", "gold": "yes", "pred": "yes", "correct": true}
{"task": "pubmedqa", "id": "27184293", "gold": "maybe", "pred": "maybe", "correct": true}
{"task": "pubmedqa", "id": "22680064", "gold": "yes", "pred": "yes", "correct": true}
{"task": "pubmedqa", "id": "23735520", "gold": "yes", "pred": "yes", "correct": true}
{"task": "pubmedqa", "id": "15954832", "gold": "yes", "pred": "yes", "correct": true}
{"task": "pubmedqa", "id": "14745753", "gold": "yes", "pred": "maybe", "correct": false}
{"task": "pubmedqa", "id": "23455575", "gold": "no", "pred": "maybe", "correct": false}
{"task": "pubmedqa", "id": "12626177", "gold": "maybe", "pred": "maybe", "correct": true}
{"task": "pubmedqa", "id": "23774337", "gold": "no", "pred": "maybe", "correct": false}
{"task": "pubmedqa", "id": "19925761", "gold": "no", "pred": "no", "correct": true}
{"task": "pubmedqa", "id": "11838307", "gold": "no", "pred": "no", "correct": true}
{"task": "pubmedqa", "id": "21123461", "gold": "yes", "pred": "yes", "correct": true}
{"task": "pubmedqa", "id": "18565233", "gold": "yes", "pred": "maybe", "correct": false}
{"task": "pubmedqa", "id": "23621776", "gold": "no", "pred": "maybe", "correct": false}
{"task": "pubmedqa", "id": "26304701", "gold": "yes", "pred": "yes", "correct": true}
{"task": "pubmedqa", "id": "21900017", "gold": "yes", "pred": "yes", "correct": true}
{"task": "pubmedqa", "id": "22205377", "gold": "yes", "pred": "yes", "correct": true}
{"task": "pubmedqa", "id": "19593710", "gold": "yes", "pred": "yes", "correct": true}
{"task": "pubmedqa", "id": "25985014", "gold": "no", "pred": "maybe", "correct": false}
{"task": "pubmedqa", "id": "19712912", "gold": "no", "pred": "maybe", "correct": false}
{"task": "pubmedqa", "id": "19131405", "gold": "yes", "pred": "yes", "correct": true}
{"task": "pubmedqa", "id": "23587089", "gold": "yes", "pred": "maybe", "correct": false}
{"task": "pubmedqa", "id": "11146778", "gold": "yes", "pred": "no", "correct": false}
{"task": "pubmedqa", "id": "9427037", "gold": "yes", "pred": "yes", "correct": true}
{"task": "pubmedqa", "id": "15787677", "gold": "maybe", "pred": "yes", "correct": false}
{"task": "pubmedqa", "id": "8165771", "gold": "yes", "pred": "yes", "correct": true}
{"task": "pubmedqa", "id": "27287237", "gold": "yes", "pred": "yes", "correct": true}
{"task": "pubmedqa", "id": "16319544", "gold": "no", "pred": "maybe", "correct": false}
{"task": "pubmedqa", "id": "11970923", "gold": "yes", "pred": "maybe", "correct": false}
{"task": "pubmedqa", "id": "15918864", "gold": "yes", "pred": "yes", "correct": true}
{"task": "pubmedqa", "id": "24153338", "gold": "yes", "pred": "yes", "correct": true}
{"task": "pubmedqa", "id": "17179167", "gold": "maybe", "pred": "maybe", "correct": true}
{"task": "pubmedqa", "id": "10473855", "gold": "no", "pred": "maybe", "correct": false}
{"task": "pubmedqa", "id": "10749257", "gold": "yes", "pred": "yes", "correct": true}
{"task": "pubmedqa", "id": "11943048", "gold": "yes", "pred": "yes", "correct": true}
{"task": "pubmedqa", "id": "23806388", "gold": "yes", "pred": "yes", "correct": true}
{"task": "pubmedqa", "id": "24245816", "gold": "yes", "pred": "yes", "correct": true}
{"task": "pubmedqa", "id": "16538201", "gold": "maybe", "pred": "yes", "correct": false}
{"task": "pubmedqa", "id": "26194560", "gold": "yes", "pred": "yes", "correct": true}
{"task": "pubmedqa", "id": "26601554", "gold": "yes", "pred": "yes", "correct": true}
{"task": "pubmedqa", "id": "25957366", "gold": "no", "pred": "maybe", "correct": false}
{"task": "pubmedqa", "id": "17051586", "gold": "no", "pred": "no", "correct": true}
{"task": "pubmedqa", "id": "9278754", "gold": "yes", "pred": "yes", "correct": true}
{"task": "pubmedqa", "id": "24614851", "gold": "yes", "pred": "yes", "correct": true}
{"task": "pubmedqa", "id": "20073599", "gold": "yes", "pred": "yes", "correct": true}
{"task": "pubmedqa", "id": "24061619", "gold": "no", "pred": "maybe", "correct": false}
{"task": "pubmedqa", "id": "24783217", "gold": "yes", "pred": "yes", "correct": true}
{"task": "pubmedqa", "id": "19711462", "gold": "maybe", "pred": "maybe", "correct": true}
{"task": "pubmedqa", "id": "23076787", "gold": "no", "pred": "no", "correct": true}
{"task": "pubmedqa", "id": "21398266", "gold": "yes", "pred": "yes", "correct": true}
{"task": "pubmedqa", "id": "11729377", "gold": "yes", "pred": "no", "correct": false}
{"task": "pubmedqa", "id": "26516021", "gold": "yes", "pred": "yes", "correct": true}
{"task": "pubmedqa", "id": "27338535", "gold": "no", "pred": "maybe", "correct": false}
{"task": "pubmedqa", "id": "24267613", "gold": "no", "pred": "maybe", "correct": false}
{"task": "pubmedqa", "id": "2224269", "gold": "yes", "pred": "maybe", "correct": false}
{"task": "pubmedqa", "id": "10575390", "gold": "no", "pred": "maybe", "correct": false}
{"task": "pubmedqa", "id": "20337202", "gold": "maybe", "pred": "maybe", "correct": true}
{"task": "pubmedqa", "id": "21801416", "gold": "yes", "pred": "yes", "correct": true}
{"task": "pubmedqa", "id": "26820719", "gold": "yes", "pred": "maybe", "correct": false}
{"task": "pubmedqa", "id": "26518378", "gold": "yes", "pred": "yes", "correct": true}
{"task": "pubmedqa", "id": "26907557", "gold": "yes", "pred": "yes", "correct": true}
{"task": "pubmedqa", "id": "24476003", "gold": "no", "pred": "maybe", "correct": false}
{"task": "pubmedqa", "id": "27050505", "gold": "yes", "pred": "yes", "correct": true}
{"task": "pubmedqa", "id": "25859857", "gold": "no", "pred": "maybe", "correct": false}
{"task": "pubmedqa", "id": "20842006", "gold": "no", "pred": "no", "correct": true}
{"task": "pubmedqa", "id": "14978612", "gold": "yes", "pred": "yes", "correct": true}
{"task": "pubmedqa", "id": "15530261", "gold": "yes", "pred": "maybe", "correct": false}
{"task": "pubmedqa", "id": "15995461", "gold": "yes", "pred": "yes", "correct": true}
{"task": "pubmedqa", "id": "21342862", "gold": "yes", "pred": "yes", "correct": true}
{"task": "pubmedqa", "id": "24073931", "gold": "no", "pred": "maybe", "correct": false}
{"task": "pubmedqa", "id": "27281318", "gold": "yes", "pred": "yes", "correct": true}
{"task": "pubmedqa", "id": "15962678", "gold": "yes", "pred": "yes", "correct": true}
{"task": "pubmedqa", "id": "19640728", "gold": "yes", "pred": "yes", "correct": true}
{"task": "pubmedqa", "id": "17910536", "gold": "yes", "pred": "yes", "correct": true}
{"task": "pubmedqa", "id": "17890090", "gold": "yes", "pred": "yes", "correct": true}
{"task": "pubmedqa", "id": "18568290", "gold": "maybe", "pred": "yes", "correct": false}
{"task": "pubmedqa", "id": "11888773", "gold": "no", "pred": "maybe", "correct": false}
{"task": "pubmedqa", "id": "16735905", "gold": "maybe", "pred": "yes", "correct": false}
{"task": "pubmedqa", "id": "21228436", "gold": "yes", "pred": "yes", "correct": true}
{"task": "pubmedqa", "id": "19913785", "gold": "no", "pred": "maybe", "correct": false}
{"task": "pubmedqa", "id": "18239988", "gold": "yes", "pred": "yes", "correct": true}
{"task": "pubmedqa", "id": "19430778", "gold": "yes", "pred": "maybe", "correct": false}
{"task": "pubmedqa", "id": "25406780", "gold": "yes", "pred": "yes", "correct": true}
{"task": "pubmedqa", "id": "24901580", "gold": "yes", "pred": "yes", "correct": true}
{"task": "pubmedqa", "id": "15919266", "gold": "no", "pred": "maybe", "correct": false}
{"task": "pubmedqa", "id": "23949294", "gold": "yes", "pred": "yes", "correct": true}
{"task": "pubmedqa", "id": "1571683", "gold": "maybe", "pred": "yes", "correct": false}
{"task": "pubmedqa", "id": "25443385", "gold": "yes", "pred": "maybe", "correct": false}
{"task": "pubmedqa", "id": "19322056", "gold": "yes", "pred": "yes", "correct": true}
{"task": "pubmedqa", "id": "24977765", "gold": "yes", "pred": "maybe", "correct": false}
{"task": "pubmedqa", "id": "18049437", "gold": "yes", "pred": "maybe", "correct": false}
{"task": "pubmedqa", "id": "24235894", "gold": "no", "pred": "maybe", "correct": false}
{"task": "pubmedqa", "id": "16971978", "gold": "yes", "pred": "yes", "correct": true}
{"task": "pubmedqa", "id": "11034241", "gold": "maybe", "pred": "maybe", "correct": true}
{"task": "pubmedqa", "id": "11053064", "gold": "no", "pred": "yes", "correct": false}
{"task": "pubmedqa", "id": "23240452", "gold": "no", "pred": "maybe", "correct": false}
{"task": "pubmedqa", "id": "11500608", "gold": "no", "pred": "yes", "correct": false}
{"task": "pubmedqa", "id": "24142776", "gold": "yes", "pred": "maybe", "correct": false}
{"task": "pubmedqa", "id": "16414216", "gold": "no", "pred": "no", "correct": true}
{"task": "pubmedqa", "id": "18955431", "gold": "yes", "pred": "yes", "correct": true}
{"task": "pubmedqa", "id": "26209118", "gold": "no", "pred": "maybe", "correct": false}
{"task": "pubmedqa", "id": "23224030", "gold": "yes", "pred": "maybe", "correct": false}
{"task": "pubmedqa", "id": "26363639", "gold": "yes", "pred": "yes", "correct": true}
{"task": "pubmedqa", "id": "16151770", "gold": "yes", "pred": "maybe", "correct": false}
{"task": "pubmedqa", "id": "11340218", "gold": "no", "pred": "maybe", "correct": false}
{"task": "pubmedqa", "id": "26778755", "gold": "maybe", "pred": "yes", "correct": false}
{"task": "pubmedqa", "id": "22491528", "gold": "maybe", "pred": "maybe", "correct": true}
{"task": "pubmedqa", "id": "19575307", "gold": "no", "pred": "maybe", "correct": false}
{"task": "pubmedqa", "id": "28006766", "gold": "yes", "pred": "yes", "correct": true}
{"task": "pubmedqa", "id": "10223070", "gold": "maybe", "pred": "maybe", "correct": true}
{"task": "pubmedqa", "id": "19542542", "gold": "maybe", "pred": "no", "correct": false}
{"task": "pubmedqa", "id": "12070552", "gold": "no", "pred": "no", "correct": true}
{"task": "pubmedqa", "id": "22658587", "gold": "yes", "pred": "yes", "correct": true}
{"task": "pubmedqa", "id": "25787073", "gold": "no", "pred": "no", "correct": true}
{"task": "pubmedqa", "id": "9602458", "gold": "no", "pred": "maybe", "correct": false}
{"task": "pubmedqa", "id": "16713745", "gold": "yes", "pred": "yes", "correct": true}
{"task": "pubmedqa", "id": "12121321", "gold": "yes", "pred": "yes", "correct": true}
{"task": "pubmedqa", "id": "29112560", "gold": "yes", "pred": "maybe", "correct": false}
{"task": "pubmedqa", "id": "26134053", "gold": "maybe", "pred": "maybe", "correct": true}
{"task": "pubmedqa", "id": "8017535", "gold": "yes", "pred": "yes", "correct": true}
{"task": "pubmedqa", "id": "22522271", "gold": "no", "pred": "maybe", "correct": false}
{"task": "pubmedqa", "id": "15112004", "gold": "no", "pred": "maybe", "correct": false}
{"task": "pubmedqa", "id": "17453263", "gold": "yes", "pred": "yes", "correct": true}
{"task": "pubmedqa", "id": "24507422", "gold": "yes", "pred": "yes", "correct": true}
{"task": "pubmedqa", "id": "15841770", "gold": "yes", "pred": "yes", "correct": true}
{"task": "pubmedqa", "id": "15477551", "gold": "yes", "pred": "maybe", "correct": false}
{"task": "pubmedqa", "id": "24318956", "gold": "yes", "pred": "maybe", "correct": false}
{"task": "pubmedqa", "id": "25669733", "gold": "yes", "pred": "yes", "correct": true}
{"task": "pubmedqa", "id": "11566686", "gold": "yes", "pred": "maybe", "correct": false}
{"task": "pubmedqa", "id": "10808977", "gold": "yes", "pred": "yes", "correct": true}
{"task": "pubmedqa", "id": "25274085", "gold": "no", "pred": "yes", "correct": false}
{"task": "pubmedqa", "id": "20101129", "gold": "maybe", "pred": "maybe", "correct": true}
{"task": "pubmedqa", "id": "17919952", "gold": "yes", "pred": "maybe", "correct": false}
{"task": "pubmedqa", "id": "24013712", "gold": "yes", "pred": "yes", "correct": true}
{"task": "pubmedqa", "id": "28196511", "gold": "no", "pred": "maybe", "correct": false}
{"task": "pubmedqa", "id": "18507507", "gold": "yes", "pred": "maybe", "correct": false}
{"task": "pubmedqa", "id": "26452334", "gold": "yes", "pred": "maybe", "correct": false}
{"task": "pubmedqa", "id": "17682349", "gold": "yes", "pred": "yes", "correct": true}
{"task": "pubmedqa", "id": "7482275", "gold": "no", "pred": "maybe", "correct": false}
{"task": "pubmedqa", "id": "22023714", "gold": "no", "pred": "maybe", "correct": false}
{"task": "pubmedqa", "id": "18619710", "gold": "no", "pred": "maybe", "correct": false}
{"task": "pubmedqa", "id": "23149821", "gold": "maybe", "pred": "maybe", "correct": true}
{"task": "pubmedqa", "id": "8521557", "gold": "no", "pred": "no", "correct": true}
{"task": "pubmedqa", "id": "21198823", "gold": "no", "pred": "no", "correct": true}
{"task": "pubmedqa", "id": "8985020", "gold": "yes", "pred": "yes", "correct": true}
{"task": "pubmedqa", "id": "17220021", "gold": "yes", "pred": "maybe", "correct": false}
{"task": "pubmedqa", "id": "22237146", "gold": "yes", "pred": "yes", "correct": true}
{"task": "pubmedqa", "id": "21658267", "gold": "yes", "pred": "maybe", "correct": false}
{"task": "pubmedqa", "id": "19100463", "gold": "yes", "pred": "yes", "correct": true}
{"task": "pubmedqa", "id": "20538207", "gold": "no", "pred": "yes", "correct": false}
{"task": "pubmedqa", "id": "15774570", "gold": "no", "pred": "maybe", "correct": false}
{"task": "pubmedqa", "id": "26867834", "gold": "yes", "pred": "yes", "correct": true}
{"task": "pubmedqa", "id": "10973547", "gold": "no", "pred": "yes", "correct": false}
{"task": "pubmedqa", "id": "25034219", "gold": "no", "pred": "yes", "correct": false}
{"task": "pubmedqa", "id": "20577124", "gold": "yes", "pred": "yes", "correct": true}
{"task": "pubmedqa", "id": "12153648", "gold": "no", "pred": "maybe", "correct": false}
{"task": "pubmedqa", "id": "19230985", "gold": "yes", "pred": "yes", "correct": true}
{"task": "pubmedqa", "id": "22825590", "gold": "yes", "pred": "yes", "correct": true}
{"task": "pubmedqa", "id": "25819796", "gold": "yes", "pred": "maybe", "correct": false}
{"task": "pubmedqa", "id": "27592038", "gold": "yes", "pred": "yes", "correct": true}
{"task": "pubmedqa", "id": "22849512", "gold": "maybe", "pred": "yes", "correct": false}
{"task": "pubmedqa", "id": "22453060", "gold": "yes", "pred": "yes", "correct": true}
{"task": "pubmedqa", "id": "22324545", "gold": "yes", "pred": "yes", "correct": true}
{"task": "pubmedqa", "id": "20602101", "gold": "no", "pred": "no", "correct": true}
{"task": "pubmedqa", "id": "22694248", "gold": "yes", "pred": "yes", "correct": true}
{"task": "pubmedqa", "id": "23870157", "gold": "yes", "pred": "yes", "correct": true}
{"task": "pubmedqa", "id": "11555508", "gold": "yes", "pred": "yes", "correct": true}
{"task": "pubmedqa", "id": "24074624", "gold": "no", "pred": "maybe", "correct": false}
{"task": "pubmedqa", "id": "27050489", "gold": "yes", "pred": "maybe", "correct": false}
{"task": "pubmedqa", "id": "12595848", "gold": "yes", "pred": "yes", "correct": true}
{"task": "pubmedqa", "id": "25752725", "gold": "yes", "pred": "maybe", "correct": false}
{"task": "pubmedqa", "id": "24336869", "gold": "maybe", "pred": "maybe", "correct": true}
{"task": "pubmedqa", "id": "15222284", "gold": "yes", "pred": "yes", "correct": true}
{"task": "pubmedqa", "id": "22440363", "gold": "no", "pred": "no", "correct": true}
{"task": "pubmedqa", "id": "11296674", "gold": "maybe", "pred": "no", "correct": false}
{"task": "pubmedqa", "id": "24019262", "gold": "yes", "pred": "yes", "correct": true}
{"task": "pubmedqa", "id": "21865668", "gold": "yes", "pred": "yes", "correct": true}
{"task": "pubmedqa", "id": "16428354", "gold": "yes", "pred": "yes", "correct": true}
{"task": "pubmedqa", "id": "12947068", "gold": "yes", "pred": "yes", "correct": true}
{"task": "pubmedqa", "id": "22537902", "gold": "no", "pred": "yes", "correct": false}
{"task": "pubmedqa", "id": "25446909", "gold": "yes", "pred": "yes", "correct": true}
{"task": "pubmedqa", "id": "18603989", "gold": "yes", "pred": "yes", "correct": true}
{"task": "pubmedqa", "id": "20488985", "gold": "no", "pred": "maybe", "correct": false}
{"task": "pubmedqa", "id": "20828836", "gold": "yes", "pred": "yes", "correct": true}
{"task": "pubmedqa", "id": "24014276", "gold": "yes", "pred": "yes", "correct": true}
{"task": "pubmedqa", "id": "12848629", "gold": "yes", "pred": "maybe", "correct": false}
{"task": "pubmedqa", "id": "28177278", "gold": "yes", "pred": "yes", "correct": true}
{"task": "pubmedqa", "id": "10811329", "gold": "yes", "pred": "yes", "correct": true}
{"task": "pubmedqa", "id": "17562682", "gold": "maybe", "pred": "maybe", "correct": true}
{"task": "pubmedqa", "id": "20674150", "gold": "yes", "pred": "maybe", "correct": false}
{"task": "pubmedqa", "id": "12805495", "gold": "maybe", "pred": "maybe", "correct": true}
{"task": "pubmedqa", "id": "23448747", "gold": "yes", "pred": "yes", "correct": true}
{"task": "pubmedqa", "id": "15687156", "gold": "no", "pred": "maybe", "correct": false}
{"task": "pubmedqa", "id": "16392897", "gold": "maybe", "pred": "maybe", "correct": true}
{"task": "pubmedqa", "id": "25417760", "gold": "no", "pred": "yes", "correct": false}
{"task": "pubmedqa", "id": "22042121", "gold": "no", "pred": "maybe", "correct": false}
{"task": "pubmedqa", "id": "9140335", "gold": "maybe", "pred": "maybe", "correct": true}
{"task": "pubmedqa", "id": "26200172", "gold": "yes", "pred": "yes", "correct": true}
{"task": "pubmedqa", "id": "16968876", "gold": "maybe", "pred": "yes", "correct": false}
{"task": "pubmedqa", "id": "20354380", "gold": "yes", "pred": "yes", "correct": true}
{"task": "pubmedqa", "id": "27928673", "gold": "yes", "pred": "yes", "correct": true}
{"task": "pubmedqa", "id": "21166749", "gold": "no", "pred": "maybe", "correct": false}
{"task": "pubmedqa", "id": "26852225", "gold": "no", "pred": "yes", "correct": false}
{"task": "pubmedqa", "id": "16147837", "gold": "yes", "pred": "yes", "correct": true}
{"task": "pubmedqa", "id": "18222909", "gold": "yes", "pred": "yes", "correct": true}
{"task": "pubmedqa", "id": "24298614", "gold": "yes", "pred": "maybe", "correct": false}
{"task": "pubmedqa", "id": "11413427", "gold": "no", "pred": "maybe", "correct": false}
{"task": "pubmedqa", "id": "10781708", "gold": "no", "pred": "maybe", "correct": false}
{"task": "pubmedqa", "id": "16772913", "gold": "yes", "pred": "yes", "correct": true}
{"task": "ceval_computer_network", "id": "74", "gold": "B", "pred": "D", "correct": false}
{"task": "ceval_computer_network", "id": "21", "gold": "C", "pred": "C", "correct": true}
{"task": "ceval_computer_network", "id": "4", "gold": "A", "pred": "D", "correct": false}
{"task": "ceval_computer_network", "id": "151", "gold": "C", "pred": "B", "correct": false}
{"task": "ceval_computer_network", "id": "78", "gold": "D", "pred": "C", "correct": false}
{"task": "ceval_computer_network", "id": "108", "gold": "A", "pred": "A", "correct": true}
{"task": "ceval_computer_network", "id": "97", "gold": "B", "pred": "B", "correct": true}
{"task": "ceval_computer_network", "id": "135", "gold": "A", "pred": "A", "correct": true}
{"task": "ceval_computer_network", "id": "91", "gold": "B", "pred": "A", "correct": false}
{"task": "ceval_computer_network", "id": "33", "gold": "A", "pred": "B", "correct": false}
{"task": "ceval_computer_network", "id": "49", "gold": "B", "pred": "B", "correct": true}
{"task": "ceval_computer_network", "id": "68", "gold": "C", "pred": "C", "correct": true}
{"task": "ceval_computer_network", "id": "113", "gold": "D", "pred": "D", "correct": true}
{"task": "ceval_computer_network", "id": "3", "gold": "C", "pred": "A", "correct": false}
{"task": "ceval_computer_network", "id": "56", "gold": "A", "pred": "A", "correct": true}
{"task": "ceval_computer_network", "id": "116", "gold": "B", "pred": "D", "correct": false}
{"task": "ceval_computer_network", "id": "6", "gold": "C", "pred": "C", "correct": true}
{"task": "ceval_computer_network", "id": "27", "gold": "C", "pred": "C", "correct": true}
{"task": "ceval_computer_network", "id": "169", "gold": "D", "pred": "C", "correct": false}
{"task": "ceval_computer_network", "id": "127", "gold": "B", "pred": "D", "correct": false}
{"task": "ceval_computer_network", "id": "107", "gold": "D", "pred": "C", "correct": false}
{"task": "ceval_computer_network", "id": "5", "gold": "D", "pred": "B", "correct": false}
{"task": "ceval_computer_network", "id": "131", "gold": "A", "pred": "A", "correct": true}
{"task": "ceval_computer_network", "id": "110", "gold": "D", "pred": "D", "correct": true}
{"task": "ceval_computer_network", "id": "162", "gold": "A", "pred": "B", "correct": false}
{"task": "ceval_computer_network", "id": "14", "gold": "B", "pred": "B", "correct": true}
{"task": "ceval_computer_network", "id": "52", "gold": "D", "pred": "D", "correct": true}
{"task": "ceval_computer_network", "id": "9", "gold": "D", "pred": "B", "correct": false}
{"task": "ceval_computer_network", "id": "94", "gold": "B", "pred": "D", "correct": false}
{"task": "ceval_computer_network", "id": "44", "gold": "D", "pred": "D", "correct": true}
{"task": "ceval_computer_network", "id": "55", "gold": "B", "pred": "B", "correct": true}
{"task": "ceval_computer_network", "id": "92", "gold": "B", "pred": "B", "correct": true}
{"task": "ceval_computer_network", "id": "142", "gold": "B", "pred": "B", "correct": true}
{"task": "ceval_computer_network", "id": "72", "gold": "C", "pred": "C", "correct": true}
{"task": "ceval_computer_network", "id": "80", "gold": "D", "pred": "D", "correct": true}
{"task": "ceval_computer_network", "id": "152", "gold": "B", "pred": "B", "correct": true}
{"task": "ceval_computer_network", "id": "121", "gold": "C", "pred": "C", "correct": true}
{"task": "ceval_computer_network", "id": "45", "gold": "A", "pred": "B", "correct": false}
{"task": "ceval_computer_network", "id": "123", "gold": "B", "pred": "B", "correct": true}
{"task": "ceval_computer_network", "id": "114", "gold": "C", "pred": "B", "correct": false}
{"task": "ceval_computer_network", "id": "41", "gold": "A", "pred": "A", "correct": true}
{"task": "ceval_computer_network", "id": "46", "gold": "C", "pred": "C", "correct": true}
{"task": "ceval_computer_network", "id": "133", "gold": "D", "pred": "B", "correct": false}
{"task": "ceval_computer_network", "id": "82", "gold": "D", "pred": "B", "correct": false}
{"task": "ceval_computer_network", "id": "86", "gold": "A", "pred": "B", "correct": false}
{"task": "ceval_computer_network", "id": "104", "gold": "A", "pred": "D", "correct": false}
{"task": "ceval_computer_network", "id": "66", "gold": "B", "pred": "D", "correct": false}
{"task": "ceval_computer_network", "id": "25", "gold": "B", "pred": "A", "correct": false}
{"task": "ceval_computer_network", "id": "170", "gold": "A", "pred": "B", "correct": false}
{"task": "ceval_computer_network", "id": "145", "gold": "A", "pred": "D", "correct": false}
{"task": "ceval_computer_network", "id": "10", "gold": "B", "pred": "B", "correct": true}
{"task": "ceval_computer_network", "id": "12", "gold": "A", "pred": "D", "correct": false}
{"task": "ceval_computer_network", "id": "54", "gold": "A", "pred": "A", "correct": true}
{"task": "ceval_computer_network", "id": "168", "gold": "A", "pred": "C", "correct": false}
{"task": "ceval_computer_network", "id": "137", "gold": "B", "pred": "B", "correct": true}
{"task": "ceval_computer_network", "id": "35", "gold": "C", "pred": "C", "correct": true}
{"task": "ceval_computer_network", "id": "73", "gold": "B", "pred": "B", "correct": true}
{"task": "ceval_computer_network", "id": "115", "gold": "C", "pred": "B", "correct": false}
{"task": "ceval_computer_network", "id": "105", "gold": "A", "pred": "A", "correct": true}
{"task": "ceval_computer_network", "id": "75", "gold": "C", "pred": "D", "correct": false}
{"task": "ceval_computer_network", "id": "42", "gold": "B", "pred": "C", "correct": false}
{"task": "ceval_computer_network", "id": "13", "gold": "B", "pred": "B", "correct": true}
{"task": "ceval_computer_network", "id": "47", "gold": "C", "pred": "C", "correct": true}
{"task": "ceval_computer_network", "id": "36", "gold": "C", "pred": "D", "correct": false}
{"task": "ceval_computer_network", "id": "69", "gold": "B", "pred": "B", "correct": true}
{"task": "ceval_computer_network", "id": "39", "gold": "C", "pred": "C", "correct": true}
{"task": "ceval_computer_network", "id": "99", "gold": "D", "pred": "D", "correct": true}
{"task": "ceval_computer_network", "id": "58", "gold": "B", "pred": "A", "correct": false}
{"task": "ceval_computer_network", "id": "70", "gold": "D", "pred": "D", "correct": true}
{"task": "ceval_computer_network", "id": "153", "gold": "B", "pred": "C", "correct": false}
{"task": "ceval_computer_network", "id": "161", "gold": "B", "pred": "D", "correct": false}
{"task": "ceval_computer_network", "id": "19", "gold": "B", "pred": "B", "correct": true}
{"task": "ceval_computer_network", "id": "109", "gold": "A", "pred": "B", "correct": false}
{"task": "ceval_computer_network", "id": "79", "gold": "C", "pred": "C", "correct": true}
{"task": "ceval_computer_network", "id": "15", "gold": "D", "pred": "D", "correct": true}
{"task": "ceval_computer_network", "id": "90", "gold": "A", "pred": "A", "correct": true}
{"task": "ceval_computer_network", "id": "63", "gold": "B", "pred": "B", "correct": true}
{"task": "ceval_computer_network", "id": "30", "gold": "C", "pred": "C", "correct": true}
{"task": "ceval_computer_network", "id": "147", "gold": "B", "pred": "B", "correct": true}
{"task": "ceval_computer_network", "id": "106", "gold": "B", "pred": "B", "correct": true}
{"task": "ceval_computer_network", "id": "18", "gold": "D", "pred": "C", "correct": false}
{"task": "ceval_computer_network", "id": "111", "gold": "D", "pred": "C", "correct": false}
{"task": "ceval_computer_network", "id": "119", "gold": "C", "pred": "C", "correct": true}
{"task": "ceval_computer_network", "id": "160", "gold": "C", "pred": "A", "correct": false}
{"task": "ceval_computer_network", "id": "163", "gold": "D", "pred": "C", "correct": false}
{"task": "ceval_computer_network", "id": "57", "gold": "B", "pred": "B", "correct": true}
{"task": "ceval_computer_network", "id": "117", "gold": "A", "pred": "A", "correct": true}
{"task": "ceval_computer_network", "id": "7", "gold": "A", "pred": "D", "correct": false}
{"task": "ceval_computer_network", "id": "136", "gold": "B", "pred": "B", "correct": true}
{"task": "ceval_computer_network", "id": "53", "gold": "C", "pred": "B", "correct": false}
{"task": "ceval_computer_network", "id": "50", "gold": "B", "pred": "A", "correct": false}
{"task": "ceval_computer_network", "id": "2", "gold": "C", "pred": "C", "correct": true}
{"task": "ceval_computer_network", "id": "20", "gold": "D", "pred": "D", "correct": true}
{"task": "ceval_computer_network", "id": "28", "gold": "C", "pred": "D", "correct": false}
{"task": "ceval_computer_network", "id": "1", "gold": "D", "pred": "D", "correct": true}
{"task": "ceval_computer_network", "id": "77", "gold": "B", "pred": "D", "correct": false}
{"task": "ceval_computer_network", "id": "83", "gold": "A", "pred": "B", "correct": false}
{"task": "ceval_computer_network", "id": "159", "gold": "B", "pred": "B", "correct": true}
{"task": "ceval_computer_network", "id": "156", "gold": "C", "pred": "C", "correct": true}
{"task": "ceval_computer_network", "id": "11", "gold": "A", "pred": "A", "correct": true}
{"task": "ceval_computer_network", "id": "141", "gold": "C", "pred": "D", "correct": false}
{"task": "ceval_computer_network", "id": "164", "gold": "D", "pred": "D", "correct": true}
{"task": "ceval_computer_network", "id": "48", "gold": "B", "pred": "B", "correct": true}
{"task": "ceval_computer_network", "id": "62", "gold": "A", "pred": "A", "correct": true}
{"task": "ceval_computer_network", "id": "24", "gold": "C", "pred": "D", "correct": false}
{"task": "ceval_computer_network", "id": "84", "gold": "B", "pred": "D", "correct": false}
{"task": "ceval_computer_network", "id": "143", "gold": "C", "pred": "D", "correct": false}
{"task": "ceval_computer_network", "id": "100", "gold": "D", "pred": "D", "correct": true}
{"task": "ceval_computer_network", "id": "29", "gold": "B", "pred": "D", "correct": false}
{"task": "ceval_computer_network", "id": "158", "gold": "B", "pred": "B", "correct": true}
{"task": "ceval_computer_network", "id": "88", "gold": "D", "pred": "D", "correct": true}
{"task": "ceval_computer_network", "id": "148", "gold": "C", "pred": "B", "correct": false}
{"task": "ceval_computer_network", "id": "67", "gold": "D", "pred": "D", "correct": true}
{"task": "ceval_computer_network", "id": "95", "gold": "C", "pred": "C", "correct": true}
{"task": "ceval_computer_network", "id": "98", "gold": "A", "pred": "B", "correct": false}
{"task": "ceval_computer_network", "id": "149", "gold": "B", "pred": "B", "correct": true}
{"task": "ceval_computer_network", "id": "154", "gold": "B", "pred": "B", "correct": true}
{"task": "ceval_computer_network", "id": "61", "gold": "B", "pred": "C", "correct": false}
{"task": "ceval_computer_network", "id": "138", "gold": "C", "pred": "C", "correct": true}
{"task": "ceval_computer_network", "id": "130", "gold": "A", "pred": "A", "correct": true}
{"task": "ceval_computer_network", "id": "120", "gold": "B", "pred": "A", "correct": false}
{"task": "ceval_computer_network", "id": "102", "gold": "D", "pred": "D", "correct": true}
{"task": "ceval_computer_network", "id": "34", "gold": "A", "pred": "A", "correct": true}
{"task": "ceval_computer_network", "id": "81", "gold": "D", "pred": "D", "correct": true}
{"task": "ceval_computer_network", "id": "96", "gold": "A", "pred": "A", "correct": true}
{"task": "ceval_computer_network", "id": "16", "gold": "C", "pred": "C", "correct": true}
{"task": "ceval_computer_network", "id": "118", "gold": "C", "pred": "C", "correct": true}
{"task": "ceval_computer_network", "id": "26", "gold": "D", "pred": "D", "correct": true}
{"task": "ceval_computer_network", "id": "167", "gold": "C", "pred": "C", "correct": true}
{"task": "ceval_computer_network", "id": "0", "gold": "C", "pred": "C", "correct": true}
{"task": "ceval_computer_network", "id": "89", "gold": "A", "pred": "C", "correct": false}
{"task": "ceval_computer_network", "id": "126", "gold": "B", "pred": "A", "correct": false}
{"task": "ceval_computer_network", "id": "43", "gold": "C", "pred": "C", "correct": true}
{"task": "ceval_computer_network", "id": "139", "gold": "C", "pred": "C", "correct": true}
{"task": "ceval_computer_network", "id": "38", "gold": "B", "pred": "B", "correct": true}
{"task": "ceval_computer_network", "id": "65", "gold": "D", "pred": "B", "correct": false}
{"task": "ceval_computer_network", "id": "129", "gold": "A", "pred": "A", "correct": true}
{"task": "ceval_computer_network", "id": "85", "gold": "B", "pred": "B", "correct": true}
{"task": "ceval_computer_network", "id": "101", "gold": "C", "pred": "C", "correct": true}
{"task": "ceval_computer_network", "id": "150", "gold": "C", "pred": "B", "correct": false}
{"task": "ceval_computer_network", "id": "64", "gold": "B", "pred": "C", "correct": false}
{"task": "ceval_computer_network", "id": "124", "gold": "C", "pred": "C", "correct": true}
{"task": "ceval_computer_network", "id": "32", "gold": "C", "pred": "C", "correct": true}
{"task": "ceval_computer_network", "id": "17", "gold": "B", "pred": "C", "correct": false}
{"task": "ceval_computer_network", "id": "125", "gold": "D", "pred": "D", "correct": true}
{"task": "ceval_computer_network", "id": "40", "gold": "C", "pred": "D", "correct": false}
{"task": "ceval_computer_network", "id": "76", "gold": "B", "pred": "D", "correct": false}
{"task": "ceval_computer_network", "id": "93", "gold": "D", "pred": "D", "correct": true}
{"task": "ceval_computer_network", "id": "157", "gold": "B", "pred": "B", "correct": true}
{"task": "ceval_computer_network", "id": "51", "gold": "D", "pred": "D", "correct": true}
{"task": "ceval_computer_network", "id": "166", "gold": "A", "pred": "A", "correct": true}
{"task": "ceval_computer_network", "id": "165", "gold": "B", "pred": "D", "correct": false}
{"task": "ceval_computer_network", "id": "37", "gold": "C", "pred": "D", "correct": false}
{"task": "ceval_computer_network", "id": "132", "gold": "A", "pred": "D", "correct": false}
{"task": "ceval_computer_network", "id": "155", "gold": "A", "pred": "B", "correct": false}
{"task": "ceval_computer_network", "id": "122", "gold": "C", "pred": "C", "correct": true}
{"task": "ceval_computer_network", "id": "146", "gold": "D", "pred": "B", "correct": false}
{"task": "ceval_computer_network", "id": "144", "gold": "A", "pred": "B", "correct": false}
{"task": "ceval_computer_network", "id": "103", "gold": "C", "pred": "C", "correct": true}
{"task": "ceval_computer_network", "id": "140", "gold": "B", "pred": "B", "correct": true}
{"task": "ceval_computer_network", "id": "8", "gold": "A", "pred": "B", "correct": false}
{"task": "ceval_computer_network", "id": "128", "gold": "C", "pred": "C", "correct": true}
{"task": "ceval_computer_network", "id": "60", "gold": "C", "pred": "B", "correct": false}
{"task": "ceval_computer_network", "id": "22", "gold": "D", "pred": "D", "correct": true}
{"task": "ceval_computer_network", "id": "31", "gold": "C", "pred": "B", "correct": false}
{"task": "ceval_computer_network", "id": "59", "gold": "D", "pred": "D", "correct": true}
{"task": "ceval_computer_network", "id": "71", "gold": "B", "pred": "B", "correct": true}
{"task": "ceval_computer_network", "id": "134", "gold": "A", "pred": "A", "correct": true}
{"task": "ceval_computer_network", "id": "112", "gold": "A", "pred": "A", "correct": true}
{"task": "ceval_computer_network", "id": "23", "gold": "A", "pred": "A", "correct": true}
{"task": "ceval_computer_network", "id": "87", "gold": "D", "pred": "D", "correct": true}
{
  "pubmedqa": {
    "accuracy": 0.5566666666666666,
    "n": 300,
    "seconds": 225.85081505775452,
    "peak_mem_gb": 15.495072841644287
  },
  "ceval_computer_network": {
    "accuracy": 0.5847953216374269,
    "n": 171,
    "seconds": 66.55040979385376,
    "peak_mem_gb": 15.150043487548828
  }
}
