[solid_v2] waiting for 32-step baseline...
[solid_v2] waiting for 32-step baseline...
[solid_v2] waiting for 32-step baseline...
[solid_v2] waiting for 32-step baseline...
[solid_v2] waiting for 32-step baseline...
[solid_v2] waiting for 32-step baseline...
[solid_v2] waiting for 32-step baseline...
[solid_v2] waiting for 32-step baseline...
[solid_v2] waiting for 32-step baseline...
[solid_v2] waiting for 32-step baseline...
[solid_v2] waiting for 32-step baseline...
[solid_v2] waiting for 32-step baseline...
[solid_v2] waiting for 32-step baseline...
[solid_v2] waiting for 32-step baseline...
[solid_v2] waiting for 32-step baseline...
[solid_v2] waiting for 32-step baseline...
[solid_v2] waiting for 32-step baseline...
[solid_v2] waiting for 32-step baseline...
[solid_v2] waiting for 32-step baseline...
[solid_v2] waiting for 32-step baseline...
[solid_v2] waiting for 32-step baseline...
[solid_v2] waiting for 32-step baseline...
[solid_v2] waiting for 32-step baseline...
[solid_v2] waiting for 32-step baseline...
[solid_v2] waiting for 32-step baseline...
[solid_v2] waiting for 32-step baseline...
[solid_v2] waiting for 32-step baseline...
[solid_v2] waiting for 32-step baseline...
[solid_v2] waiting for 32-step baseline...
[solid_v2] waiting for 32-step baseline...
[solid_v2] waiting for 32-step baseline...
[solid_v2] waiting for 32-step baseline...
[solid_v2] waiting for 32-step baseline...
[solid_v2] waiting for 32-step baseline...
[solid_v2] waiting for 32-step baseline...
[solid_v2] waiting for 32-step baseline...
[solid_v2] waiting for 32-step baseline...
[solid_v2] waiting for 32-step baseline...
[solid_v2] waiting for 32-step baseline...
[solid_v2] waiting for 32-step baseline...
[solid_v2] waiting for 32-step baseline...
[solid_v2] waiting for 32-step baseline...
[solid_v2] waiting for 32-step baseline...
[solid_v2] waiting for 32-step baseline...
[solid_v2] waiting for 32-step baseline...
[solid_v2] waiting for 32-step baseline...
[solid_v2] waiting for 32-step baseline...
[solid_v2] waiting for 32-step baseline...
[solid_v2] waiting for 32-step baseline...
[solid_v2] waiting for 32-step baseline...
[solid_v2] running results/domain_shift/task_aware/solid_v2/raw/llada8b_forward_aware_wino_cqa_limit1000_seed23.json
[solid_v2] running results/domain_shift/task_aware/solid_v2/raw/llada8b_calibrated_sweep_t060_wino_cqa_limit500_seed23.json
[solid_v2] running results/domain_shift/task_aware/solid_v2/raw/llada8b_calibrated_sweep_t065_wino_cqa_limit500_seed23.json
[solid_v2] running results/domain_shift/task_aware/solid_v2/raw/llada8b_calibrated_sweep_t070_wino_cqa_limit500_seed23.json
[solid_v2] running results/domain_shift/task_aware/solid_v2/raw/llada8b_calibrated_sweep_t075_wino_cqa_limit500_seed23.json
[solid_v2] running results/domain_shift/task_aware/solid_v2/raw/llada8b_calibrated_sweep_t080_wino_cqa_limit500_seed23.json
[solid_v2] running results/domain_shift/task_aware/solid_v2/raw/llada8b_8step_boundary_pubmed_ceval_limit300_seed23.json
[solid_v2] running results/domain_shift/task_aware/solid_v2/raw/llada8b_32step_boundary_pubmed_ceval_limit300_seed23.json
[solid_v2] running results/domain_shift/task_aware/solid_v2/raw/llada8b_calibrated_boundary_pubmed_ceval_limit300_seed23.json
[solid_v2] all queued experiments completed
